$ bun run build-assets.mjs && rolldown -c
<DIR>/lod.fragment-CVAS6n5U.js                                   chunk │ size:     0.07 kB
<DIR>/lod.fragment-oN1NaBmx.js                                   chunk │ size:     0.07 kB
<DIR>/lodCube.fragment-Bw2jCVcS.js                               chunk │ size:     0.07 kB
<DIR>/lodCube.fragment-pCLCnawo.js                               chunk │ size:     0.07 kB
<DIR>/oitBackBlend.fragment-B3ovJqE9.js                          chunk │ size:     0.08 kB
<DIR>/oitBackBlend.fragment-Bdt1_A3w.js                          chunk │ size:     0.08 kB
<DIR>/iblGenerateVoxelMip.fragment-B2SMghK1.js                   chunk │ size:     0.09 kB
<DIR>/iblGenerateVoxelMip.fragment-CFr2-edQ.js                   chunk │ size:     0.09 kB
<DIR>/fluidRenderingRender.fragment-7r-DCWCH.js                  chunk │ size:     0.09 kB
<DIR>/fluidRenderingRender.fragment-Dgmck1is.js                  chunk │ size:     0.09 kB
<DIR>/iblCombineVoxelGrids.fragment-CUHpdGPv.js                  chunk │ size:     0.09 kB
<DIR>/iblCombineVoxelGrids.fragment-D-RHa8f1.js                  chunk │ size:     0.09 kB
<DIR>/fluidRenderingStandardBlur.fragment-CL2k_BZq.js            chunk │ size:     0.09 kB
<DIR>/fluidRenderingStandardBlur.fragment-D6wvfy0J.js            chunk │ size:     0.09 kB
<DIR>/copyTexture3DLayerToTexture.fragment-CBMww_PH.js           chunk │ size:     0.09 kB
<DIR>/copyTexture3DLayerToTexture.fragment-DRE5gy0s.js           chunk │ size:     0.09 kB
<DIR>/fluidRenderingBilateralBlur.fragment-Bfz_nlHg.js           chunk │ size:     0.09 kB
<DIR>/fluidRenderingBilateralBlur.fragment-DTle4Z8x.js           chunk │ size:     0.09 kB
<DIR>/fluidRenderingParticleDiffuse.fragment-BZDyMA75.js         chunk │ size:     0.10 kB
<DIR>/fluidRenderingParticleDiffuse.fragment-BfeaUYYy.js         chunk │ size:     0.10 kB
<DIR>/fresnelFunction-ClPEw-VG.js                                chunk │ size:     0.10 kB
<DIR>/typeStore-CRJ0mabQ.js                                      chunk │ size:     0.10 kB
<DIR>/fresnelFunction-e4ypZpwc.js                                chunk │ size:     0.10 kB
<DIR>/mesh.vertexData.functions-DT-2toQJ.js                      chunk │ size:     0.10 kB
<DIR>/rgbdDecode.fragment-CXpi95sm.js                            chunk │ size:     0.11 kB
<DIR>/rgbdDecode.fragment-J7xQxDJL.js                            chunk │ size:     0.11 kB
<DIR>/rgbdEncode.fragment-BQmCM33G.js                            chunk │ size:     0.11 kB
<DIR>/rgbdEncode.fragment-eT5kHJ99.js                            chunk │ size:     0.11 kB
<DIR>/bonesVertex-BuyJEJTy.js                                    chunk │ size:     0.12 kB
<DIR>/bumpFragment-B2MsrQfn.js                                   chunk │ size:     0.12 kB
<DIR>/lightFragment-BSwiUSLs.js                                  chunk │ size:     0.12 kB
<DIR>/shadowsVertex-Dqe3fTMz.js                                  chunk │ size:     0.12 kB
<DIR>/taa.fragment-Cq4cXFQb.js                                   chunk │ size:     0.12 kB
<DIR>/bonesVertex-COGCuUOr.js                                    chunk │ size:     0.12 kB
<DIR>/copyTextureToTexture.fragment-Bn3iZDM1.js                  chunk │ size:     0.12 kB
<DIR>/copyTextureToTexture.fragment-CyFuPwcs.js                  chunk │ size:     0.12 kB
<DIR>/fxaa.fragment-BYl8v7Lq.js                                  chunk │ size:     0.13 kB
<DIR>/fxaa.vertex-DqoYbjIk.js                                    chunk │ size:     0.13 kB
<DIR>/pass.fragment-BOWMCNek.js                                  chunk │ size:     0.13 kB
<DIR>/bumpFragment-BPPIZUMB.js                                   chunk │ size:     0.13 kB
<DIR>/clipPlaneVertex-DxLVReHF.js                                chunk │ size:     0.13 kB
<DIR>/helperFunctions-DVeIylea.js                                chunk │ size:     0.13 kB
<DIR>/tgaTextureLoader-Dp9V4DRh.js                               chunk │ size:     0.13 kB
<DIR>/layer.vertex-zS4_l7et.js                                   chunk │ size:     0.13 kB
<DIR>/ssao2.fragment-DvYM5Du_.js                                 chunk │ size:     0.13 kB
<DIR>/lightFragment-__BXTyPg.js                                  chunk │ size:     0.13 kB
<DIR>/shadowsVertex-BvSzBfFE.js                                  chunk │ size:     0.13 kB
<DIR>/bonesDeclaration-CUm63OkS.js                               chunk │ size:     0.13 kB
<DIR>/packingFunctions-CkV3YxVV.js                               chunk │ size:     0.13 kB
<DIR>/taa.fragment-zNTFH5M6.js                                   chunk │ size:     0.13 kB
<DIR>/filter.fragment-DNkBFwl5.js                                chunk │ size:     0.13 kB
<DIR>/clipPlaneFragment-BNlGquSP.js                              chunk │ size:     0.13 kB
<DIR>/fxaa.fragment-D5Oxs5bg.js                                  chunk │ size:     0.13 kB
<DIR>/fxaa.vertex-D2ybrPDP.js                                    chunk │ size:     0.13 kB
<DIR>/gaussianSplatting-D9ntGNUv.js                              chunk │ size:     0.13 kB
<DIR>/objectIdFunctions-BLod8PoL.js                              chunk │ size:     0.13 kB
<DIR>/pass.fragment-9XT3HRud.js                                  chunk │ size:     0.13 kB
<DIR>/shadowMapFragment-DLQxcKp_.js                              chunk │ size:     0.13 kB
<DIR>/iblCdfx.fragment-DUcQOTrB.js                               chunk │ size:     0.13 kB
<DIR>/sharpen.fragment-HPzpPYKa.js                               chunk │ size:     0.13 kB
<DIR>/tonemap.fragment-DrFyVqvr.js                               chunk │ size:     0.13 kB
<DIR>/clipPlaneVertex-CPUt4LXL.js                                chunk │ size:     0.14 kB
<DIR>/helperFunctions-zxcOnyLy.js                                chunk │ size:     0.14 kB
<DIR>/harmonicsFunctions-DYUhtPCE.js                             chunk │ size:     0.14 kB
<DIR>/layer.vertex-CRlAX3LG.js                                   chunk │ size:     0.14 kB
<DIR>/morphTargetsVertex-7qzm4t7i.js                             chunk │ size:     0.14 kB
<DIR>/reflectionFunction-D2FLbnyP.js                             chunk │ size:     0.14 kB
<DIR>/ssao2.fragment-D996oFXI.js                                 chunk │ size:     0.14 kB
<DIR>/anaglyph.fragment-y62ihRDX.js                              chunk │ size:     0.14 kB
<DIR>/passCube.fragment-BJ4zXlYt.js                              chunk │ size:     0.14 kB
<DIR>/bonesDeclaration-gSfXRAVv.js                               chunk │ size:     0.14 kB
<DIR>/packingFunctions-BmZZoWwS.js                               chunk │ size:     0.14 kB
<DIR>/filter.fragment-b2c8st8u.js                                chunk │ size:     0.14 kB
<DIR>/lightUboDeclaration-Df7UcXyV.js                            chunk │ size:     0.14 kB
<DIR>/logDepthDeclaration-Bkvu2YHI.js                            chunk │ size:     0.14 kB
<DIR>/lensFlare.fragment-pC9R2sq3.js                             chunk │ size:     0.14 kB
<DIR>/lensFlare.vertex-CnQeMlSh.js                               chunk │ size:     0.14 kB
<DIR>/clipPlaneFragment-CWsG-nWd.js                              chunk │ size:     0.14 kB
<DIR>/gaussianSplatting-CeWJve-Q.js                              chunk │ size:     0.14 kB
<DIR>/objectIdFunctions-BHoMTy08.js                              chunk │ size:     0.14 kB
<DIR>/shadowMapFragment-BL1mLTc3.js                              chunk │ size:     0.14 kB
<DIR>/iblCdfx.fragment-CQzTc658.js                               chunk │ size:     0.14 kB
<DIR>/iblCdfy.fragment-DgHFEJWZ.js                               chunk │ size:     0.14 kB
<DIR>/iesTextureLoader-CblfmDnX.js                               chunk │ size:     0.14 kB
<DIR>/sharpen.fragment-yZBe1mtt.js                               chunk │ size:     0.14 kB
<DIR>/tonemap.fragment-D4Ts5Pt9.js                               chunk │ size:     0.14 kB
<DIR>/bloomMerge.fragment-Bqq7h-G8.js                            chunk │ size:     0.14 kB
<DIR>/lightProxy.fragment-DNsYAFjK.js                            chunk │ size:     0.14 kB
<DIR>/motionBlur.fragment-Yg4Nz5bv.js                            chunk │ size:     0.14 kB
<DIR>/procedural.vertex-CPjsDTO9.js                              chunk │ size:     0.14 kB
<DIR>/harmonicsFunctions-DiRWRIA5.js                             chunk │ size:     0.14 kB
<DIR>/morphTargetsVertex-DTUdDuIg.js                             chunk │ size:     0.14 kB
<DIR>/reflectionFunction-CW1u5mix.js                             chunk │ size:     0.14 kB
<DIR>/anaglyph.fragment-iZKVxUs3.js                              chunk │ size:     0.15 kB
<DIR>/lightVxUboDeclaration-z9qy3S1M.js                          chunk │ size:     0.15 kB
<DIR>/passCube.fragment-DR_L-Tg5.js                              chunk │ size:     0.15 kB
<DIR>/shadowMapVertexMetric-hLWZ_eqW.js                          chunk │ size:     0.15 kB
<DIR>/convolution.fragment-CVstFy6H.js                           chunk │ size:     0.15 kB
<DIR>/displayPass.fragment-2etwNule.js                           chunk │ size:     0.15 kB
<DIR>/greasedLine.fragment-DFoinfGZ.js                           chunk │ size:     0.15 kB
<DIR>/iblCdfDebug.fragment-DA67xP2t.js                           chunk │ size:     0.15 kB
<DIR>/minmaxRedux.fragment-D61t2fWl.js                           chunk │ size:     0.15 kB
<DIR>/postprocess.vertex-DY1GZkrg.js                             chunk │ size:     0.15 kB
<DIR>/ssaoCombine.fragment-Bh4p-mOy.js                           chunk │ size:     0.15 kB
<DIR>/lightUboDeclaration-BOlu0CwY.js                            chunk │ size:     0.15 kB
<DIR>/logDepthDeclaration-CxohCOXl.js                            chunk │ size:     0.15 kB
<DIR>/clearQuad.fragment-BoH5jkpY.js                             chunk │ size:     0.15 kB
<DIR>/clearQuad.vertex-mEFAR7Yx.js                               chunk │ size:     0.15 kB
<DIR>/fogFragmentDeclaration-CXIisOXe.js                         chunk │ size:     0.15 kB
<DIR>/lensFlare.fragment-c4j4x7cL.js                             chunk │ size:     0.15 kB
<DIR>/lensFlare.vertex-CdUDn8xR.js                               chunk │ size:     0.15 kB
<DIR>/depthBoxBlur.fragment-8jPLdfxq.js                          chunk │ size:     0.15 kB
<DIR>/glowMapMerge.fragment-C52f6s9u.js                          chunk │ size:     0.15 kB
<DIR>/glowMapMerge.vertex-CzZb3fHA.js                            chunk │ size:     0.15 kB
<DIR>/hdrFiltering.vertex-DRRH69iB.js                            chunk │ size:     0.15 kB
<DIR>/bloomMerge.fragment-9zBKHZuA.js                            chunk │ size:     0.15 kB
<DIR>/lightProxy.fragment-BI7nDRup.js                            chunk │ size:     0.15 kB
<DIR>/motionBlur.fragment-COAXHoQQ.js                            chunk │ size:     0.15 kB
<DIR>/procedural.vertex-DMrPlnbL.js                              chunk │ size:     0.15 kB
<DIR>/bilateralBlur.fragment-Bzh7lKxv.js                         chunk │ size:     0.15 kB
<DIR>/blackAndWhite.fragment-AcmfJtYu.js                         chunk │ size:     0.15 kB
<DIR>/lightVxUboDeclaration-DKcoDNrX.js                          chunk │ size:     0.15 kB
<DIR>/shadowMapVertexMetric-7zk8i4Az.js                          chunk │ size:     0.15 kB
<DIR>/convolution.fragment-DQbOjFn1.js                           chunk │ size:     0.15 kB
<DIR>/displayPass.fragment-BJawoaI-.js                           chunk │ size:     0.15 kB
<DIR>/greasedLine.fragment-CiP8lhvr.js                           chunk │ size:     0.15 kB
<DIR>/iblCdfDebug.fragment-B7SCmh1F.js                           chunk │ size:     0.15 kB
<DIR>/imageProcessingFunctions-D_0wO8d_.js                       chunk │ size:     0.15 kB
<DIR>/lightFragmentDeclaration-B-B1UZ_F.js                       chunk │ size:     0.15 kB
<DIR>/minmaxRedux.fragment-BA66Jnyu.js                           chunk │ size:     0.15 kB
<DIR>/morphTargetsVertexGlobal-Ca-iZJIS.js                       chunk │ size:     0.15 kB
<DIR>/postprocess.vertex-DZP9eK15.js                             chunk │ size:     0.15 kB
<DIR>/shadowsFragmentFunctions-WZjwBCMF.js                       chunk │ size:     0.15 kB
<DIR>/ssaoCombine.fragment-Ds0_AXgD.js                           chunk │ size:     0.15 kB
<DIR>/fogFragmentDeclaration-D-ozRkbM.js                         chunk │ size:     0.16 kB
<DIR>/bumpFragmentMainFunctions-DMHbrVrQ.js                      chunk │ size:     0.16 kB
<DIR>/depthBoxBlur.fragment-CrAP5EVk.js                          chunk │ size:     0.16 kB
<DIR>/glowMapMerge.fragment-CL7hzLXQ.js                          chunk │ size:     0.16 kB
<DIR>/glowMapMerge.vertex-G8noKFqB.js                            chunk │ size:     0.16 kB
<DIR>/hdrFiltering.vertex-DLde7x9D.js                            chunk │ size:     0.16 kB
<DIR>/abstractAudioBus-DjPI324_.js                               chunk │ size:     0.16 kB
<DIR>/colorCorrection.fragment-C5zN5EfV.js                       chunk │ size:     0.16 kB
<DIR>/bilateralBlur.fragment-DltG15GX.js                         chunk │ size:     0.16 kB
<DIR>/blackAndWhite.fragment-B9YIdrqq.js                         chunk │ size:     0.16 kB
<DIR>/clipPlaneVertexDeclaration-BbW0GwdV.js                     chunk │ size:     0.16 kB
<DIR>/imageProcessingDeclaration-Ut0EJz9e.js                     chunk │ size:     0.16 kB
<DIR>/lightVxFragmentDeclaration-Dy-R_MSo.js                     chunk │ size:     0.16 kB
<DIR>/imageProcessingFunctions-stdb9sMJ.js                       chunk │ size:     0.16 kB
<DIR>/morphTargetsVertexGlobal-C5x1ATFB.js                       chunk │ size:     0.16 kB
<DIR>/shadowsFragmentFunctions-BhHAWH18.js                       chunk │ size:     0.16 kB
<DIR>/circleOfConfusion.fragment-BTNUJijJ.js                     chunk │ size:     0.16 kB
<DIR>/depthOfFieldMerge.fragment-C20k5JeT.js                     chunk │ size:     0.16 kB
<DIR>/bumpFragmentMainFunctions-BDGR_CWA.js                      chunk │ size:     0.17 kB
<DIR>/clipPlaneFragmentDeclaration-Cq5bhFf1.js                   chunk │ size:     0.17 kB
<DIR>/colorCorrection.fragment-Bnm3xO2F.js                       chunk │ size:     0.17 kB
<DIR>/grain.fragment-K9b-6NmX.js                                 chunk │ size:     0.17 kB
<DIR>/guid-BZKiJT6K.js                                           chunk │ size:     0.17 kB
<DIR>/layer.fragment-BAbf2DHh.js                                 chunk │ size:     0.17 kB
<DIR>/clipPlaneVertexDeclaration-BWnL-L55.js                     chunk │ size:     0.17 kB
<DIR>/imageProcessingDeclaration-2cVesJCK.js                     chunk │ size:     0.17 kB
<DIR>/morphTargetsVertexDeclaration-CTsNJgcN.js                  chunk │ size:     0.17 kB
<DIR>/chromaticAberration.fragment-B-pflpV1.js                   chunk │ size:     0.17 kB
<DIR>/glowBlurPostProcess.fragment-BnLr8Eqx.js                   chunk │ size:     0.17 kB
<DIR>/circleOfConfusion.fragment-PjfQGNGR.js                     chunk │ size:     0.17 kB
<DIR>/depthOfFieldMerge.fragment-CWswVfi9.js                     chunk │ size:     0.17 kB
<DIR>/iblCdfy.fragment-C_Yi0je2.js                               chunk │ size:     0.17 kB
<DIR>/iblIcdf.fragment-DvQKZZpI.js                               chunk │ size:     0.17 kB
<DIR>/bilateralBlurQuality.fragment-CFEC6XrV.js                  chunk │ size:     0.17 kB
<DIR>/iblShadowSpatialBlur.fragment-Dtx8Ii2u.js                  chunk │ size:     0.17 kB
<DIR>/screenSpaceCurvature.fragment-BUI0e0sW.js                  chunk │ size:     0.17 kB
<DIR>/clipPlaneFragmentDeclaration-BwV9hPxO.js                   chunk │ size:     0.17 kB
<DIR>/grain.fragment-DdcByDf5.js                                 chunk │ size:     0.17 kB
<DIR>/layer.fragment-BTtlm0hL.js                                 chunk │ size:     0.17 kB
<DIR>/iblShadowAccumulation.fragment-u4mjzlrp.js                 chunk │ size:     0.18 kB
<DIR>/rsmGlobalIllumination.fragment-CCbO6tWT.js                 chunk │ size:     0.18 kB
<DIR>/morphTargetsVertexDeclaration-DeYrRJuA.js                  chunk │ size:     0.18 kB
<DIR>/boundingBoxRenderer.fragment-DIsiy4ge.js                   chunk │ size:     0.18 kB
<DIR>/boundingBoxRenderer.vertex-DwnzeRtQ.js                     chunk │ size:     0.18 kB
<DIR>/chromaticAberration.fragment-CNyqBWNS.js                   chunk │ size:     0.18 kB
<DIR>/glowBlurPostProcess.fragment-BgoIcDiN.js                   chunk │ size:     0.18 kB
<DIR>/hdrIrradianceFiltering.vertex-B5UwP_tb.js                  chunk │ size:     0.18 kB
<DIR>/vrDistortionCorrection.fragment-CqU47cNn.js                chunk │ size:     0.18 kB
<DIR>/iblIcdf.fragment-DwsWzQvQ.js                               chunk │ size:     0.18 kB
<DIR>/bilateralBlurQuality.fragment-C8bxlp9p.js                  chunk │ size:     0.18 kB
<DIR>/iblShadowSpatialBlur.fragment-O8cVHZOT.js                  chunk │ size:     0.18 kB
<DIR>/gaussianSplattingVertexDeclaration-Cy57eD1q.js             chunk │ size:     0.18 kB
<DIR>/iblShadowAccumulation.fragment-MlSkvA63.js                 chunk │ size:     0.18 kB
<DIR>/rsmGlobalIllumination.fragment-BZIZ-tej.js                 chunk │ size:     0.18 kB
<DIR>/hdrIrradianceFiltering.vertex-Db7Xhe82.js                  chunk │ size:     0.19 kB
<DIR>/morphTargetsVertexGlobalDeclaration-CcBO4YAw.js            chunk │ size:     0.19 kB
<DIR>/vrDistortionCorrection.fragment-84vU9EUb.js                chunk │ size:     0.19 kB
<DIR>/rsmFullGlobalIllumination.fragment-ZezcnewM.js             chunk │ size:     0.19 kB
<DIR>/volumetricLightScattering.fragment-CDLmHqKY.js             chunk │ size:     0.19 kB
<DIR>/screenSpaceReflection2Blur.fragment-_MdbBxWE.js            chunk │ size:     0.19 kB
<DIR>/gaussianSplattingVertexDeclaration-DHjXlU8s.js             chunk │ size:     0.19 kB
<DIR>/bumpFragmentFunctions--25U5Fir.js                          chunk │ size:     0.19 kB
<DIR>/fluidRenderingParticleDepth.fragment-Dea86fdq.js           chunk │ size:     0.19 kB
<DIR>/fluidRenderingParticleDepth.vertex-C3txLhkW.js             chunk │ size:     0.19 kB
<DIR>/iblVoxelGrid.fragment-CTmgPGOe.js                          chunk │ size:     0.19 kB
<DIR>/kernelBlur.vertex-CjqfJyVs.js                              chunk │ size:     0.19 kB
<DIR>/morphTargetsVertexGlobalDeclaration-t3Ieovbj.js            chunk │ size:     0.20 kB
<DIR>/rsmFullGlobalIllumination.fragment-Cis1F-bb.js             chunk │ size:     0.20 kB
<DIR>/shadowMapFragmentSoftTransparentShadow-CxECdmju.js         chunk │ size:     0.20 kB
<DIR>/volumetricLightScattering.fragment-CpqZRr92.js             chunk │ size:     0.20 kB
<DIR>/screenSpaceReflection2Blur.fragment-Bs5Gc_X1.js            chunk │ size:     0.20 kB
<DIR>/volumetricLightScatteringPass.fragment-w8A6TWMm.js         chunk │ size:     0.20 kB
<DIR>/bumpFragmentFunctions-C462Oegb.js                          chunk │ size:     0.20 kB
<DIR>/extractHighlights.fragment-C-faeJ-4.js                     chunk │ size:     0.20 kB
<DIR>/fluidRenderingParticleDepth.fragment-CgblMihG.js           chunk │ size:     0.20 kB
<DIR>/fluidRenderingParticleDepth.vertex-B0rJuXSs.js             chunk │ size:     0.20 kB
<DIR>/kernelBlur.vertex-CW_lD8d9.js                              chunk │ size:     0.20 kB
<DIR>/iblVoxelGrid.fragment-DZIYyewi.js                          chunk │ size:     0.20 kB
<DIR>/shadowMapFragmentSoftTransparentShadow-PE_6q1Oz.js         chunk │ size:     0.20 kB
<DIR>/iblScaledLuminance.fragment-iF1xOdln.js                    chunk │ size:     0.21 kB
<DIR>/fluidRenderingParticleThickness.fragment-C2r84cKm.js       chunk │ size:     0.21 kB
<DIR>/fluidRenderingParticleThickness.vertex-cEZdmQ4Z.js         chunk │ size:     0.21 kB
<DIR>/volumetricLightScatteringPass.fragment-DmFALufj.js         chunk │ size:     0.21 kB
<DIR>/extractHighlights.fragment-BDgKYVWZ.js                     chunk │ size:     0.21 kB
<DIR>/iblScaledLuminance.fragment-B7iWFowK.js                    chunk │ size:     0.21 kB
<DIR>/fluidRenderingParticleThickness.fragment-D5IVRFfC.js       chunk │ size:     0.21 kB
<DIR>/fluidRenderingParticleThickness.vertex-C0jvuWX-.js         chunk │ size:     0.21 kB
<DIR>/iblShadowVoxelTracing.fragment-WN1KOeRZ.js                 chunk │ size:     0.21 kB
<DIR>/precisionDate-6IANmnYE.js                                  chunk │ size:     0.22 kB
<DIR>/flowGraphExecutionBlockWithOutSignal-DXF8KG8A.js           chunk │ size:     0.22 kB
<DIR>/iblShadowVoxelTracing.fragment-BQUUExaj.js                 chunk │ size:     0.22 kB
<DIR>/boundingBoxRenderer.fragment-CVgybH1s.js                   chunk │ size:     0.23 kB
<DIR>/boundingBoxRenderer.vertex-CgX94pwA.js                     chunk │ size:     0.23 kB
<DIR>/greasedLine.vertex-BkFCL1cq.js                             chunk │ size:     0.23 kB
<DIR>/kernelBlur.fragment-7JqnHiB2.js                            chunk │ size:     0.23 kB
<DIR>/fogVertex-DVrTJ4F0.js                                      chunk │ size:     0.24 kB
<DIR>/kernelBlur.fragment-5sRN3Cqp.js                            chunk │ size:     0.24 kB
<DIR>/lightsFragmentFunctions-OavDxwoZ.js                        chunk │ size:     0.24 kB
<DIR>/lightProxy.vertex-jqe8Y-po.js                              chunk │ size:     0.24 kB
<DIR>/lightsFragmentFunctions-DKIHGZmF.js                        chunk │ size:     0.25 kB
<DIR>/kernelBlurVaryingDeclaration-qanFiz7_.js                   chunk │ size:     0.25 kB
<DIR>/fogVertexDeclaration-DK8Lknjq.js                           chunk │ size:     0.25 kB
<DIR>/meshVertexDeclaration-CUUJ-Ncr.js                          chunk │ size:     0.26 kB
<DIR>/sprites.vertex-unO0TahA.js                                 chunk │ size:     0.26 kB
<DIR>/depth.fragment-CdFniW-j.js                                 chunk │ size:     0.26 kB
<DIR>/gaussianSplattingFragmentDeclaration-DWWiISBN.js           chunk │ size:     0.26 kB
<DIR>/sprites.vertex-BQzTQGHI.js                                 chunk │ size:     0.26 kB
<DIR>/depth.fragment-BKfmdXrP.js                                 chunk │ size:     0.27 kB
<DIR>/mainUVVaryingDeclaration-uYscJRMX.js                       chunk │ size:     0.27 kB
<DIR>/kernelBlurVaryingDeclaration-CcJG1jFy.js                   chunk │ size:     0.27 kB
<DIR>/fogVertexDeclaration-DJ_Ghx3E.js                           chunk │ size:     0.27 kB
<DIR>/hdrFiltering.fragment-DWYebwi7.js                          chunk │ size:     0.27 kB
<DIR>/gaussianSplattingFragmentDeclaration-Be7J_a2l.js           chunk │ size:     0.27 kB
<DIR>/pointCloudVertex-ClVQOyWH.js                               chunk │ size:     0.28 kB
<DIR>/webAudioMainBus-DVePfy28.js                                chunk │ size:     0.28 kB
<DIR>/hdrFiltering.fragment-BfP0sHs2.js                          chunk │ size:     0.28 kB
<DIR>/lightProxy.vertex-DDC6nAlt.js                              chunk │ size:     0.28 kB
<DIR>/mainUVVaryingDeclaration-BatedmcD.js                       chunk │ size:     0.28 kB
<DIR>/imageProcessing.fragment-B0nyVBuv.js                       chunk │ size:     0.29 kB
<DIR>/glowMapGeneration.fragment-BaikiyZr.js                     chunk │ size:     0.29 kB
<DIR>/oitBackBlend.fragment-Ba1MwNTT.js                          chunk │ size:     0.29 kB
<DIR>/iblDominantDirection.fragment-DBTTo3oB.js                  chunk │ size:     0.29 kB
<DIR>/sprites.fragment-BmqSBY4j.js                               chunk │ size:     0.29 kB
<DIR>/morphTargetsVertexGlobal-Rq0PQw-Y.js                       chunk │ size:     0.30 kB
<DIR>/line.fragment-BRZfTQ63.js                                  chunk │ size:     0.30 kB
<DIR>/color.fragment-u5GR3BHw.js                                 chunk │ size:     0.30 kB
<DIR>/screenSpaceReflection2.fragment-CgdnVjBu.js                chunk │ size:     0.30 kB
<DIR>/logDepthFragment-DwbFEBwL.js                               chunk │ size:     0.30 kB
<DIR>/hdrIrradianceFiltering.fragment-DZt2UIgN.js                chunk │ size:     0.30 kB
<DIR>/imageProcessing.fragment-Chm9x3n9.js                       chunk │ size:     0.30 kB
<DIR>/glowMapGeneration.fragment-BeLpInz1.js                     chunk │ size:     0.30 kB
<DIR>/iblDominantDirection.fragment-4CAAgpFS.js                  chunk │ size:     0.30 kB
<DIR>/sprites.fragment-CTOlYoFF.js                               chunk │ size:     0.30 kB
<DIR>/subSurfaceScatteringFunctions-Doi9_MQn.js                  chunk │ size:     0.30 kB
<DIR>/line.fragment-B5wt6qQV.js                                  chunk │ size:     0.31 kB
<DIR>/color.fragment-DmxKrae-.js                                 chunk │ size:     0.31 kB
<DIR>/outline.fragment-BH0s258x.js                               chunk │ size:     0.31 kB
<DIR>/screenSpaceReflection2.fragment-Bgislumd.js                chunk │ size:     0.31 kB
<DIR>/logDepthDeclaration-CkXNr0I3.js                            chunk │ size:     0.31 kB
<DIR>/hdrIrradianceFiltering.fragment-CGupdwDA.js                chunk │ size:     0.31 kB
<DIR>/shadowMap.fragment-BvxSC8cs.js                             chunk │ size:     0.31 kB
<DIR>/morphTargetsVertexGlobal-BH4JubuF.js                       chunk │ size:     0.31 kB
<DIR>/meshUboDeclaration-CHilobMt.js                             chunk │ size:     0.31 kB
<DIR>/outline.fragment-mXkIVaJz.js                               chunk │ size:     0.31 kB
<DIR>/logDepthDeclaration-DIfdhIzH.js                            chunk │ size:     0.32 kB
<DIR>/fogFragment-cpGVdchY.js                                    chunk │ size:     0.32 kB
<DIR>/greasedLine.vertex-Bp5ixCF8.js                             chunk │ size:     0.32 kB
<DIR>/shadowMap.fragment-CFC2pB_H.js                             chunk │ size:     0.32 kB
<DIR>/subSurfaceScatteringFunctions-BuiW8kaz.js                  chunk │ size:     0.32 kB
<DIR>/oitFinalSimpleBlend.fragment-YBkLlC6f.js                   chunk │ size:     0.32 kB
<DIR>/clearQuad.fragment-CYUYO8Zq.js                             chunk │ size:     0.32 kB
<DIR>/hdrTextureLoader-DZS93oNq.js                               chunk │ size:     0.33 kB
<DIR>/domManagement-0w7i31im.js                                  chunk │ size:     0.33 kB
<DIR>/pass.fragment-aComjjT7.js                                  chunk │ size:     0.33 kB
<DIR>/screenSpaceReflection2BlurCombiner.fragment-BYJG3NaN.js    chunk │ size:     0.33 kB
<DIR>/logDepthVertex-CoF74Tsk.js                                 chunk │ size:     0.34 kB
<DIR>/screenSpaceReflection2BlurCombiner.fragment-BJADTLnO.js    chunk │ size:     0.34 kB
<DIR>/logDepthFragment-CcLsUjlX.js                               chunk │ size:     0.35 kB
<DIR>/fogFragment-CMf-6dwo.js                                    chunk │ size:     0.35 kB
<DIR>/fogVertex-B60TXrLZ.js                                      chunk │ size:     0.36 kB
<DIR>/oitBackBlend.fragment-BF98alon.js                          chunk │ size:     0.36 kB
<DIR>/fluidRenderingParticleDiffuse.fragment-CF3u3Wwn.js         chunk │ size:     0.36 kB
<DIR>/flowGraphUnaryOperationBlock-Dd-oyF-X.js                   chunk │ size:     0.36 kB
<DIR>/sceneVertexDeclaration-CvQroMaO.js                         chunk │ size:     0.37 kB
<DIR>/lightProxy.fragment-CSfZogB9.js                            chunk │ size:     0.37 kB
<DIR>/displayPass.fragment-BLnfNy79.js                           chunk │ size:     0.37 kB
<DIR>/bumpVertexDeclaration-DfDk7PIr.js                          chunk │ size:     0.38 kB
<DIR>/flowGraphDelayRegistry-GIetbVE-.js                         chunk │ size:     0.38 kB
<DIR>/meshUboDeclaration-HOuTYpvg.js                             chunk │ size:     0.38 kB
<DIR>/particles.vertex-BghsCNfV.js                               chunk │ size:     0.38 kB
<DIR>/shadowMapFragmentSoftTransparentShadow-BVJTQbXn.js         chunk │ size:     0.38 kB
<DIR>/engineStore-a63awSOr.js                                    chunk │ size:     0.39 kB
<DIR>/oitFinalSimpleBlend.fragment-DjDFIcP0.js                   chunk │ size:     0.39 kB
<DIR>/particles.vertex-C4z1OzpG.js                               chunk │ size:     0.39 kB
<DIR>/gaussianSplattingVertexDeclaration-8-nKL5I2.js             chunk │ size:     0.39 kB
<DIR>/iblVoxelGrid.vertex-D1zl5Gg1.js                            chunk │ size:     0.39 kB
<DIR>/sceneUboDeclaration-BT2qQBZS.js                            chunk │ size:     0.40 kB
<DIR>/flowGraphKeyUpEventBlock.pure-DvR5Xw1s.js                  chunk │ size:     0.40 kB
<DIR>/keyboardEvents-cEsMBt4P.js                                 chunk │ size:     0.40 kB
<DIR>/sceneFragmentDeclaration-D9eNzf7x.js                       chunk │ size:     0.40 kB
<DIR>/logDepthVertex-Vg3FdGJ3.js                                 chunk │ size:     0.41 kB
<DIR>/fresnelFunction-ozTywvyz.js                                chunk │ size:     0.41 kB
<DIR>/decalFragment-BciHDstC.js                                  chunk │ size:     0.42 kB
<DIR>/shadowMapFragmentSoftTransparentShadow-D0LIrji3.js         chunk │ size:     0.42 kB
<DIR>/gaussianSplattingUboDeclaration-DG6uBOy7.js                chunk │ size:     0.42 kB
<DIR>/pbrMaterialLoadingAdapter-CarxQPJP.js                      chunk │ size:     0.43 kB
<DIR>/fresnelFunction-B1rFSYTH.js                                chunk │ size:     0.43 kB
<DIR>/bumpVertexDeclaration-uHyRmaFc.js                          chunk │ size:     0.43 kB
<DIR>/flowGraphBinaryOperationBlock-h_YAN3E1.js                  chunk │ size:     0.43 kB
<DIR>/fluidRenderingParticleDiffuse.fragment-BcYiglWp.js         chunk │ size:     0.44 kB
<DIR>/glowMapMerge.vertex-ByC8F0OE.js                            chunk │ size:     0.45 kB
<DIR>/boundingBoxRenderer.fragment-BIWgRTSE.js                   chunk │ size:     0.45 kB
<DIR>/copyTexture3DLayerToTexture.fragment-C7qo9VzO.js           chunk │ size:     0.45 kB
<DIR>/line.vertex-DxETzFHd.js                                    chunk │ size:     0.46 kB
<DIR>/gaussianSplattingVertexDeclaration-BdVDmppf.js             chunk │ size:     0.46 kB
<DIR>/filter.fragment-CwEOwp2S.js                                chunk │ size:     0.46 kB
<DIR>/lensFlare.fragment-BSF0dmTA.js                             chunk │ size:     0.46 kB
<DIR>/line.vertex-BIE-_PRM.js                                    chunk │ size:     0.46 kB
<DIR>/vertexColorMixing-zhpcA_md.js                              chunk │ size:     0.46 kB
<DIR>/ktxTextureLoader-BNVBqjRK.js                               chunk │ size:     0.47 kB
<DIR>/pass.fragment-ClvvRJ9A.js                                  chunk │ size:     0.47 kB
<DIR>/fluidRenderingParticleThickness.fragment-DL6gTG_e.js       chunk │ size:     0.47 kB
<DIR>/gaussianSplattingFragmentDeclaration-RBUo67Hu.js           chunk │ size:     0.47 kB
<DIR>/sceneUboDeclaration-DY2RXE4p.js                            chunk │ size:     0.47 kB
<DIR>/postprocess.vertex-DnrEbL_i.js                             chunk │ size:     0.47 kB
<DIR>/shaderStore-Bbv5S7zS.js                                    chunk │ size:     0.48 kB
<DIR>/flowGraphTernaryOperationBlock-BECLCfNU.js                 chunk │ size:     0.48 kB
<DIR>/rgbdEncode.fragment-DDEXjKEn.js                            chunk │ size:     0.48 kB
<DIR>/thinEngine.pure-DHSGMPUF.js                                chunk │ size:     0.49 kB
<DIR>/lensFlare.vertex-DuGVI8vQ.js                               chunk │ size:     0.49 kB
<DIR>/procedural.vertex-iGQGfCWg.js                              chunk │ size:     0.49 kB
<DIR>/rgbdDecode.fragment-DCh8d0zH.js                            chunk │ size:     0.49 kB
<DIR>/objectIdFunctions-DOJgF9XI.js                              chunk │ size:     0.50 kB
<DIR>/bloomMerge.fragment-Dq05CXW7.js                            chunk │ size:     0.50 kB
<DIR>/copyTexture3DLayerToTexture.fragment-ADMSGZS5.js           chunk │ size:     0.50 kB
<DIR>/decalFragment-B7j_YAVc.js                                  chunk │ size:     0.51 kB
<DIR>/iblCdfx.fragment-CxAD0LNt.js                               chunk │ size:     0.51 kB
<DIR>/boundingBoxRendererUboDeclaration-DI9QDXVF.js              chunk │ size:     0.51 kB
<DIR>/objectIdFunctions-BUuFG5Uu.js                              chunk │ size:     0.52 kB
<DIR>/hdrFiltering.vertex-p7q3g04G.js                            chunk │ size:     0.52 kB
<DIR>/performanceConfigurator-DHuTG53e.js                        chunk │ size:     0.52 kB
<DIR>/particles.fragment-Bm9NM6FV.js                             chunk │ size:     0.53 kB
<DIR>/color.vertex-BWkp_ffT.js                                   chunk │ size:     0.53 kB
<DIR>/exrTextureLoader-CFKB9YHB.js                               chunk │ size:     0.53 kB
<DIR>/particles.fragment-D6Gtswwt.js                             chunk │ size:     0.53 kB
<DIR>/lod.fragment-CMzRB1-T.js                                   chunk │ size:     0.54 kB
<DIR>/blackAndWhite.fragment-DPnE2Tcq.js                         chunk │ size:     0.54 kB
<DIR>/displayPass.fragment-OFj_ZOJN.js                           chunk │ size:     0.54 kB
<DIR>/flowGraphGLTFDataProvider-CaAQXKWv.js                      chunk │ size:     0.54 kB
<DIR>/hdrIrradianceFiltering.vertex-B9PRGPr5.js                  chunk │ size:     0.54 kB
<DIR>/gaussianSplattingFragmentDeclaration-BuTrn3Ni.js           chunk │ size:     0.54 kB
<DIR>/iblVoxelGrid.vertex-CETsIbma.js                            chunk │ size:     0.54 kB
<DIR>/bumpVertex-c1cGdyqo.js                                     chunk │ size:     0.55 kB
<DIR>/anaglyph.fragment-a5vjItfU.js                              chunk │ size:     0.55 kB
<DIR>/depthBoxBlur.fragment-rk3UTT51.js                          chunk │ size:     0.55 kB
<DIR>/clipPlaneFragmentDeclaration-DQrK_O7q.js                   chunk │ size:     0.55 kB
<DIR>/flowGraphCodeExecutionBlock-Djn7oVIt.js                    chunk │ size:     0.56 kB
<DIR>/fluidRenderingParticleThickness.fragment-BBDKpjNd.js       chunk │ size:     0.56 kB
<DIR>/packingFunctions-DSnLqo17.js                               chunk │ size:     0.56 kB
<DIR>/clearQuad.vertex-CvoxnTh1.js                               chunk │ size:     0.56 kB
<DIR>/clipPlaneFragmentDeclaration-DNFZxUOQ.js                   chunk │ size:     0.56 kB
<DIR>/glowMapMerge.vertex-DebLja8q.js                            chunk │ size:     0.56 kB
<DIR>/volumetricLightScatteringPass.fragment-C_lAiyR6.js         chunk │ size:     0.57 kB
<DIR>/webAudioBus-Kb_-L5aP.js                                    chunk │ size:     0.57 kB
<DIR>/flowGraphGLTFDataProvider-OIdSx_zW.js                      chunk │ size:     0.58 kB
<DIR>/iblCdfx.fragment-CJoL_YFi.js                               chunk │ size:     0.58 kB
<DIR>/lod3D.fragment-BLPXJ803.js                                 chunk │ size:     0.58 kB
<DIR>/flowGraphCodeExecutionBlock-BJgKpTwa.js                    chunk │ size:     0.58 kB
<DIR>/ssaoCombine.fragment-DKLU2h6o.js                           chunk │ size:     0.59 kB
<DIR>/color.vertex-Dt6jwnSn.js                                   chunk │ size:     0.59 kB
<DIR>/layer.vertex-C_tI-7EX.js                                   chunk │ size:     0.59 kB
<DIR>/volumetricLightScatteringPass.vertex-BBd-04Tn.js           chunk │ size:     0.60 kB
<DIR>/packingFunctions-Bh6UvL46.js                               chunk │ size:     0.60 kB
<DIR>/vertexColorMixing-DinHmaEw.js                              chunk │ size:     0.60 kB
<DIR>/webAudioSoundSource-F97vp31E.js                            chunk │ size:     0.60 kB
<DIR>/clipPlaneVertex-BU7LslnC.js                                chunk │ size:     0.60 kB
<DIR>/postprocess.vertex-C13Y55Hq.js                             chunk │ size:     0.60 kB
<DIR>/flowGraphGetSoundVolumeBlock.pure-CGIHQZ1T.js              chunk │ size:     0.60 kB
<DIR>/lensFlare.vertex-82cBifpo.js                               chunk │ size:     0.61 kB
<DIR>/flowGraphInteger.pure-ZRG2GekI.js                          chunk │ size:     0.61 kB
<DIR>/lensFlare.fragment-CQH3W5XI.js                             chunk │ size:     0.61 kB
<DIR>/flowGraphIsSoundPlayingBlock.pure-Bhp7GIl2.js              chunk │ size:     0.62 kB
<DIR>/lod.fragment-dfyBVQET.js                                   chunk │ size:     0.62 kB
<DIR>/filter.fragment-BjQvqXiy.js                                chunk │ size:     0.62 kB
<DIR>/rgbdEncode.fragment-lrSaeypg.js                            chunk │ size:     0.62 kB
<DIR>/flowGraphObjectReferenceBlock-3HSzY0qJ.js                  chunk │ size:     0.63 kB
<DIR>/flowGraphObjectReferenceBlock-Bk3_okJg.js                  chunk │ size:     0.63 kB
<DIR>/procedural.vertex-DUOOJXJC.js                              chunk │ size:     0.63 kB
<DIR>/flowGraphPauseAnimationBlock.pure-Mz_4VJIn.js              chunk │ size:     0.63 kB
<DIR>/rgbdDecode.fragment-BNp26Pz9.js                            chunk │ size:     0.63 kB
<DIR>/flowGraphContextBlock.pure-Da8wmAUi.js                     chunk │ size:     0.64 kB
<DIR>/flowGraphIndexOfBlock.pure-nm48EQrr.js                     chunk │ size:     0.64 kB
<DIR>/flowGraphConstantBlock.pure-D2-ZyMmi.js                    chunk │ size:     0.65 kB
<DIR>/flowGraphSequenceBlock.pure-Ci8kAG9b.js                    chunk │ size:     0.65 kB
<DIR>/glowMapGeneration.vertex-BEs5LepE.js                       chunk │ size:     0.65 kB
<DIR>/depth.vertex-KwHl2h30.js                                   chunk │ size:     0.65 kB
<DIR>/iblVoxelOpacityAtomicMax-BAvPN-5p.js                       chunk │ size:     0.66 kB
<DIR>/volumetricLightScatteringPass.vertex-DWAOWkDc.js           chunk │ size:     0.66 kB
<DIR>/flowGraphGetVariableBlock.pure-tzAhaUZJ.js                 chunk │ size:     0.66 kB
<DIR>/flowGraphUnsupportedInteractivityBlock-DKQtCs75.js         chunk │ size:     0.66 kB
<DIR>/flowGraphIsKeyPressedBlock.pure-D_mlF7-T.js                chunk │ size:     0.67 kB
<DIR>/flowGraphConstantBlock.pure-CUJSe0gm.js                    chunk │ size:     0.67 kB
<DIR>/flowGraphKeyDownEventBlock.pure-BnKvBhAH.js                chunk │ size:     0.67 kB
<DIR>/flowGraphStopSoundBlock.pure-rD9klMBh.js                   chunk │ size:     0.67 kB
<DIR>/depth.vertex-fxlek97p.js                                   chunk │ size:     0.67 kB
<DIR>/hdrFiltering.vertex-BY6lY-qG.js                            chunk │ size:     0.67 kB
<DIR>/flowGraphGetVariableBlock.pure-B50pCCjl.js                 chunk │ size:     0.68 kB
<DIR>/flowGraphConditionalDataBlock.pure-BzCEwy1q.js             chunk │ size:     0.68 kB
<DIR>/fluidRenderingStandardBlur.fragment-F7s5On7l.js            chunk │ size:     0.68 kB
<DIR>/lightProxy.fragment-vcKj4atD.js                            chunk │ size:     0.68 kB
<DIR>/flowGraphBranchBlock.pure-syjFlSJQ.js                      chunk │ size:     0.68 kB
<DIR>/flowGraphBranchBlock.pure-Fx_KuyoU.js                      chunk │ size:     0.68 kB
<DIR>/flowGraphEventReferenceBlock-hIFM-Z6z.js                   chunk │ size:     0.68 kB
<DIR>/iblCombineVoxelGrids.fragment-DleXRPYT.js                  chunk │ size:     0.69 kB
<DIR>/morphTargetsVertexDeclaration-CdwvJHd2.js                  chunk │ size:     0.69 kB
<DIR>/flowGraphContextBlock.pure-CjMeN6NU.js                     chunk │ size:     0.69 kB
<DIR>/flowGraphFunctionReferenceBlock.pure-x0q8Ef15.js           chunk │ size:     0.69 kB
<DIR>/flowGraphFlipFlopBlock.pure-DYG3cqmO.js                    chunk │ size:     0.69 kB
<DIR>/hdrIrradianceFiltering.vertex-CJ6pEIQ2.js                  chunk │ size:     0.69 kB
<DIR>/outline.vertex-DR5wbUwd.js                                 chunk │ size:     0.70 kB
<DIR>/flowGraphMultiGateBlock.pure-IgG-GN16.js                   chunk │ size:     0.70 kB
<DIR>/backgroundUboDeclaration-D0MqcAYi.js                       chunk │ size:     0.70 kB
<DIR>/devTools-EMb-72wb.js                                       chunk │ size:     0.70 kB
<DIR>/clipPlaneVertexDeclaration-D0jCuiNt.js                     chunk │ size:     0.70 kB
<DIR>/geometry.fragment-CnRDNUNe.js                              chunk │ size:     0.70 kB
<DIR>/blackAndWhite.fragment-BmZ1R6Ds.js                         chunk │ size:     0.70 kB
<DIR>/webAudioStaticSound-Bqp0S5b1.js                            chunk │ size:     0.71 kB
<DIR>/glowMapGeneration.vertex-BxSuQ0ru.js                       chunk │ size:     0.71 kB
<DIR>/volumetricLightScatteringPass.fragment-DNkyDvc-.js         chunk │ size:     0.71 kB
<DIR>/flowGraphEasingBlock.pure-DkxjNQSM.js                      chunk │ size:     0.71 kB
<DIR>/flowGraphGetPropertyBlock.pure-B6mV83vB.js                 chunk │ size:     0.71 kB
<DIR>/samplerFragmentDeclaration-CVRxC3g0.js                     chunk │ size:     0.71 kB
<DIR>/extractHighlights.fragment-Bqdz3xSU.js                     chunk │ size:     0.72 kB
<DIR>/backgroundUboDeclaration-uPas-wlB.js                       chunk │ size:     0.72 kB
<DIR>/lod3D.fragment-B-DJ2qfV.js                                 chunk │ size:     0.72 kB
<DIR>/flowGraphArrayIndexBlock.pure-B9PxpMoe.js                  chunk │ size:     0.72 kB
<DIR>/flowGraphBezierCurveEasingBlock.pure-DMW2TQpW.js           chunk │ size:     0.72 kB
<DIR>/flowGraphDataSwitchBlock.pure-BKUH_Ddj.js                  chunk │ size:     0.72 kB
<DIR>/flowGraphDoNBlock.pure-LDxCrh2a.js                         chunk │ size:     0.73 kB
<DIR>/flowGraphGetPhysicsMassPropertiesBlock.pure-CjNd9IJN.js    chunk │ size:     0.73 kB
<DIR>/bumpVertex-B-bcro0t.js                                     chunk │ size:     0.73 kB
<DIR>/flowGraphPauseSoundBlock.pure-De7FErWF.js                  chunk │ size:     0.73 kB
<DIR>/depthBoxBlur.fragment-D69pSyEc.js                          chunk │ size:     0.73 kB
<DIR>/flowGraphGetSoundVolumeBlock.pure-BtXaSLE6.js              chunk │ size:     0.73 kB
<DIR>/flowGraphIsSoundPlayingBlock.pure-DZWY5rzP.js              chunk │ size:     0.73 kB
<DIR>/layer.vertex-Ts8MNhFh.js                                   chunk │ size:     0.73 kB
<DIR>/flowGraphTransformCoordinatesSystemBlock.pure-CkiSsxU-.js  chunk │ size:     0.74 kB
<DIR>/geometry.vertex-DoSzj70A.js                                chunk │ size:     0.74 kB
<DIR>/flowGraphAsyncExecutionBlock-iWfSlFMB.js                   chunk │ size:     0.74 kB
<DIR>/flowGraphEventBlock-DMA4Oyp9.js                            chunk │ size:     0.74 kB
<DIR>/clipPlaneVertexDeclaration-FV5WMbTW.js                     chunk │ size:     0.74 kB
<DIR>/morphTargetsVertexDeclaration-BMQe33GT.js                  chunk │ size:     0.74 kB
<DIR>/flowGraphGetLinearVelocityBlock.pure-B-5pOYOt.js           chunk │ size:     0.74 kB
<DIR>/flowGraphJsonPointerParserBlock.pure-Cq24IO2i.js           chunk │ size:     0.74 kB
<DIR>/flowGraphSwitchBlock.pure-CzlP0CwS.js                      chunk │ size:     0.75 kB
<DIR>/flowGraphWaitAllBlock.pure-divcYXN1.js                     chunk │ size:     0.75 kB
<DIR>/flowGraphGetAngularVelocityBlock.pure-Cq_eJdRV.js          chunk │ size:     0.75 kB
<DIR>/clipPlaneVertex-CkJnhxJm.js                                chunk │ size:     0.75 kB
<DIR>/clipPlaneFragment-BXOA6-Qy.js                              chunk │ size:     0.75 kB
<DIR>/flowGraphDebounceBlock.pure-IvlaP7zJ.js                    chunk │ size:     0.75 kB
<DIR>/flowGraphThrottleBlock.pure-BeoaLr8r.js                    chunk │ size:     0.75 kB
<DIR>/flowGraphCounterBlock.pure--SoynjMP.js                     chunk │ size:     0.75 kB
<DIR>/bloomMerge.fragment-BtpKrjyy.js                            chunk │ size:     0.75 kB
<DIR>/flowGraphGetAssetBlock.pure-BaxY9bay.js                    chunk │ size:     0.75 kB
<DIR>/flowGraphPlaySoundBlock.pure-DFcVQ67z.js                   chunk │ size:     0.76 kB
<DIR>/flowGraphStopSoundBlock.pure-BmiyrECZ.js                   chunk │ size:     0.76 kB
<DIR>/flowGraphWhileLoopBlock.pure-DV5WWeIZ.js                   chunk │ size:     0.76 kB
<DIR>/boundingBoxRenderer.fragment-CyhRY-Ht.js                   chunk │ size:     0.76 kB
<DIR>/outline.vertex-DnF4VQlu.js                                 chunk │ size:     0.76 kB
<DIR>/flowGraphApplyForceBlock.pure--w863Jxy.js                  chunk │ size:     0.76 kB
<DIR>/flowGraphConsoleLogBlock.pure-czoP-Zwf.js                  chunk │ size:     0.76 kB
<DIR>/flowGraphPauseSoundBlock.pure-CyGveZIo.js                  chunk │ size:     0.76 kB
<DIR>/anaglyph.fragment-B-_0Xzna.js                              chunk │ size:     0.76 kB
<DIR>/drawWrapper-0NLIcCL1.js                                    chunk │ size:     0.76 kB
<DIR>/flowGraphAssetsContext-DZ5Z7V9m.js                         chunk │ size:     0.77 kB
<DIR>/flowGraphSetPropertyBlock.pure-JB4JQL8x.js                 chunk │ size:     0.77 kB
<DIR>/flowGraphSetVariableBlock.pure-Cx-ce0Zx.js                 chunk │ size:     0.77 kB
<DIR>/iblCopyVoxelBufferToGrid.compute-7Sx5lZL-.js               chunk │ size:     0.77 kB
<DIR>/flowGraphApplyImpulseBlock.pure-ph3_kWKw.js                chunk │ size:     0.77 kB
<DIR>/samplerFragmentDeclaration-BsKV2Xgr.js                     chunk │ size:     0.77 kB
<DIR>/sharpen.fragment-BaJ2xUbV.js                               chunk │ size:     0.77 kB
<DIR>/copyTextureToTexture.fragment-YeGSWYJd.js                  chunk │ size:     0.78 kB
<DIR>/flowGraphConditionalDataBlock.pure-BgcbRnfB.js             chunk │ size:     0.78 kB
<DIR>/webAudioStreamingSound-CPBNdsni.js                         chunk │ size:     0.78 kB
<DIR>/flowGraphPauseAnimationBlock.pure-0_N6LgM7.js              chunk │ size:     0.78 kB
<DIR>/flowGraphSetSoundVolumeBlock.pure-r3ERBH-M.js              chunk │ size:     0.78 kB
<DIR>/flowGraphSetSoundVolumeBlock.pure-Cdk6xxIb.js              chunk │ size:     0.78 kB
<DIR>/geometry.fragment-CbYPzwy-.js                              chunk │ size:     0.78 kB
<DIR>/flowGraphSendCustomEventBlock.pure-DqGVGg49.js             chunk │ size:     0.79 kB
<DIR>/flowGraphSetLinearVelocityBlock.pure-C7vhy-zB.js           chunk │ size:     0.80 kB
<DIR>/flowGraphStopEventPropagationBlock.pure-k7q9z4vP.js        chunk │ size:     0.80 kB
<DIR>/geometry.vertex-DAiSYI0o.js                                chunk │ size:     0.80 kB
<DIR>/flowGraphSetAngularVelocityBlock.pure-BfTcTSh1.js          chunk │ size:     0.80 kB
<DIR>/flowGraphSceneReadyEventBlock.pure-hGdokL3K.js             chunk │ size:     0.80 kB
<DIR>/clusteredLightingFunctions-BhQQIdpB.js                     chunk │ size:     0.80 kB
<DIR>/shadowMap.vertex-D4Np9ZXA.js                               chunk │ size:     0.81 kB
<DIR>/flowGraphCounterBlock.pure-BsNEPE0A.js                     chunk │ size:     0.81 kB
<DIR>/grain.fragment-CowZF-WZ.js                                 chunk │ size:     0.81 kB
<DIR>/basisTextureLoader-CKPjbAG1.js                             chunk │ size:     0.81 kB
<DIR>/flowGraphForLoopBlock.pure-DZAgMsym.js                     chunk │ size:     0.81 kB
<DIR>/flowGraphSetPhysicsMotionTypeBlock.pure-BkQ6d7Oo.js        chunk │ size:     0.81 kB
<DIR>/flowGraphStopEventPropagationBlock.pure-_gd2Avow.js        chunk │ size:     0.81 kB
<DIR>/vrDistortionCorrection.fragment-DWkk8_FI.js                chunk │ size:     0.81 kB
<DIR>/pointerEvents-Cgvb3gQk.js                                  chunk │ size:     0.82 kB
<DIR>/flowGraphSetLinearVelocityBlock.pure-Hbpy_g5X.js           chunk │ size:     0.82 kB
<DIR>/glowMapMerge.fragment-DgD36nXI.js                          chunk │ size:     0.82 kB
<DIR>/flowGraphGetLinearVelocityBlock.pure-jJwm3d9P.js           chunk │ size:     0.82 kB
<DIR>/ssaoCombine.fragment-DP8XQT6L.js                           chunk │ size:     0.82 kB
<DIR>/flowGraphSetAngularVelocityBlock.pure-DuvljOyj.js          chunk │ size:     0.82 kB
<DIR>/volumetricLightingRenderVolume.vertex-Bgdxat8R.js          chunk │ size:     0.82 kB
<DIR>/flowGraphGetAngularVelocityBlock.pure-ljij1a2W.js          chunk │ size:     0.82 kB
<DIR>/flowGraphIndexOfBlock.pure-BPF8Q2ST.js                     chunk │ size:     0.82 kB
<DIR>/circleOfConfusion.fragment-D13HmqTe.js                     chunk │ size:     0.83 kB
<DIR>/volumetricLightingBlendVolume.fragment-DYP3q4Qe.js         chunk │ size:     0.83 kB
<DIR>/flowGraphSetPhysicsMotionTypeBlock.pure-DV_oz77v.js        chunk │ size:     0.83 kB
<DIR>/flowGraphFlipFlopBlock.pure-cxRjMsWS.js                    chunk │ size:     0.83 kB
<DIR>/shadowMap.vertex-FI-mIFM6.js                               chunk │ size:     0.83 kB
<DIR>/utils-oIF4dbVA.js                                          chunk │ size:     0.83 kB
<DIR>/clusteredLightingFunctions-TaNVVnxW.js                     chunk │ size:     0.84 kB
<DIR>/flowGraphInterpolationBlock.pure-De0uWJB4.js               chunk │ size:     0.84 kB
<DIR>/background.vertex-P1MujdvE.js                              chunk │ size:     0.84 kB
<DIR>/passCube.fragment-Dpg2RWEw.js                              chunk │ size:     0.84 kB
<DIR>/flowGraphSetDelayBlock.pure-DicfO97m.js                    chunk │ size:     0.85 kB
<DIR>/background.vertex-C1dHqB0C.js                              chunk │ size:     0.85 kB
<DIR>/clipPlaneFragment-BLPtQA_7.js                              chunk │ size:     0.85 kB
<DIR>/flowGraphFunctionReferenceBlock.pure-Bff1Cfo2.js           chunk │ size:     0.86 kB
<DIR>/layer.fragment-vWEv4PR2.js                                 chunk │ size:     0.86 kB
<DIR>/volumetricLightingRenderVolume.vertex-CwwT6wjG.js          chunk │ size:     0.86 kB
<DIR>/flowGraphApplyForceBlock.pure-CyjPA23s.js                  chunk │ size:     0.86 kB
<DIR>/flowGraphSequenceBlock.pure-DmxO_PSH.js                    chunk │ size:     0.86 kB
<DIR>/shadowMapVertexMetric-B6qI2u3f.js                          chunk │ size:     0.86 kB
<DIR>/flowGraphSceneTickEventBlock.pure-CkxWLuVn.js              chunk │ size:     0.87 kB
<DIR>/flowGraphCancelDelayBlock.pure-Crg7PDSq.js                 chunk │ size:     0.87 kB
<DIR>/taa.fragment-CBenCsjg.js                                   chunk │ size:     0.88 kB
<DIR>/flowGraphApplyImpulseBlock.pure-rcfoGAOq.js                chunk │ size:     0.88 kB
<DIR>/flowGraphSceneReadyEventBlock.pure-C_ers8bx.js             chunk │ size:     0.88 kB
<DIR>/flowGraphSoundEndedEventBlock.pure-D8lRq1St.js             chunk │ size:     0.88 kB
<DIR>/fogFragmentDeclaration-CdaT0khO.js                         chunk │ size:     0.88 kB
<DIR>/hdrFiltering.fragment-DGiEAs9H.js                          chunk │ size:     0.90 kB
<DIR>/bakedVertexAnimationDeclaration-BKwIs1Zn.js                chunk │ size:     0.90 kB
<DIR>/flowGraphPhysicsCollisionEventBlock.pure-ChCCCshP.js       chunk │ size:     0.91 kB
<DIR>/instancesVertex-qUWIWJXi.js                                chunk │ size:     0.91 kB
<DIR>/imageProcessingDeclaration-DrHn_e0t.js                     chunk │ size:     0.92 kB
<DIR>/background.fragment-olSXwJSP.js                            chunk │ size:     0.93 kB
<DIR>/mesh.vertexData.functions-Cbp39tLI.js                      chunk │ size:     0.93 kB
<DIR>/extractHighlights.fragment-BcxAE1Cc.js                     chunk │ size:     0.93 kB
<DIR>/boundingBoxRenderer.vertex-uh2rM4dM.js                     chunk │ size:     0.94 kB
<DIR>/kernelBlur.vertex-BEHofg35.js                              chunk │ size:     0.94 kB
<DIR>/flowGraphPointerOutEventBlock.pure-DuBy2LlP.js             chunk │ size:     0.94 kB
<DIR>/line.fragment-Cbbaf-W0.js                                  chunk │ size:     0.94 kB
<DIR>/flowGraphDebounceBlock.pure-DyhGS2-H.js                    chunk │ size:     0.95 kB
<DIR>/lodCube.fragment-B7TnuvD1.js                               chunk │ size:     0.95 kB
<DIR>/flowGraphPointerOverEventBlock.pure-BCm7j_sC.js            chunk │ size:     0.95 kB
<DIR>/shadowsVertex-D1f5vGTI.js                                  chunk │ size:     0.95 kB
<DIR>/flowGraphGetAssetBlock.pure-Dz7SPYTN.js                    chunk │ size:     0.95 kB
<DIR>/fluidRenderingParticleThickness.vertex-Ch3p74kv.js         chunk │ size:     0.95 kB
<DIR>/flowGraphGetPhysicsMassPropertiesBlock.pure-CP5HLT_U.js    chunk │ size:     0.96 kB
<DIR>/webAudioMainBus-Cr2Ad-Wf.js                                chunk │ size:     0.96 kB
<DIR>/fluidRenderingStandardBlur.fragment-Bh0xt4Ma.js            chunk │ size:     0.97 kB
<DIR>/background.fragment-CO82TMdq.js                            chunk │ size:     0.97 kB
<DIR>/instancesDeclaration-BEfBZRfS.js                           chunk │ size:     0.97 kB
<DIR>/flowGraphKeyUpEventBlock.pure-BJVaph-T.js                  chunk │ size:     0.97 kB
<DIR>/flowGraphMeshPickEventBlock.pure-DPL4Mb_k.js               chunk │ size:     0.97 kB
<DIR>/flowGraphCancelDelayBlock.pure-2iKn_WeF.js                 chunk │ size:     0.97 kB
<DIR>/line.fragment-teI-oMNq.js                                  chunk │ size:     0.97 kB
<DIR>/flowGraphKeyDownEventBlock.pure-DVbsT7N3.js                chunk │ size:     0.98 kB
<DIR>/flowGraphPlaySoundBlock.pure-Bzd54B9H.js                   chunk │ size:     0.98 kB
<DIR>/fogFragmentDeclaration-nu7JVhXH.js                         chunk │ size:     0.99 kB
<DIR>/iblGenerateVoxelMip.fragment-C6yj0tHa.js                   chunk │ size:     0.99 kB
<DIR>/fluidRenderingParticleDepth.fragment-99YEDPu5.js           chunk │ size:     0.99 kB
<DIR>/circleOfConfusion.fragment-DnK_TZ-4.js                     chunk │ size:     1.00 kB
<DIR>/flowGraphSceneTickEventBlock.pure-XElI0_hD.js              chunk │ size:     1.01 kB
<DIR>/layer.fragment-78Sx3knB.js                                 chunk │ size:     1.01 kB
<DIR>/fxaa.vertex-Y0-0YJMA.js                                    chunk │ size:     1.01 kB
<DIR>/flowGraphDoNBlock.pure-BOcEH5vK.js                         chunk │ size:     1.02 kB
<DIR>/imageProcessingDeclaration-CTytmqM7.js                     chunk │ size:     1.02 kB
<DIR>/iblScaledLuminance.fragment-DYE4RRtt.js                    chunk │ size:     1.02 kB
<DIR>/hdrIrradianceFiltering.fragment-y_U-KUKp.js                chunk │ size:     1.02 kB
<DIR>/flowGraphTypeToTypeBlocks.pure-BcX08PYD.js                 chunk │ size:     1.03 kB
<DIR>/volumetricLightingBlendVolume.fragment-BHY33JVV.js         chunk │ size:     1.03 kB
<DIR>/flowGraphCachedOperationBlock-BMqp9aWc.js                  chunk │ size:     1.03 kB
<DIR>/flowGraphGetPropertyBlock.pure-DCX6wzAM.js                 chunk │ size:     1.03 kB
<DIR>/taa.fragment-BvOeB4lq.js                                   chunk │ size:     1.04 kB
<DIR>/copyTextureToTexture.fragment-DoYwbo0R.js                  chunk │ size:     1.04 kB
<DIR>/iblGenerateVoxelMip.fragment-N2Pkffyj.js                   chunk │ size:     1.05 kB
<DIR>/shadowMapFragment-pJup_79w.js                              chunk │ size:     1.05 kB
<DIR>/imageProcessing.fragment-C6R0i8F6.js                       chunk │ size:     1.05 kB
<DIR>/dumpTools.pure-CI977FsS.js                                 chunk │ size:     1.06 kB
<DIR>/iblCombineVoxelGrids.fragment-BVrBoKES.js                  chunk │ size:     1.07 kB
<DIR>/glowMapMerge.fragment-BbMv-0_r.js                          chunk │ size:     1.07 kB
<DIR>/fluidRenderingParticleDepth.fragment-eWf91LkM.js           chunk │ size:     1.08 kB
<DIR>/instancesDeclaration-CXp0RkJV.js                           chunk │ size:     1.08 kB
<DIR>/flowGraphDataSwitchBlock.pure-8v54p9et.js                  chunk │ size:     1.08 kB
<DIR>/volumetricLightScattering.fragment-Cd7dWsiM.js             chunk │ size:     1.08 kB
<DIR>/flowGraphWhileLoopBlock.pure-dNXzIHyY.js                   chunk │ size:     1.08 kB
<DIR>/hdrFiltering.fragment-DqWqN0ZB.js                          chunk │ size:     1.09 kB
<DIR>/shadowMapVertexMetric-4gfHGV4R.js                          chunk │ size:     1.09 kB
<DIR>/flowGraphArrayIndexBlock.pure-DW0DqDsK.js                  chunk │ size:     1.09 kB
<DIR>/outline.fragment-6V2xYR5r.js                               chunk │ size:     1.10 kB
<DIR>/flowGraphPointerOutEventBlock.pure-B0OPz5NW.js             chunk │ size:     1.10 kB
<DIR>/sharpen.fragment-B5GMTWYv.js                               chunk │ size:     1.10 kB
<DIR>/flowGraphSoundEndedEventBlock.pure-Bxhlumtn.js             chunk │ size:     1.10 kB
<DIR>/vrDistortionCorrection.fragment-Fx_BaJ-e.js                chunk │ size:     1.11 kB
<DIR>/kernelBlur.vertex-DEi8qT2u.js                              chunk │ size:     1.11 kB
<DIR>/flowGraphPointerOverEventBlock.pure-iIzBui1m.js            chunk │ size:     1.11 kB
<DIR>/fluidRenderingBilateralBlur.fragment-ZbtmCGZ3.js           chunk │ size:     1.11 kB
<DIR>/grain.fragment-lLePHzdF.js                                 chunk │ size:     1.11 kB
<DIR>/iblDominantDirection.fragment-8pMdvIdR.js                  chunk │ size:     1.11 kB
<DIR>/lightVxUboDeclaration-DpSFNnUy.js                          chunk │ size:     1.12 kB
<DIR>/colorCorrection.fragment-BkDb6QHa.js                       chunk │ size:     1.12 kB
<DIR>/color.fragment-BQ2g6198.js                                 chunk │ size:     1.13 kB
<DIR>/glowBlurPostProcess.fragment-lOdSPGuN.js                   chunk │ size:     1.13 kB
<DIR>/flowGraphKeyboardEventBlock-CD5j80_J.js                    chunk │ size:     1.15 kB
<DIR>/passCube.fragment-CWVA_0of.js                              chunk │ size:     1.15 kB
<DIR>/flowGraphMatrixMathBlocks.pure-unSbQxm-.js                 chunk │ size:     1.15 kB
<DIR>/harmonicsFunctions-CbuhMEOI.js                             chunk │ size:     1.16 kB
<DIR>/flowGraphTransformCoordinatesSystemBlock.pure-BM_GgIp9.js  chunk │ size:     1.17 kB
<DIR>/bonesDeclaration-CS7ClJ6g.js                               chunk │ size:     1.18 kB
<DIR>/convolution.fragment-tTuzPRvs.js                           chunk │ size:     1.18 kB
<DIR>/iblScaledLuminance.fragment-oSuc6NKe.js                    chunk │ size:     1.18 kB
<DIR>/selection.fragment-DsOtB8bJ.js                             chunk │ size:     1.18 kB
<DIR>/fluidRenderingParticleDepth.vertex-DYFzS1w1.js             chunk │ size:     1.18 kB
<DIR>/morphTargetsVertexGlobalDeclaration-BRp844Qf.js            chunk │ size:     1.19 kB
<DIR>/lightVxFragmentDeclaration-DiIgsoj3.js                     chunk │ size:     1.20 kB
<DIR>/noise.fragment-BDJ4FncT.js                                 chunk │ size:     1.20 kB
<DIR>/instancesVertex-DsS-jief.js                                chunk │ size:     1.21 kB
<DIR>/outline.fragment-BNdW6m7z.js                               chunk │ size:     1.21 kB
<DIR>/dds.pure-CEdkAOMA.js                                       chunk │ size:     1.21 kB
<DIR>/defaultUboDeclaration-Nsag_Ymh.js                          chunk │ size:     1.21 kB
<DIR>/openpbrMaterialLoadingAdapter-BIB3jmo2.js                  chunk │ size:     1.22 kB
<DIR>/imageProcessing.fragment-DKrCJUuS.js                       chunk │ size:     1.24 kB
<DIR>/glTFLoaderAnimation.pure-ssl6cmRz.js                       chunk │ size:     1.25 kB
<DIR>/color.fragment-8jTVBaHT.js                                 chunk │ size:     1.25 kB
<DIR>/fluidRenderingParticleThickness.vertex-DTSIamAh.js         chunk │ size:     1.26 kB
<DIR>/iblDominantDirection.fragment-DnKKXY3o.js                  chunk │ size:     1.26 kB
<DIR>/ddsTextureLoader-CVLnMEd1.js                               chunk │ size:     1.27 kB
<DIR>/hdrIrradianceFiltering.fragment-D2_VORz8.js                chunk │ size:     1.27 kB
<DIR>/iblCdfy.fragment-D6LOHJDK.js                               chunk │ size:     1.27 kB
<DIR>/boundingBoxRenderer.vertex-C1tKZBJE.js                     chunk │ size:     1.29 kB
<DIR>/ddsTextureLoader-9IRAWVR5.js                               chunk │ size:     1.30 kB
<DIR>/iblCdfy.fragment-Czb4t64F.js                               chunk │ size:     1.30 kB
<DIR>/depth.fragment-1TypNIlH.js                                 chunk │ size:     1.31 kB
<DIR>/shadowMapFragment-CTzVzV99.js                              chunk │ size:     1.31 kB
<DIR>/default.vertex-WPFqi8HQ.js                                 chunk │ size:     1.32 kB
<DIR>/flowGraphSwitchBlock.pure-DUM0FcJf.js                      chunk │ size:     1.33 kB
<DIR>/colorCorrection.fragment-DNOpMoOT.js                       chunk │ size:     1.33 kB
<DIR>/openpbr.vertex-CPCqfTLJ.js                                 chunk │ size:     1.33 kB
<DIR>/default.fragment-C4kgwS7m.js                               chunk │ size:     1.33 kB
<DIR>/default.vertex-VRfyBwsQ.js                                 chunk │ size:     1.34 kB
<DIR>/openpbr.fragment-Dnbk0Cca.js                               chunk │ size:     1.34 kB
<DIR>/openpbr.vertex-DySQ7Bsu.js                                 chunk │ size:     1.34 kB
<DIR>/pbr.vertex-SyJ0fMlL.js                                     chunk │ size:     1.34 kB
<DIR>/noise.fragment-rlUHfDvh.js                                 chunk │ size:     1.36 kB
<DIR>/lodCube.fragment-D9FT0OE0.js                               chunk │ size:     1.36 kB
<DIR>/iblVoxelGrid.fragment-D-IbXH_R.js                          chunk │ size:     1.37 kB
<DIR>/default.fragment-D1jEtPB0.js                               chunk │ size:     1.37 kB
<DIR>/lightVxUboDeclaration-CTEOOK0R.js                          chunk │ size:     1.37 kB
<DIR>/tonemap.fragment-BzQRrtz9.js                               chunk │ size:     1.37 kB
<DIR>/openpbr.fragment-DrHTSgu4.js                               chunk │ size:     1.38 kB
<DIR>/flowGraphIsKeyPressedBlock.pure-CoTIYnob.js                chunk │ size:     1.38 kB
<DIR>/flowGraphSetVariableBlock.pure-YUu6GKFJ.js                 chunk │ size:     1.38 kB
<DIR>/volumetricLightScattering.fragment-DYF-ZxoP.js             chunk │ size:     1.39 kB
<DIR>/flowGraphSendCustomEventBlock.pure-ND6Ky_pE.js             chunk │ size:     1.40 kB
<DIR>/pbr.vertex-1hNp0Wie.js                                     chunk │ size:     1.40 kB
<DIR>/selection.fragment-Dny4IcHA.js                             chunk │ size:     1.40 kB
<DIR>/fluidRenderingBilateralBlur.fragment-BRcr6umV.js           chunk │ size:     1.41 kB
<DIR>/glowBlurPostProcess.fragment-B-MQYp_g.js                   chunk │ size:     1.42 kB
<DIR>/greasedLine.fragment-CM7N0De3.js                           chunk │ size:     1.43 kB
<DIR>/rgbdTextureTools-D5_k2jTw.js                               chunk │ size:     1.43 kB
<DIR>/flowGraphTypeToTypeBlocks.pure-CY5ZYC0G.js                 chunk │ size:     1.44 kB
<DIR>/flowGraphUnsupportedInteractivityBlock-D9F2s-Zg.js         chunk │ size:     1.45 kB
<DIR>/screenSpaceCurvature.fragment-BWQAJnZB.js                  chunk │ size:     1.45 kB
<DIR>/fxaa.vertex-CMr3egxQ.js                                    chunk │ size:     1.45 kB
<DIR>/envTextureLoader-DjEXjLJM.js                               chunk │ size:     1.46 kB
<DIR>/harmonicsFunctions-CcP8NJow.js                             chunk │ size:     1.46 kB
<DIR>/flowGraphReceiveCustomEventBlock.pure-DZFXrjdX.js          chunk │ size:     1.46 kB
<DIR>/pbr.fragment-7oaH-PLU.js                                   chunk │ size:     1.47 kB
<DIR>/flowGraphMathCombineExtractBlocks.pure-CBgEK7GG.js         chunk │ size:     1.49 kB
<DIR>/pbr.fragment-C3w2c1pz.js                                   chunk │ size:     1.51 kB
<DIR>/bonesDeclaration-CBSdzoSo.js                               chunk │ size:     1.52 kB
<DIR>/gaussianSplattingVoxel.fragment-CFovaQXY.js                chunk │ size:     1.52 kB
<DIR>/abstractSoundSource-B5hfRzRG.js                            chunk │ size:     1.53 kB
<DIR>/pbrMaterial.pure-aXu28s32.js                               chunk │ size:     1.53 kB
<DIR>/flowGraphThrottleBlock.pure-G4v_PrbN.js                    chunk │ size:     1.53 kB
<DIR>/fluidRenderingParticleDepth.vertex-sDkHyk5a.js             chunk │ size:     1.54 kB
<DIR>/depth.fragment-DfNWVXhu.js                                 chunk │ size:     1.55 kB
<DIR>/chromaticAberration.fragment-BGvHdHnr.js                   chunk │ size:     1.55 kB
<DIR>/openpbrMaterial.pure-BYab8X7O.js                           chunk │ size:     1.56 kB
<DIR>/flowGraphBezierCurveEasingBlock.pure-KLsTKfuV.js           chunk │ size:     1.56 kB
<DIR>/flowGraphSetPropertyBlock.pure-DNSe1WyU.js                 chunk │ size:     1.58 kB
<DIR>/defaultUboDeclaration-CqWlssFU.js                          chunk │ size:     1.58 kB
<DIR>/tonemap.fragment-DbQLIiKX.js                               chunk │ size:     1.59 kB
<DIR>/sprites.vertex-_w3guFkE.js                                 chunk │ size:     1.59 kB
<DIR>/screenSpaceCurvature.fragment-DRoJnbr1.js                  chunk │ size:     1.61 kB
<DIR>/bilateralBlur.fragment-B4PyTzrH.js                         chunk │ size:     1.62 kB
<DIR>/flowGraphForLoopBlock.pure-B4eaDWEN.js                     chunk │ size:     1.65 kB
<DIR>/sprites.fragment-BSRpt8X5.js                               chunk │ size:     1.65 kB
<DIR>/rsmFullGlobalIllumination.fragment-DUosfLWD.js             chunk │ size:     1.67 kB
<DIR>/flowGraphStopAnimationBlock.pure-C0-LmElc.js               chunk │ size:     1.67 kB
<DIR>/iblShadowSpatialBlur.fragment-BPUnGA4d.js                  chunk │ size:     1.67 kB
<DIR>/bilateralBlurQuality.fragment-Boh3BNEr.js                  chunk │ size:     1.69 kB
<DIR>/flowGraphPointerUpEventBlock.pure-CSKw2kBC.js              chunk │ size:     1.70 kB
<DIR>/depthOfFieldMerge.fragment-hOA15Dqy.js                     chunk │ size:     1.70 kB
<DIR>/gaussianSplatting.fragment-DGJp_g6D.js                     chunk │ size:     1.70 kB
<DIR>/flowGraphPlayAnimationBlock.pure-D-dQqpUA.js               chunk │ size:     1.70 kB
<DIR>/flowGraphPointerDownEventBlock.pure-Ccm5aL8q.js            chunk │ size:     1.71 kB
<DIR>/morphTargetsVertexGlobalDeclaration-CbhVQsLA.js            chunk │ size:     1.71 kB
<DIR>/iblShadowAccumulation.fragment-Bxvf9aZW.js                 chunk │ size:     1.73 kB
<DIR>/flowGraphPointerMoveEventBlock.pure-8d86fL8C.js            chunk │ size:     1.73 kB
<DIR>/pbrUboDeclaration-OhAsfWrf.js                              chunk │ size:     1.75 kB
<DIR>/gaussianSplattingVoxel.fragment-DUV3hBRp.js                chunk │ size:     1.77 kB
<DIR>/flowGraphMeshPickEventBlock.pure-CkIiUrAp.js               chunk │ size:     1.77 kB
<DIR>/flowGraphWaitAllBlock.pure-CZvp2tca.js                     chunk │ size:     1.78 kB
<DIR>/convolution.fragment-Cw8SFjdx.js                           chunk │ size:     1.78 kB
<DIR>/volumetricLightingRenderVolume.fragment-BAJSOVfh.js        chunk │ size:     1.78 kB
<DIR>/animationGroup.pure-BIu6KiaT.js                            chunk │ size:     1.81 kB
<DIR>/iblVoxelGrid.vertex-2XWR7v25.js                            chunk │ size:     1.81 kB
<DIR>/gaussianSplatting.fragment-Cdth1H4R.js                     chunk │ size:     1.82 kB
<DIR>/math.plane-BawDHeAE.js                                     chunk │ size:     1.83 kB
<DIR>/flowGraphPhysicsCollisionEventBlock.pure-CogyY9nF.js       chunk │ size:     1.84 kB
<DIR>/flowGraphEasingBlock.pure-CHzrfMAE.js                      chunk │ size:     1.86 kB
<DIR>/flowGraphMultiGateBlock.pure-N_sl1jLz.js                   chunk │ size:     1.88 kB
<DIR>/iblShadowSpatialBlur.fragment-CQHyFuoF.js                  chunk │ size:     1.88 kB
<DIR>/logger-C0xQZZ2j.js                                         chunk │ size:     1.89 kB
<DIR>/flowGraphDebugBlock.pure-BJRekcpX.js                       chunk │ size:     1.91 kB
<DIR>/chromaticAberration.fragment-fc5dZiaP.js                   chunk │ size:     1.91 kB
<DIR>/sprites.fragment-CN0t0N25.js                               chunk │ size:     1.91 kB
<DIR>/bumpFragmentFunctions-BR93ftVv.js                          chunk │ size:     1.93 kB
<DIR>/flowGraphVectorMathBlocks.pure-kU8dO3nK.js                 chunk │ size:     1.94 kB
<DIR>/sprites.vertex-kaFDggVW.js                                 chunk │ size:     1.96 kB
<DIR>/volumetricLightingRenderVolume.fragment-Cfct75BE.js        chunk │ size:     2.02 kB
<DIR>/morphTargetsVertex-C6rvYfV0.js                             chunk │ size:     2.02 kB
<DIR>/glowMapGeneration.fragment-Di_7iLI9.js                     chunk │ size:     2.02 kB
<DIR>/color.vertex-CCVdLdH4.js                                   chunk │ size:     2.03 kB
<DIR>/color.vertex-BmNffrqy.js                                   chunk │ size:     2.07 kB
<DIR>/gpuRenderParticles.fragment-AY-JL1uG.js                    chunk │ size:     2.08 kB
<DIR>/rsmFullGlobalIllumination.fragment-ykTqtBqR.js             chunk │ size:     2.09 kB
<DIR>/flowGraphConsoleLogBlock.pure-CDPmQXN6.js                  chunk │ size:     2.09 kB
<DIR>/minmaxRedux.fragment-9rTJm0bw.js                           chunk │ size:     2.09 kB
<DIR>/bumpFragmentFunctions-C57fWNVP.js                          chunk │ size:     2.10 kB
<DIR>/motionBlur.fragment-Cx1y1qcA.js                            chunk │ size:     2.10 kB
<DIR>/bonesVertex-B8cAxaoE.js                                    chunk │ size:     2.11 kB
<DIR>/gaussianSplattingVoxel.vertex-BMUAvpja.js                  chunk │ size:     2.14 kB
<DIR>/lightProxy.vertex-CiHo_vHT.js                              chunk │ size:     2.17 kB
<DIR>/iblShadowAccumulation.fragment-Dzym0zpx.js                 chunk │ size:     2.17 kB
<DIR>/lightProxy.vertex-9taEomKA.js                              chunk │ size:     2.17 kB
<DIR>/bilateralBlur.fragment-BsEUKkCO.js                         chunk │ size:     2.21 kB
<DIR>/volumetricLightScatteringPass.vertex-8wiz8t66.js           chunk │ size:     2.23 kB
<DIR>/greasedLine.fragment-rC3UPoOV.js                           chunk │ size:     2.24 kB
<DIR>/math.scalar.functions-BdfPcrdg.js                          chunk │ size:     2.26 kB
<DIR>/bilateralBlurQuality.fragment-BohLDTG-.js                  chunk │ size:     2.28 kB
<DIR>/depthOfFieldMerge.fragment-ke6ar1wB.js                     chunk │ size:     2.32 kB
<DIR>/flowGraphInterpolationBlock.pure-Dkjqh0nW.js               chunk │ size:     2.34 kB
<DIR>/pbrUboDeclaration-CJpfk1Qa.js                              chunk │ size:     2.35 kB
<DIR>/kernelBlur.fragment-VkUSL4JQ.js                            chunk │ size:     2.37 kB
<DIR>/webAudioBus-CsKtszH6.js                                    chunk │ size:     2.38 kB
<DIR>/line.vertex-UGHBeIFg.js                                    chunk │ size:     2.39 kB
<DIR>/bumpFragment-CKorWZp6.js                                   chunk │ size:     2.40 kB
<DIR>/minmaxRedux.fragment-C4Qzb5-w.js                           chunk │ size:     2.40 kB
<DIR>/screenSpaceReflection2Blur.fragment--Er0EjJZ.js            chunk │ size:     2.42 kB
<DIR>/shadowsVertex-B9WzhVjm.js                                  chunk │ size:     2.42 kB
<DIR>/webAudioSoundSource-C9GYsenS.js                            chunk │ size:     2.42 kB
<DIR>/line.vertex-BpxE4Lll.js                                    chunk │ size:     2.43 kB
<DIR>/flowGraphEventReferenceBlock-BCueH5V-.js                   chunk │ size:     2.44 kB
<DIR>/particles.fragment-DbBSmc3u.js                             chunk │ size:     2.47 kB
<DIR>/iesTextureLoader-CEkFz_Mm.js                               chunk │ size:     2.49 kB
<DIR>/volumetricLightScatteringPass.vertex-D0X2FxFp.js           chunk │ size:     2.52 kB
<DIR>/shadowMap.fragment-CA7VT9Zp.js                             chunk │ size:     2.56 kB
<DIR>/outline.vertex-C4-g70z5.js                                 chunk │ size:     2.57 kB
<DIR>/pbrIBLFunctions-AK1cuTb7.js                                chunk │ size:     2.58 kB
<DIR>/iblIcdf.fragment-CHhlBnKy.js                               chunk │ size:     2.60 kB
<DIR>/mrtFragmentDeclaration-3fk6XKRm.js                         chunk │ size:     2.63 kB
<DIR>/glowMapGeneration.fragment-CJoP6Hx2.js                     chunk │ size:     2.67 kB
<DIR>/gaussianSplattingVoxel.vertex-BT7FPxLK.js                  chunk │ size:     2.69 kB
<DIR>/iblCdfDebug.fragment-BzmpGg7L.js                           chunk │ size:     2.69 kB
<DIR>/greasedLine.vertex-DbipUaaG.js                             chunk │ size:     2.69 kB
<DIR>/rsmGlobalIllumination.fragment-tAKMmgfc.js                 chunk │ size:     2.70 kB
<DIR>/bumpFragmentMainFunctions-ecu-xIcB.js                      chunk │ size:     2.71 kB
<DIR>/screenSpaceReflection2Blur.fragment-BCR1pzTV.js            chunk │ size:     2.71 kB
<DIR>/iblVoxelGrid.fragment-BpclWL2i.js                          chunk │ size:     2.73 kB
<DIR>/flowGraphExecutionBlock-rq2Ebwip.js                        chunk │ size:     2.75 kB
<DIR>/bonesVertex-DlG9JGbe.js                                    chunk │ size:     2.77 kB
<DIR>/screenSpaceReflection2BlurCombiner.fragment-BFLCD5ER.js    chunk │ size:     2.77 kB
<DIR>/lightUboDeclaration-BJ65kjqg.js                            chunk │ size:     2.77 kB
<DIR>/pbrIBLFunctions-BOGswfAo.js                                chunk │ size:     2.79 kB
<DIR>/particles.fragment-Cdff4fGA.js                             chunk │ size:     2.82 kB
<DIR>/motionBlur.fragment--RSnhlpq.js                            chunk │ size:     2.83 kB
<DIR>/bakedVertexAnimation-jKWgM0Te.js                           chunk │ size:     2.86 kB
<DIR>/lightFragmentDeclaration-CX4AWgXM.js                       chunk │ size:     2.87 kB
<DIR>/shadowMap.fragment-hlF2y4Ai.js                             chunk │ size:     2.87 kB
<DIR>/selection.vertex-ZQcP3GRN.js                               chunk │ size:     2.91 kB
<DIR>/kernelBlur.fragment-CQj32ha9.js                            chunk │ size:     2.91 kB
<DIR>/outline.vertex-C7zGXhtG.js                                 chunk │ size:     2.92 kB
<DIR>/bumpFragmentMainFunctions-Cld0h1iQ.js                      chunk │ size:     2.94 kB
<DIR>/webRequest-BlwvOmV4.js                                     chunk │ size:     2.95 kB
<DIR>/depth.vertex-Cz9E-TBf.js                                   chunk │ size:     2.96 kB
<DIR>/iblIcdf.fragment-DYuppx66.js                               chunk │ size:     2.99 kB
<DIR>/iblCdfDebug.fragment-3NozHeBD.js                           chunk │ size:     3.07 kB
<DIR>/flowGraphRichTypes.pure-CjxixsJ7.js                        chunk │ size:     3.07 kB
<DIR>/glowMapGeneration.vertex-D-m7q4zb.js                       chunk │ size:     3.08 kB
<DIR>/depth.vertex-DsCjUoLf.js                                   chunk │ size:     3.09 kB
<DIR>/abstractSoundInstance-zV-L92dd.js                          chunk │ size:     3.17 kB
<DIR>/bumpFragment-DxnRuhsL.js                                   chunk │ size:     3.22 kB
<DIR>/flowGraphStopAnimationBlock.pure-2twJ33pw.js               chunk │ size:     3.22 kB
<DIR>/observable.pure-BLKtvZWa.js                                chunk │ size:     3.27 kB
<DIR>/selection.vertex-DcMDVR7z.js                               chunk │ size:     3.35 kB
<DIR>/tgaTextureLoader-BLnPZsaD.js                               chunk │ size:     3.40 kB
<DIR>/screenSpaceReflection2BlurCombiner.fragment-D12gwnR_.js    chunk │ size:     3.41 kB
<DIR>/dumpTools.pure-Dkx_0WXj.js                                 chunk │ size:     3.42 kB
<DIR>/rsmGlobalIllumination.fragment-BOVDuquR.js                 chunk │ size:     3.43 kB
<DIR>/bakedVertexAnimation-CFOjV5bM.js                           chunk │ size:     3.49 kB
<DIR>/textureProcessor.fragment-VOIK0a-m.js                      chunk │ size:     3.51 kB
<DIR>/lightUboDeclaration-b7W_hpXs.js                            chunk │ size:     3.53 kB
<DIR>/greasedLine.vertex-B3hurmBT.js                             chunk │ size:     3.54 kB
<DIR>/glowMapGeneration.vertex-tk2EvTMG.js                       chunk │ size:     3.62 kB
<DIR>/iblVoxelGrid.vertex-CF4Gybhi.js                            chunk │ size:     3.76 kB
<DIR>/openpbrUboDeclaration-yUQhapld.js                          chunk │ size:     3.83 kB
<DIR>/samplerVertexImplementation-DJbLiddU.js                    chunk │ size:     4.03 kB
<DIR>/imageProcessingFunctions-D8tFZnFa.js                       chunk │ size:     4.06 kB
<DIR>/reflectionFunction-C2dhipTU.js                             chunk │ size:     4.08 kB
<DIR>/decorators-Cbf9_JmS.js                                     chunk │ size:     4.29 kB
<DIR>/textureProcessor.fragment-BoSW7G3k.js                      chunk │ size:     4.39 kB
<DIR>/flowGraphJsonPointerParserBlock.pure-eHqU7sa5.js           chunk │ size:     4.39 kB
<DIR>/flowGraphMathBlocks.pure-BXkIPvbX.js                       chunk │ size:     4.45 kB
<DIR>/morphTargetsVertex-BwK1MzQp.js                             chunk │ size:     4.51 kB
<DIR>/gaussianSplatting.vertex-Ct1eNKt2.js                       chunk │ size:     4.51 kB
<DIR>/hdrTextureLoader-Ci33y7pf.js                               chunk │ size:     4.54 kB
<DIR>/reflectionFunction-CnQmQRlS.js                             chunk │ size:     4.59 kB
<DIR>/shadowMap.vertex-twATfG9B.js                               chunk │ size:     4.67 kB
<DIR>/shadowMap.vertex-asqG3Dwz.js                               chunk │ size:     4.68 kB
<DIR>/background.vertex-DGvE9rdw.js                              chunk │ size:     4.82 kB
<DIR>/background.vertex-B9fk4XJC.js                              chunk │ size:     4.85 kB
<DIR>/imageProcessingFunctions-D-PJ_3ZC.js                       chunk │ size:     4.88 kB
<DIR>/particles.vertex-BbdKjoWf.js                               chunk │ size:     4.92 kB
<DIR>/fluidRenderingRender.fragment-NnUxAWlN.js                  chunk │ size:     4.95 kB
<DIR>/selectionOutline.fragment-CdRqDAdl.js                      chunk │ size:     5.01 kB
<DIR>/flowGraphMatrixMathBlocks.pure-DONxeXj_.js                 chunk │ size:     5.06 kB
<DIR>/openpbrUboDeclaration-Dc9H32er.js                          chunk │ size:     5.18 kB
<DIR>/gaussianSplatting.vertex-C79jcOSP.js                       chunk │ size:     5.26 kB
<DIR>/ssao2.fragment-DZqIwM4J.js                                 chunk │ size:     5.38 kB
<DIR>/sceneComponent-DTTJqglL.js                                 chunk │ size:     5.41 kB
<DIR>/flowGraphSetDelayBlock.pure-D_9zWTW7.js                    chunk │ size:     5.45 kB
<DIR>/subSurfaceScattering.fragment-DVcEQILt.js                  chunk │ size:     5.55 kB
<DIR>/fxaa.fragment-tyZyOwG1.js                                  chunk │ size:     5.57 kB
<DIR>/math.size-CkDEnI6J.js                                      chunk │ size:     5.79 kB
<DIR>/flowGraphPlayAnimationBlock.pure-hpaQ9lnc.js               chunk │ size:     5.97 kB
<DIR>/fluidRenderingRender.fragment-Bm-I6-B3.js                  chunk │ size:     6.04 kB
<DIR>/particles.vertex-Beji5R3O.js                               chunk │ size:     6.04 kB
<DIR>/ltcHelperFunctions-BCCpoaCb.js                             chunk │ size:     6.07 kB
<DIR>/subSurfaceScattering.fragment-DNVrNpEb.js                  chunk │ size:     6.18 kB
<DIR>/selectionOutline.fragment-FrgDlMJa.js                      chunk │ size:     6.28 kB
<DIR>/fxaa.fragment-VNs3kt58.js                                  chunk │ size:     6.45 kB
<DIR>/helperFunctions-19aWls5I.js                                chunk │ size:     6.52 kB
<DIR>/ltcHelperFunctions-lM4RIrn4.js                             chunk │ size:     6.67 kB
<DIR>/samplerVertexImplementation-CIGXVt3V.js                    chunk │ size:     6.70 kB
<DIR>/helperFunctions-4RIh1Bdy.js                                chunk │ size:     6.84 kB
<DIR>/ssao2.fragment-Cu0mGs5f.js                                 chunk │ size:     6.88 kB
<DIR>/dds.pure-_JX3D12i.js                                       chunk │ size:     6.95 kB
<DIR>/gpuRenderParticles.vertex-CvkcgQVa.js                      chunk │ size:     7.03 kB
<DIR>/screenSpaceReflection2.fragment-BuEV4S1P.js                chunk │ size:     7.16 kB
<DIR>/lightsFragmentFunctions-DZXIO9hI.js                        chunk │ size:     7.21 kB
<DIR>/internalTexture-CrcqL6oT.js                                chunk │ size:     7.77 kB
<DIR>/buffer.pure-Ds-A96uY.js                                    chunk │ size:     7.82 kB
<DIR>/screenSpaceRayTrace-Cr0KDwyN.js                            chunk │ size:     7.91 kB
<DIR>/screenSpaceReflection2.fragment-CdwSXMzs.js                chunk │ size:     7.99 kB
<DIR>/effectRenderer.pure-CSswXYmC.js                            chunk │ size:     8.19 kB
<DIR>/envTextureLoader-CD1G5YD6.js                               chunk │ size:     8.28 kB
<DIR>/lightsFragmentFunctions-c41DJc8s.js                        chunk │ size:     8.29 kB
<DIR>/flowGraphMathCombineExtractBlocks.pure-COpdX_f4.js         chunk │ size:     8.33 kB
<DIR>/basisTextureLoader-DeyCbPNV.js                             chunk │ size:     8.49 kB
<DIR>/screenSpaceRayTrace-mvj0lDWY.js                            chunk │ size:     8.51 kB
<DIR>/geometry.vertex-BYw6-hly.js                                chunk │ size:     8.56 kB
<DIR>/webAudioStreamingSound-KZ2a4Am-.js                         chunk │ size:     8.58 kB
<DIR>/hdrFilteringFunctions-Cj9QukkL.js                          chunk │ size:     8.69 kB
<DIR>/hdrFilteringFunctions-CA0kRMyf.js                          chunk │ size:     8.75 kB
<DIR>/flowGraphVectorMathBlocks.pure-Clwo9rnP.js                 chunk │ size:     9.00 kB
<DIR>/oitFragment-DJAB2hY2.js                                    chunk │ size:     9.25 kB
<DIR>/default.vertex-Bo7IPbkl.js                                 chunk │ size:     9.40 kB
<DIR>/cubemapToSphericalPolynomial-CAt-gWT5.js                   chunk │ size:     9.44 kB
<DIR>/geometry.fragment-B8ilyWl0.js                              chunk │ size:     9.54 kB
<DIR>/webAudioStaticSound-Bg-CSR3e.js                            chunk │ size:     9.58 kB
<DIR>/geometry.vertex-B8cOikoX.js                                chunk │ size:     9.88 kB
<DIR>/oitFragment-DFXPb1XQ.js                                    chunk │ size:    10.33 kB
<DIR>/background.fragment-Ba05N5IU.js                            chunk │ size:    10.71 kB
<DIR>/background.fragment-DBFparm4.js                            chunk │ size:    10.98 kB
<DIR>/default.vertex-BiVJdSOe.js                                 chunk │ size:    11.04 kB
<DIR>/flowGraphBlock-BAY5xaCc.js                                 chunk │ size:    11.47 kB
<DIR>/vertexPullingDeclaration-BuJAS63V.js                       chunk │ size:    11.61 kB
<DIR>/constants-GGo8QCdA.js                                      chunk │ size:    11.78 kB
<DIR>/pbrBRDFFunctions-CW8qVUMh.js                               chunk │ size:    11.96 kB
<DIR>/geometry.fragment-BxVHEWWK.js                              chunk │ size:    12.48 kB
<DIR>/pbrMaterialLoadingAdapter-DJXBkPev.js                      chunk │ size:    12.54 kB
<DIR>/math.color.pure-Sw9CI2KR.js                                chunk │ size:    12.62 kB
<DIR>/webAudioBaseSubGraph-DVAn7vkl.js                           chunk │ size:    12.65 kB
<DIR>/iblShadowVoxelTracing.fragment-CuYf32_1.js                 chunk │ size:    12.76 kB
<DIR>/pbrBRDFFunctions-CjywBFES.js                               chunk │ size:    12.79 kB
<DIR>/tools.functions-DZLmh9-B.js                                chunk │ size:    13.71 kB
<DIR>/exrTextureLoader-BRRDjRpG.js                               chunk │ size:    13.77 kB
<DIR>/easing-DxiP7-rM.js                                         chunk │ size:    13.92 kB
<DIR>/gaussianSplatting-DtdBWRGd.js                              chunk │ size:    13.99 kB
<DIR>/renderingManager-CyZEvCdm.js                               chunk │ size:    14.26 kB
<DIR>/iblShadowVoxelTracing.fragment-DjTrTpa9.js                 chunk │ size:    14.35 kB
<DIR>/gaussianSplatting-BQoFpr9h.js                              chunk │ size:    14.43 kB
<DIR>/pbr.vertex-DS2fAXik.js                                     chunk │ size:    16.07 kB
<DIR>/spatialWebAudio-CcLdB9R7.js                                chunk │ size:    16.22 kB
<DIR>/ktxTextureLoader-Ds-AGTAZ.js                               chunk │ size:    16.47 kB
<DIR>/openpbrSubsurfaceLayerData-BV_oAPfL.js                     chunk │ size:    17.19 kB
<DIR>/lightConstants-DTOKk-5G.js                                 chunk │ size:    18.33 kB
<DIR>/pbr.vertex-DQQqaqbh.js                                     chunk │ size:    18.42 kB
<DIR>/openpbrSubsurfaceLayerData-CtcOnqMf.js                     chunk │ size:    18.62 kB
<DIR>/default.fragment-FbNwXfdM.js                               chunk │ size:    18.63 kB
<DIR>/default.fragment-CQ6qEDiR.js                               chunk │ size:    18.64 kB
<DIR>/openpbr.vertex-BDxpBu_q.js                                 chunk │ size:    18.92 kB
<DIR>/lightFragment-BbLqKK--.js                                  chunk │ size:    19.56 kB
<DIR>/flowGraphMathBlocks.pure-CjUurDA-.js                       chunk │ size:    21.38 kB
<DIR>/openpbr.vertex-BBSiry1B.js                                 chunk │ size:    21.90 kB
<DIR>/lightFragment-C9e5UJAO.js                                  chunk │ size:    22.18 kB
<DIR>/shadowsFragmentFunctions-DzaTSjPJ.js                       chunk │ size:    25.93 kB
<DIR>/textureTools-CgNSW8sk.js                                   chunk │ size:    26.82 kB
<DIR>/shadowsFragmentFunctions-DahRczkK.js                       chunk │ size:    28.47 kB
<DIR>/pbrDebug-BDZpMK0d.js                                       chunk │ size:    29.41 kB
<DIR>/animation.pure-2OkbRO3h.js                                 chunk │ size:    29.46 kB
<DIR>/flowGraphReceiveCustomEventBlock.pure-ce_HLD_2.js          chunk │ size:    30.05 kB
<DIR>/renderTargetTexture.pure-h_0dbZge.js                       chunk │ size:    31.52 kB
<DIR>/openpbrMaterialLoadingAdapter-CCp5dVhR.js                  chunk │ size:    33.17 kB
<DIR>/tools.pure-1fo4l6fw.js                                     chunk │ size:    33.25 kB
<DIR>/texture.pure-CDw6Zs-U.js                                   chunk │ size:    34.77 kB
<DIR>/pbrDebug-C5_vkxFm.js                                       chunk │ size:    36.73 kB
<DIR>/meshBlending.fragment-BQ6Zmiyx.js                          chunk │ size:    39.47 kB
<DIR>/meshBlending.fragment-CnIvpTgu.js                          chunk │ size:    42.60 kB
<DIR>/glTFLoaderAnimation.pure-ChOWJVT9.js                       chunk │ size:    50.62 kB
<DIR>/animationGroup.pure-CtpUovbg.js                            chunk │ size:    51.78 kB
<DIR>/abstractEngine.pure-o5q03vZO.js                            chunk │ size:    60.48 kB
<DIR>/math.vector.pure-B-JQXZhD.js                               chunk │ size:    64.92 kB
<DIR>/thinEngine.pure-Bpz32UNL.js                                chunk │ size:    68.39 kB
<DIR>/brdfTextureTools-XYNRratP.js                               chunk │ size:    76.59 kB
<DIR>/material.pure-usPJImEw.js                                  chunk │ size:    80.89 kB
<DIR>/openpbr.fragment-DinV9Q4m.js                               chunk │ size:    90.46 kB
<DIR>/openpbr.fragment-Dh-e5YnD.js                               chunk │ size:    92.36 kB
<DIR>/pbr.fragment-C--jlhaB.js                                   chunk │ size:    95.62 kB
<DIR>/pbr.fragment-Bsg-6bhu.js                                   chunk │ size:    99.27 kB
<DIR>/openpbrMaterial.pure-CEndL2GN.js                           chunk │ size:   139.81 kB
<DIR>/pbrMaterial.pure-DZw9aHMi.js                               chunk │ size:   149.51 kB
<DIR>/scene.pure-BDCIEbaz.js                                     chunk │ size:   160.78 kB
<DIR>/game.js                                                    chunk │ size: 4,520.29 kB

✔ rolldown v1.0.0-beta.39 Finished in 1.08 s
