2026-10-06 17:58:46.373 ExactMac[70326:112659751] ApplePersistence=NO
exact svg: island module loaded in 1.04 ms off the main thread, after a 10.85 ms check
2026-10-06 17:58:54.268 ExactMac[70326:112659751] TSM AdjustCapsLockLEDForKeyTransitionHandling - _ISSetPhysicalKeyboardCapsLockLED Inhibit
FOCUSDBG become ok=true key=true ring=2 mask=(0.0, 0.0, 24.0, 24.0)
FOCUSDBG ancestor NodeView wantsLayer=true layer=true clips=false
FOCUSDBG ancestor NodeView wantsLayer=true layer=true clips=false
FOCUSDBG ancestor NodeView wantsLayer=true layer=true clips=false
FOCUSDBG ancestor NodeView wantsLayer=true layer=true clips=false
FOCUSDBG ancestor NodeView wantsLayer=true layer=true clips=false
FOCUSDBG ancestor NodeView wantsLayer=true layer=true clips=false
FOCUSDBG ancestor NodeView wantsLayer=true layer=true clips=false
FOCUSDBG ancestor NodeView wantsLayer=true layer=true clips=false
FOCUSDBG ancestor NodeView wantsLayer=true layer=true clips=false
FOCUSDBG ancestor FlippedView wantsLayer=false layer=true clips=false
FOCUSDBG ancestor NSClipView wantsLayer=false layer=true clips=true
FOCUSDBG ancestor ChainingScrollView wantsLayer=false layer=true clips=false
FOCUSDBG ancestor NodeView wantsLayer=true layer=true clips=false
FOCUSDBG ancestor NodeView wantsLayer=true layer=true clips=false
FOCUSDBG ancestor NodeView wantsLayer=true layer=true clips=false
FOCUSDBG ancestor NodeView wantsLayer=true layer=true clips=true
FOCUSDBG ancestor FlippedView wantsLayer=false layer=true clips=false
FOCUSDBG ancestor NSClipView wantsLayer=false layer=true clips=true
FOCUSDBG ancestor PageScrollView wantsLayer=false layer=true clips=false
FOCUSDBG ancestor ExactView wantsLayer=false layer=true clips=false
FOCUSDBG ancestor NSThemeFrame wantsLayer=true layer=true clips=true
FOCUSDBG draw key=true bounds=(0.0, 0.0, 24.0, 24.0) pressable=true
FOCUSDBG draw key=true bounds=(0.0, 0.0, 24.0, 24.0) pressable=true
FOCUSDBG draw key=true bounds=(0.0, 0.0, 24.0, 24.0) pressable=true
FOCUSDBG draw key=true bounds=(0.0, 0.0, 24.0, 24.0) pressable=true
FOCUSDBG draw key=true bounds=(0.0, 0.0, 24.0, 24.0) pressable=true
FOCUSDBG draw key=true bounds=(0.0, 0.0, 24.0, 24.0) pressable=true
FOCUSDBG draw key=true bounds=(0.0, 0.0, 24.0, 24.0) pressable=true
FOCUSDBG draw key=true bounds=(0.0, 0.0, 24.0, 24.0) pressable=true
FOCUSDBG draw key=true bounds=(0.0, 0.0, 24.0, 24.0) pressable=true
