2026-10-06 18:00:27.848 ExactMac[96377:112705362] ApplePersistence=NO
exact svg: island module loaded in 0.39 ms off the main thread, after a 0.08 ms check
FOCUSDBG become ok=true key=true ring=2 mask=(0.0, 0.0, 24.0, 24.0)
FOCUSDBG ancestor NodeView wantsLayer=true layer=true clips=false
FOCUSDBG ancestor NodeView wantsLayer=true layer=true clips=false
FOCUSDBG ancestor NodeView wantsLayer=true layer=true clips=false
FOCUSDBG ancestor NodeView wantsLayer=true layer=true clips=false
FOCUSDBG ancestor NodeView wantsLayer=true layer=true clips=false
FOCUSDBG ancestor NodeView wantsLayer=true layer=true clips=false
FOCUSDBG ancestor NodeView wantsLayer=true layer=true clips=false
FOCUSDBG ancestor NodeView wantsLayer=true layer=true clips=false
FOCUSDBG ancestor NodeView wantsLayer=true layer=true clips=false
FOCUSDBG ancestor FlippedView wantsLayer=false layer=true clips=false
FOCUSDBG ancestor NSClipView wantsLayer=false layer=true clips=true
FOCUSDBG ancestor ChainingScrollView wantsLayer=false layer=true clips=false
FOCUSDBG ancestor NodeView wantsLayer=true layer=true clips=false
FOCUSDBG ancestor NodeView wantsLayer=true layer=true clips=false
FOCUSDBG ancestor NodeView wantsLayer=true layer=true clips=false
FOCUSDBG ancestor NodeView wantsLayer=true layer=true clips=true
FOCUSDBG ancestor FlippedView wantsLayer=false layer=true clips=false
FOCUSDBG ancestor NSClipView wantsLayer=false layer=true clips=true
FOCUSDBG ancestor PageScrollView wantsLayer=false layer=true clips=false
FOCUSDBG ancestor ExactView wantsLayer=false layer=true clips=false
FOCUSDBG ancestor NSThemeFrame wantsLayer=true layer=true clips=true
FOCUSDBG draw key=true bounds=(0.0, 0.0, 24.0, 24.0) pressable=true
FOCUSDBG layers NodeView z=0.0: ["NSViewBackingLayer z=0.0 frame=(5.0, 5.0, 14.0, 14.0)"]
FOCUSDBG layers NodeView z=0.001: ["NSViewBackingLayer z=0.0 frame=(0.0, 0.0, 24.0, 24.0)"]
FOCUSDBG layers NodeView z=0.001: ["NSViewBackingLayer z=0.001 frame=(0.0, 0.0, 24.0, 24.0)", "NSViewBackingLayer z=0.001 frame=(28.0, 4.0, 26.0, 16.0)", "NSViewBackingLayer z=0.001 frame=(58.0, 0.0, 24.0, 24.0)"]
FOCUSDBG layers NodeView z=0.0: ["NSViewBackingLayer z=0.0 frame=(16.0, 20.0, 16.0, 16.0)", "NSViewBackingLayer z=0.0 frame=(44.0, 10.0, 807.0, 36.0)", "NSViewBackingLayer z=0.001 frame=(863.0, 16.0, 82.0, 24.0)"]
FOCUSDBG layers NodeView z=0.001: ["NSViewBackingLayer z=0.0 frame=(0.0, 0.0, 961.0, 56.0)"]
FOCUSDBG layers NodeView z=0.0: ["CALayer z=0.0 frame=(0.0, 0.0, 963.0, 58.0)", "CALayer z=0.0 frame=(0.0, 0.0, 963.0, 58.0)", "NSViewBackingLayer z=0.001 frame=(1.0, 1.0, 961.0, 56.0)"]
FOCUSDBG layers NodeView z=0.0: ["NSViewBackingLayer z=0.0 frame=(0.0, 0.0, 963.0, 28.0)", "NSViewBackingLayer z=0.0 frame=(0.0, 38.0, 963.0, 58.0)"]
FOCUSDBG layers NodeView z=0.0: ["NSViewBackingLayer z=0.0 frame=(0.0, 0.0, 963.0, 106.0)", "NSViewBackingLayer z=0.0 frame=(0.0, 138.0, 963.0, 96.0)"]
FOCUSDBG layers NodeView z=0.001: ["NSViewBackingLayer z=0.0 frame=(24.0, 24.0, 963.0, 234.0)"]
FOCUSDBG layers FlippedView z=0.0: ["NSViewBackingLayer z=0.001 frame=(6.0, 0.0, 1011.0, 306.0)"]
FOCUSDBG layers NSClipView z=0.0: ["NSViewBackingLayer z=0.0 frame=(0.0, 0.0, 1023.0, 788.0)"]
FOCUSDBG layers ChainingScrollView z=0.0: ["CABackdropLayer z=0.0 frame=(0.0, 0.0, 0.0, 0.0)", "NSViewBackingLayer z=0.0 frame=(0.0, 0.0, 1023.0, 788.0)", "NSViewBackingLayer z=0.0 frame=(0.0, 0.0, 0.0, 0.0)", "NSViewBackingLayer z=0.0 frame=(1006.0, 0.0, 17.0, 788.0)", "NSViewBackingLayer z=0.0 frame=(0.0, 771.0, 1023.0, 17.0)"]
FOCUSDBG layers NodeView z=0.001: ["NSViewBackingLayer z=0.0 frame=(0.0, 0.0, 1023.0, 788.0)"]
FOCUSDBG layers NodeView z=0.001: ["NSViewBackingLayer z=0.0 frame=(0.0, 0.0, 1023.0, 52.0)", "NSViewBackingLayer z=0.001 frame=(0.0, 52.0, 1023.0, 788.0)"]
FOCUSDBG layers NodeView z=0.001: ["NSViewBackingLayer z=0.001 frame=(0.0, 0.0, 257.0, 840.0)", "NSViewBackingLayer z=0.001 frame=(257.0, 0.0, 1023.0, 840.0)"]
FOCUSDBG layers NodeView z=0.001: ["NSViewBackingLayer z=0.0 frame=(0.0, 0.0, 1280.0, 840.0)", "NSViewBackingLayer z=0.001 frame=(0.0, 0.0, 1280.0, 840.0)", "NSViewBackingLayer z=0.001 frame=(0.0, 0.0, 0.0, 0.0)", "NSViewBackingLayer z=0.003 frame=(888.0, 78.0, 366.0, 74.0)", "NSViewBackingLayer z=0.002 frame=(240.0, 833.0, 1.0, 1.0)"]
FOCUSDBG layers FlippedView z=0.0: ["NSViewBackingLayer z=0.001 frame=(0.0, 0.0, 1280.0, 840.0)"]
FOCUSDBG layers NSClipView z=0.0: ["NSViewBackingLayer z=0.0 frame=(0.0, 0.0, 1280.0, 840.0)"]
FOCUSDBG layers PageScrollView z=0.0: ["NSViewBackingLayer z=0.0 frame=(0.0, 0.0, 1280.0, 840.0)", "CABackdropLayer z=0.0 frame=(0.0, 0.0, 1280.0, 52.0)", "NSViewBackingLayer z=0.0 frame=(0.0, 0.0, 1280.0, 840.0)", "NSViewBackingLayer z=0.0 frame=(0.0, 0.0, 1280.0, 52.0)", "NSViewBackingLayer z=0.0 frame=(-17.0, 0.0, 17.0, 0.0)", "NSViewBackingLayer z=0.0 frame=(0.0, -17.0, 0.0, 17.0)"]
FOCUSDBG layers ExactView z=0.0: ["NSViewBackingLayer z=0.0 frame=(0.0, 0.0, 1280.0, 840.0)"]
FOCUSDBG layers NSThemeFrame z=0.0: ["CUIWindowFrameLayer z=0.0 frame=(0.0, 0.0, 1280.0, 840.0)", "NSViewBackingLayer z=0.0 frame=(0.0, 0.0, 1280.0, 840.0)", "NSViewBackingLayer z=0.0 frame=(0.0, 788.0, 1280.0, 52.0)"]
FOCUSDBG draw key=true bounds=(0.0, 0.0, 24.0, 24.0) pressable=true
FOCUSDBG layers NodeView z=0.0: ["NSViewBackingLayer z=0.0 frame=(5.0, 5.0, 14.0, 14.0)"]
FOCUSDBG layers NodeView z=0.001: ["NSViewBackingLayer z=0.0 frame=(0.0, 0.0, 24.0, 24.0)"]
FOCUSDBG layers NodeView z=0.001: ["NSViewBackingLayer z=0.001 frame=(0.0, 0.0, 24.0, 24.0)", "NSViewBackingLayer z=0.001 frame=(28.0, 4.0, 26.0, 16.0)", "NSViewBackingLayer z=0.001 frame=(58.0, 0.0, 24.0, 24.0)"]
FOCUSDBG layers NodeView z=0.0: ["NSViewBackingLayer z=0.0 frame=(16.0, 20.0, 16.0, 16.0)", "NSViewBackingLayer z=0.0 frame=(44.0, 10.0, 807.0, 36.0)", "NSViewBackingLayer z=0.001 frame=(863.0, 16.0, 82.0, 24.0)"]
FOCUSDBG layers NodeView z=0.001: ["NSViewBackingLayer z=0.0 frame=(0.0, 0.0, 961.0, 56.0)"]
FOCUSDBG layers NodeView z=0.0: ["CALayer z=0.0 frame=(0.0, 0.0, 963.0, 58.0)", "CALayer z=0.0 frame=(0.0, 0.0, 963.0, 58.0)", "NSViewBackingLayer z=0.001 frame=(1.0, 1.0, 961.0, 56.0)"]
FOCUSDBG layers NodeView z=0.0: ["NSViewBackingLayer z=0.0 frame=(0.0, 0.0, 963.0, 28.0)", "NSViewBackingLayer z=0.0 frame=(0.0, 38.0, 963.0, 58.0)"]
FOCUSDBG layers NodeView z=0.0: ["NSViewBackingLayer z=0.0 frame=(0.0, 0.0, 963.0, 106.0)", "NSViewBackingLayer z=0.0 frame=(0.0, 138.0, 963.0, 96.0)"]
FOCUSDBG layers NodeView z=0.001: ["NSViewBackingLayer z=0.0 frame=(24.0, 24.0, 963.0, 234.0)"]
FOCUSDBG layers FlippedView z=0.0: ["NSViewBackingLayer z=0.001 frame=(6.0, 0.0, 1011.0, 306.0)"]
FOCUSDBG layers NSClipView z=0.0: ["NSViewBackingLayer z=0.0 frame=(0.0, 0.0, 1023.0, 788.0)", "CALayer z=0.0 frame=(866.0, 189.0, 80.0, 80.0)"]
FOCUSDBG layers ChainingScrollView z=0.0: ["CABackdropLayer z=0.0 frame=(0.0, 0.0, 0.0, 0.0)", "NSViewBackingLayer z=0.0 frame=(0.0, 0.0, 1023.0, 788.0)", "NSViewBackingLayer z=0.0 frame=(0.0, 0.0, 0.0, 0.0)", "NSViewBackingLayer z=0.0 frame=(1006.0, 0.0, 17.0, 788.0)", "NSViewBackingLayer z=0.0 frame=(0.0, 771.0, 1023.0, 17.0)"]
FOCUSDBG layers NodeView z=0.001: ["NSViewBackingLayer z=0.0 frame=(0.0, 0.0, 1023.0, 788.0)"]
FOCUSDBG layers NodeView z=0.001: ["NSViewBackingLayer z=0.0 frame=(0.0, 0.0, 1023.0, 52.0)", "NSViewBackingLayer z=0.001 frame=(0.0, 52.0, 1023.0, 788.0)"]
FOCUSDBG layers NodeView z=0.001: ["NSViewBackingLayer z=0.001 frame=(0.0, 0.0, 257.0, 840.0)", "NSViewBackingLayer z=0.001 frame=(257.0, 0.0, 1023.0, 840.0)"]
FOCUSDBG layers NodeView z=0.001: ["NSViewBackingLayer z=0.0 frame=(0.0, 0.0, 1280.0, 840.0)", "NSViewBackingLayer z=0.001 frame=(0.0, 0.0, 1280.0, 840.0)", "NSViewBackingLayer z=0.001 frame=(0.0, 0.0, 0.0, 0.0)", "NSViewBackingLayer z=0.003 frame=(888.0, 78.0, 366.0, 74.0)", "NSViewBackingLayer z=0.002 frame=(240.0, 833.0, 1.0, 1.0)"]
FOCUSDBG layers FlippedView z=0.0: ["NSViewBackingLayer z=0.001 frame=(0.0, 0.0, 1280.0, 840.0)"]
FOCUSDBG layers NSClipView z=0.0: ["NSViewBackingLayer z=0.0 frame=(0.0, 0.0, 1280.0, 840.0)"]
FOCUSDBG layers PageScrollView z=0.0: ["NSViewBackingLayer z=0.0 frame=(0.0, 0.0, 1280.0, 840.0)", "CABackdropLayer z=0.0 frame=(0.0, 0.0, 1280.0, 52.0)", "NSViewBackingLayer z=0.0 frame=(0.0, 0.0, 1280.0, 840.0)", "NSViewBackingLayer z=0.0 frame=(0.0, 0.0, 1280.0, 52.0)", "NSViewBackingLayer z=0.0 frame=(-17.0, 0.0, 17.0, 0.0)", "NSViewBackingLayer z=0.0 frame=(0.0, -17.0, 0.0, 17.0)"]
FOCUSDBG layers ExactView z=0.0: ["NSViewBackingLayer z=0.0 frame=(0.0, 0.0, 1280.0, 840.0)"]
FOCUSDBG layers NSThemeFrame z=0.0: ["CUIWindowFrameLayer z=0.0 frame=(0.0, 0.0, 1280.0, 840.0)", "NSViewBackingLayer z=0.0 frame=(0.0, 0.0, 1280.0, 840.0)", "NSViewBackingLayer z=0.0 frame=(0.0, 788.0, 1280.0, 52.0)"]
FOCUSDBG draw key=true bounds=(0.0, 0.0, 24.0, 24.0) pressable=true
FOCUSDBG layers NodeView z=0.0: ["NSViewBackingLayer z=0.0 frame=(5.0, 5.0, 14.0, 14.0)"]
FOCUSDBG layers NodeView z=0.001: ["NSViewBackingLayer z=0.0 frame=(0.0, 0.0, 24.0, 24.0)"]
FOCUSDBG layers NodeView z=0.001: ["NSViewBackingLayer z=0.001 frame=(0.0, 0.0, 24.0, 24.0)", "NSViewBackingLayer z=0.001 frame=(28.0, 4.0, 26.0, 16.0)", "NSViewBackingLayer z=0.001 frame=(58.0, 0.0, 24.0, 24.0)"]
FOCUSDBG layers NodeView z=0.0: ["NSViewBackingLayer z=0.0 frame=(16.0, 20.0, 16.0, 16.0)", "NSViewBackingLayer z=0.0 frame=(44.0, 10.0, 807.0, 36.0)", "NSViewBackingLayer z=0.001 frame=(863.0, 16.0, 82.0, 24.0)"]
FOCUSDBG layers NodeView z=0.001: ["NSViewBackingLayer z=0.0 frame=(0.0, 0.0, 961.0, 56.0)"]
FOCUSDBG layers NodeView z=0.0: ["CALayer z=0.0 frame=(0.0, 0.0, 963.0, 58.0)", "CALayer z=0.0 frame=(0.0, 0.0, 963.0, 58.0)", "NSViewBackingLayer z=0.001 frame=(1.0, 1.0, 961.0, 56.0)"]
FOCUSDBG layers NodeView z=0.0: ["NSViewBackingLayer z=0.0 frame=(0.0, 0.0, 963.0, 28.0)", "NSViewBackingLayer z=0.0 frame=(0.0, 38.0, 963.0, 58.0)"]
FOCUSDBG layers NodeView z=0.0: ["NSViewBackingLayer z=0.0 frame=(0.0, 0.0, 963.0, 106.0)", "NSViewBackingLayer z=0.0 frame=(0.0, 138.0, 963.0, 96.0)"]
FOCUSDBG layers NodeView z=0.001: ["NSViewBackingLayer z=0.0 frame=(24.0, 24.0, 963.0, 234.0)"]
FOCUSDBG layers FlippedView z=0.0: ["NSViewBackingLayer z=0.001 frame=(6.0, 0.0, 1011.0, 306.0)"]
FOCUSDBG layers NSClipView z=0.0: ["NSViewBackingLayer z=0.0 frame=(0.0, 0.0, 1023.0, 788.0)", "CALayer z=0.0 frame=(866.0, 189.0, 80.0, 80.0)"]
FOCUSDBG layers ChainingScrollView z=0.0: ["CABackdropLayer z=0.0 frame=(0.0, 0.0, 0.0, 0.0)", "NSViewBackingLayer z=0.0 frame=(0.0, 0.0, 1023.0, 788.0)", "NSViewBackingLayer z=0.0 frame=(0.0, 0.0, 0.0, 0.0)", "NSViewBackingLayer z=0.0 frame=(1006.0, 0.0, 17.0, 788.0)", "NSViewBackingLayer z=0.0 frame=(0.0, 771.0, 1023.0, 17.0)"]
FOCUSDBG layers NodeView z=0.001: ["NSViewBackingLayer z=0.0 frame=(0.0, 0.0, 1023.0, 788.0)"]
FOCUSDBG layers NodeView z=0.001: ["NSViewBackingLayer z=0.0 frame=(0.0, 0.0, 1023.0, 52.0)", "NSViewBackingLayer z=0.001 frame=(0.0, 52.0, 1023.0, 788.0)"]
FOCUSDBG layers NodeView z=0.001: ["NSViewBackingLayer z=0.001 frame=(0.0, 0.0, 257.0, 840.0)", "NSViewBackingLayer z=0.001 frame=(257.0, 0.0, 1023.0, 840.0)"]
FOCUSDBG layers NodeView z=0.001: ["NSViewBackingLayer z=0.0 frame=(0.0, 0.0, 1280.0, 840.0)", "NSViewBackingLayer z=0.001 frame=(0.0, 0.0, 1280.0, 840.0)", "NSViewBackingLayer z=0.001 frame=(0.0, 0.0, 0.0, 0.0)", "NSViewBackingLayer z=0.003 frame=(888.0, 78.0, 366.0, 74.0)", "NSViewBackingLayer z=0.002 frame=(240.0, 833.0, 1.0, 1.0)"]
FOCUSDBG layers FlippedView z=0.0: ["NSViewBackingLayer z=0.001 frame=(0.0, 0.0, 1280.0, 840.0)"]
FOCUSDBG layers NSClipView z=0.0: ["NSViewBackingLayer z=0.0 frame=(0.0, 0.0, 1280.0, 840.0)"]
FOCUSDBG layers PageScrollView z=0.0: ["NSViewBackingLayer z=0.0 frame=(0.0, 0.0, 1280.0, 840.0)", "CABackdropLayer z=0.0 frame=(0.0, 0.0, 1280.0, 52.0)", "NSViewBackingLayer z=0.0 frame=(0.0, 0.0, 1280.0, 840.0)", "NSViewBackingLayer z=0.0 frame=(0.0, 0.0, 1280.0, 52.0)", "NSViewBackingLayer z=0.0 frame=(-17.0, 0.0, 17.0, 0.0)", "NSViewBackingLayer z=0.0 frame=(0.0, -17.0, 0.0, 17.0)"]
FOCUSDBG layers ExactView z=0.0: ["NSViewBackingLayer z=0.0 frame=(0.0, 0.0, 1280.0, 840.0)"]
FOCUSDBG layers NSThemeFrame z=0.0: ["CUIWindowFrameLayer z=0.0 frame=(0.0, 0.0, 1280.0, 840.0)", "NSViewBackingLayer z=0.0 frame=(0.0, 0.0, 1280.0, 840.0)", "NSViewBackingLayer z=0.0 frame=(0.0, 788.0, 1280.0, 52.0)"]
FOCUSDBG draw key=true bounds=(0.0, 0.0, 24.0, 24.0) pressable=true
FOCUSDBG layers NodeView z=0.0: ["NSViewBackingLayer z=0.0 frame=(5.0, 5.0, 14.0, 14.0)"]
FOCUSDBG layers NodeView z=0.001: ["NSViewBackingLayer z=0.0 frame=(0.0, 0.0, 24.0, 24.0)"]
FOCUSDBG layers NodeView z=0.001: ["NSViewBackingLayer z=0.001 frame=(0.0, 0.0, 24.0, 24.0)", "NSViewBackingLayer z=0.001 frame=(28.0, 4.0, 26.0, 16.0)", "NSViewBackingLayer z=0.001 frame=(58.0, 0.0, 24.0, 24.0)"]
FOCUSDBG layers NodeView z=0.0: ["NSViewBackingLayer z=0.0 frame=(16.0, 20.0, 16.0, 16.0)", "NSViewBackingLayer z=0.0 frame=(44.0, 10.0, 807.0, 36.0)", "NSViewBackingLayer z=0.001 frame=(863.0, 16.0, 82.0, 24.0)"]
FOCUSDBG layers NodeView z=0.001: ["NSViewBackingLayer z=0.0 frame=(0.0, 0.0, 961.0, 56.0)"]
FOCUSDBG layers NodeView z=0.0: ["CALayer z=0.0 frame=(0.0, 0.0, 963.0, 58.0)", "CALayer z=0.0 frame=(0.0, 0.0, 963.0, 58.0)", "NSViewBackingLayer z=0.001 frame=(1.0, 1.0, 961.0, 56.0)"]
FOCUSDBG layers NodeView z=0.0: ["NSViewBackingLayer z=0.0 frame=(0.0, 0.0, 963.0, 28.0)", "NSViewBackingLayer z=0.0 frame=(0.0, 38.0, 963.0, 58.0)"]
FOCUSDBG layers NodeView z=0.0: ["NSViewBackingLayer z=0.0 frame=(0.0, 0.0, 963.0, 106.0)", "NSViewBackingLayer z=0.0 frame=(0.0, 138.0, 963.0, 96.0)"]
FOCUSDBG layers NodeView z=0.001: ["NSViewBackingLayer z=0.0 frame=(24.0, 24.0, 963.0, 234.0)"]
FOCUSDBG layers FlippedView z=0.0: ["NSViewBackingLayer z=0.001 frame=(6.0, 0.0, 1011.0, 306.0)"]
FOCUSDBG layers NSClipView z=0.0: ["NSViewBackingLayer z=0.0 frame=(0.0, 0.0, 1023.0, 788.0)", "CALayer z=0.0 frame=(866.0, 189.0, 80.0, 80.0)"]
FOCUSDBG layers ChainingScrollView z=0.0: ["CABackdropLayer z=0.0 frame=(0.0, 0.0, 0.0, 0.0)", "NSViewBackingLayer z=0.0 frame=(0.0, 0.0, 1023.0, 788.0)", "NSViewBackingLayer z=0.0 frame=(0.0, 0.0, 0.0, 0.0)", "NSViewBackingLayer z=0.0 frame=(1006.0, 0.0, 17.0, 788.0)", "NSViewBackingLayer z=0.0 frame=(0.0, 771.0, 1023.0, 17.0)"]
FOCUSDBG layers NodeView z=0.001: ["NSViewBackingLayer z=0.0 frame=(0.0, 0.0, 1023.0, 788.0)"]
FOCUSDBG layers NodeView z=0.001: ["NSViewBackingLayer z=0.0 frame=(0.0, 0.0, 1023.0, 52.0)", "NSViewBackingLayer z=0.001 frame=(0.0, 52.0, 1023.0, 788.0)"]
FOCUSDBG layers NodeView z=0.001: ["NSViewBackingLayer z=0.001 frame=(0.0, 0.0, 257.0, 840.0)", "NSViewBackingLayer z=0.001 frame=(257.0, 0.0, 1023.0, 840.0)"]
FOCUSDBG layers NodeView z=0.001: ["NSViewBackingLayer z=0.0 frame=(0.0, 0.0, 1280.0, 840.0)", "NSViewBackingLayer z=0.001 frame=(0.0, 0.0, 1280.0, 840.0)", "NSViewBackingLayer z=0.001 frame=(0.0, 0.0, 0.0, 0.0)", "NSViewBackingLayer z=0.003 frame=(888.0, 78.0, 366.0, 74.0)", "NSViewBackingLayer z=0.002 frame=(240.0, 833.0, 1.0, 1.0)"]
FOCUSDBG layers FlippedView z=0.0: ["NSViewBackingLayer z=0.001 frame=(0.0, 0.0, 1280.0, 840.0)"]
FOCUSDBG layers NSClipView z=0.0: ["NSViewBackingLayer z=0.0 frame=(0.0, 0.0, 1280.0, 840.0)"]
FOCUSDBG layers PageScrollView z=0.0: ["NSViewBackingLayer z=0.0 frame=(0.0, 0.0, 1280.0, 840.0)", "CABackdropLayer z=0.0 frame=(0.0, 0.0, 1280.0, 52.0)", "NSViewBackingLayer z=0.0 frame=(0.0, 0.0, 1280.0, 840.0)", "NSViewBackingLayer z=0.0 frame=(0.0, 0.0, 1280.0, 52.0)", "NSViewBackingLayer z=0.0 frame=(-17.0, 0.0, 17.0, 0.0)", "NSViewBackingLayer z=0.0 frame=(0.0, -17.0, 0.0, 17.0)"]
FOCUSDBG layers ExactView z=0.0: ["NSViewBackingLayer z=0.0 frame=(0.0, 0.0, 1280.0, 840.0)"]
FOCUSDBG layers NSThemeFrame z=0.0: ["CUIWindowFrameLayer z=0.0 frame=(0.0, 0.0, 1280.0, 840.0)", "NSViewBackingLayer z=0.0 frame=(0.0, 0.0, 1280.0, 840.0)", "NSViewBackingLayer z=0.0 frame=(0.0, 788.0, 1280.0, 52.0)"]
FOCUSDBG draw key=true bounds=(0.0, 0.0, 24.0, 24.0) pressable=true
FOCUSDBG layers NodeView z=0.0: ["NSViewBackingLayer z=0.0 frame=(5.0, 5.0, 14.0, 14.0)"]
FOCUSDBG layers NodeView z=0.001: ["NSViewBackingLayer z=0.0 frame=(0.0, 0.0, 24.0, 24.0)"]
FOCUSDBG layers NodeView z=0.001: ["NSViewBackingLayer z=0.001 frame=(0.0, 0.0, 24.0, 24.0)", "NSViewBackingLayer z=0.001 frame=(28.0, 4.0, 26.0, 16.0)", "NSViewBackingLayer z=0.001 frame=(58.0, 0.0, 24.0, 24.0)"]
FOCUSDBG layers NodeView z=0.0: ["NSViewBackingLayer z=0.0 frame=(16.0, 20.0, 16.0, 16.0)", "NSViewBackingLayer z=0.0 frame=(44.0, 10.0, 807.0, 36.0)", "NSViewBackingLayer z=0.001 frame=(863.0, 16.0, 82.0, 24.0)"]
FOCUSDBG layers NodeView z=0.001: ["NSViewBackingLayer z=0.0 frame=(0.0, 0.0, 961.0, 56.0)"]
FOCUSDBG layers NodeView z=0.0: ["CALayer z=0.0 frame=(0.0, 0.0, 963.0, 58.0)", "CALayer z=0.0 frame=(0.0, 0.0, 963.0, 58.0)", "NSViewBackingLayer z=0.001 frame=(1.0, 1.0, 961.0, 56.0)"]
FOCUSDBG layers NodeView z=0.0: ["NSViewBackingLayer z=0.0 frame=(0.0, 0.0, 963.0, 28.0)", "NSViewBackingLayer z=0.0 frame=(0.0, 38.0, 963.0, 58.0)"]
FOCUSDBG layers NodeView z=0.0: ["NSViewBackingLayer z=0.0 frame=(0.0, 0.0, 963.0, 106.0)", "NSViewBackingLayer z=0.0 frame=(0.0, 138.0, 963.0, 96.0)"]
FOCUSDBG layers NodeView z=0.001: ["NSViewBackingLayer z=0.0 frame=(24.0, 24.0, 963.0, 234.0)"]
FOCUSDBG layers FlippedView z=0.0: ["NSViewBackingLayer z=0.001 frame=(6.0, 0.0, 1011.0, 306.0)"]
FOCUSDBG layers NSClipView z=0.0: ["NSViewBackingLayer z=0.0 frame=(0.0, 0.0, 1023.0, 788.0)", "CALayer z=0.0 frame=(866.0, 189.0, 80.0, 80.0)"]
FOCUSDBG layers ChainingScrollView z=0.0: ["CABackdropLayer z=0.0 frame=(0.0, 0.0, 0.0, 0.0)", "NSViewBackingLayer z=0.0 frame=(0.0, 0.0, 1023.0, 788.0)", "NSViewBackingLayer z=0.0 frame=(0.0, 0.0, 0.0, 0.0)", "NSViewBackingLayer z=0.0 frame=(1006.0, 0.0, 17.0, 788.0)", "NSViewBackingLayer z=0.0 frame=(0.0, 771.0, 1023.0, 17.0)"]
FOCUSDBG layers NodeView z=0.001: ["NSViewBackingLayer z=0.0 frame=(0.0, 0.0, 1023.0, 788.0)"]
FOCUSDBG layers NodeView z=0.001: ["NSViewBackingLayer z=0.0 frame=(0.0, 0.0, 1023.0, 52.0)", "NSViewBackingLayer z=0.001 frame=(0.0, 52.0, 1023.0, 788.0)"]
FOCUSDBG layers NodeView z=0.001: ["NSViewBackingLayer z=0.001 frame=(0.0, 0.0, 257.0, 840.0)", "NSViewBackingLayer z=0.001 frame=(257.0, 0.0, 1023.0, 840.0)"]
FOCUSDBG layers NodeView z=0.001: ["NSViewBackingLayer z=0.0 frame=(0.0, 0.0, 1280.0, 840.0)", "NSViewBackingLayer z=0.001 frame=(0.0, 0.0, 1280.0, 840.0)", "NSViewBackingLayer z=0.001 frame=(0.0, 0.0, 0.0, 0.0)", "NSViewBackingLayer z=0.003 frame=(888.0, 78.0, 366.0, 74.0)", "NSViewBackingLayer z=0.002 frame=(240.0, 833.0, 1.0, 1.0)"]
FOCUSDBG layers FlippedView z=0.0: ["NSViewBackingLayer z=0.001 frame=(0.0, 0.0, 1280.0, 840.0)"]
FOCUSDBG layers NSClipView z=0.0: ["NSViewBackingLayer z=0.0 frame=(0.0, 0.0, 1280.0, 840.0)"]
FOCUSDBG layers PageScrollView z=0.0: ["NSViewBackingLayer z=0.0 frame=(0.0, 0.0, 1280.0, 840.0)", "CABackdropLayer z=0.0 frame=(0.0, 0.0, 1280.0, 52.0)", "NSViewBackingLayer z=0.0 frame=(0.0, 0.0, 1280.0, 840.0)", "NSViewBackingLayer z=0.0 frame=(0.0, 0.0, 1280.0, 52.0)", "NSViewBackingLayer z=0.0 frame=(-17.0, 0.0, 17.0, 0.0)", "NSViewBackingLayer z=0.0 frame=(0.0, -17.0, 0.0, 17.0)"]
FOCUSDBG layers ExactView z=0.0: ["NSViewBackingLayer z=0.0 frame=(0.0, 0.0, 1280.0, 840.0)"]
FOCUSDBG layers NSThemeFrame z=0.0: ["CUIWindowFrameLayer z=0.0 frame=(0.0, 0.0, 1280.0, 840.0)", "NSViewBackingLayer z=0.0 frame=(0.0, 0.0, 1280.0, 840.0)", "NSViewBackingLayer z=0.0 frame=(0.0, 788.0, 1280.0, 52.0)"]
FOCUSDBG draw key=true bounds=(0.0, 0.0, 24.0, 24.0) pressable=true
FOCUSDBG layers NodeView z=0.0: ["NSViewBackingLayer z=0.0 frame=(5.0, 5.0, 14.0, 14.0)"]
FOCUSDBG layers NodeView z=0.001: ["NSViewBackingLayer z=0.0 frame=(0.0, 0.0, 24.0, 24.0)"]
FOCUSDBG layers NodeView z=0.001: ["NSViewBackingLayer z=0.001 frame=(0.0, 0.0, 24.0, 24.0)", "NSViewBackingLayer z=0.001 frame=(28.0, 4.0, 26.0, 16.0)", "NSViewBackingLayer z=0.001 frame=(58.0, 0.0, 24.0, 24.0)"]
FOCUSDBG layers NodeView z=0.0: ["NSViewBackingLayer z=0.0 frame=(16.0, 20.0, 16.0, 16.0)", "NSViewBackingLayer z=0.0 frame=(44.0, 10.0, 807.0, 36.0)", "NSViewBackingLayer z=0.001 frame=(863.0, 16.0, 82.0, 24.0)"]
FOCUSDBG layers NodeView z=0.001: ["NSViewBackingLayer z=0.0 frame=(0.0, 0.0, 961.0, 56.0)"]
FOCUSDBG layers NodeView z=0.0: ["CALayer z=0.0 frame=(0.0, 0.0, 963.0, 58.0)", "CALayer z=0.0 frame=(0.0, 0.0, 963.0, 58.0)", "NSViewBackingLayer z=0.001 frame=(1.0, 1.0, 961.0, 56.0)"]
FOCUSDBG layers NodeView z=0.0: ["NSViewBackingLayer z=0.0 frame=(0.0, 0.0, 963.0, 28.0)", "NSViewBackingLayer z=0.0 frame=(0.0, 38.0, 963.0, 58.0)"]
FOCUSDBG layers NodeView z=0.0: ["NSViewBackingLayer z=0.0 frame=(0.0, 0.0, 963.0, 106.0)", "NSViewBackingLayer z=0.0 frame=(0.0, 138.0, 963.0, 96.0)"]
FOCUSDBG layers NodeView z=0.001: ["NSViewBackingLayer z=0.0 frame=(24.0, 24.0, 963.0, 234.0)"]
FOCUSDBG layers FlippedView z=0.0: ["NSViewBackingLayer z=0.001 frame=(6.0, 0.0, 1011.0, 306.0)"]
FOCUSDBG layers NSClipView z=0.0: ["NSViewBackingLayer z=0.0 frame=(0.0, 0.0, 1023.0, 788.0)", "CALayer z=0.0 frame=(866.0, 189.0, 80.0, 80.0)"]
FOCUSDBG layers ChainingScrollView z=0.0: ["CABackdropLayer z=0.0 frame=(0.0, 0.0, 0.0, 0.0)", "NSViewBackingLayer z=0.0 frame=(0.0, 0.0, 1023.0, 788.0)", "NSViewBackingLayer z=0.0 frame=(0.0, 0.0, 0.0, 0.0)", "NSViewBackingLayer z=0.0 frame=(1006.0, 0.0, 17.0, 788.0)", "NSViewBackingLayer z=0.0 frame=(0.0, 771.0, 1023.0, 17.0)"]
FOCUSDBG layers NodeView z=0.001: ["NSViewBackingLayer z=0.0 frame=(0.0, 0.0, 1023.0, 788.0)"]
FOCUSDBG layers NodeView z=0.001: ["NSViewBackingLayer z=0.0 frame=(0.0, 0.0, 1023.0, 52.0)", "NSViewBackingLayer z=0.001 frame=(0.0, 52.0, 1023.0, 788.0)"]
FOCUSDBG layers NodeView z=0.001: ["NSViewBackingLayer z=0.001 frame=(0.0, 0.0, 257.0, 840.0)", "NSViewBackingLayer z=0.001 frame=(257.0, 0.0, 1023.0, 840.0)"]
FOCUSDBG layers NodeView z=0.001: ["NSViewBackingLayer z=0.0 frame=(0.0, 0.0, 1280.0, 840.0)", "NSViewBackingLayer z=0.001 frame=(0.0, 0.0, 1280.0, 840.0)", "NSViewBackingLayer z=0.001 frame=(0.0, 0.0, 0.0, 0.0)", "NSViewBackingLayer z=0.003 frame=(888.0, 78.0, 366.0, 74.0)", "NSViewBackingLayer z=0.002 frame=(240.0, 833.0, 1.0, 1.0)"]
FOCUSDBG layers FlippedView z=0.0: ["NSViewBackingLayer z=0.001 frame=(0.0, 0.0, 1280.0, 840.0)"]
FOCUSDBG layers NSClipView z=0.0: ["NSViewBackingLayer z=0.0 frame=(0.0, 0.0, 1280.0, 840.0)"]
FOCUSDBG layers PageScrollView z=0.0: ["NSViewBackingLayer z=0.0 frame=(0.0, 0.0, 1280.0, 840.0)", "CABackdropLayer z=0.0 frame=(0.0, 0.0, 1280.0, 52.0)", "NSViewBackingLayer z=0.0 frame=(0.0, 0.0, 1280.0, 840.0)", "NSViewBackingLayer z=0.0 frame=(0.0, 0.0, 1280.0, 52.0)", "NSViewBackingLayer z=0.0 frame=(-17.0, 0.0, 17.0, 0.0)", "NSViewBackingLayer z=0.0 frame=(0.0, -17.0, 0.0, 17.0)"]
FOCUSDBG layers ExactView z=0.0: ["NSViewBackingLayer z=0.0 frame=(0.0, 0.0, 1280.0, 840.0)"]
FOCUSDBG layers NSThemeFrame z=0.0: ["CUIWindowFrameLayer z=0.0 frame=(0.0, 0.0, 1280.0, 840.0)", "NSViewBackingLayer z=0.0 frame=(0.0, 0.0, 1280.0, 840.0)", "NSViewBackingLayer z=0.0 frame=(0.0, 788.0, 1280.0, 52.0)"]
FOCUSDBG draw key=true bounds=(0.0, 0.0, 24.0, 24.0) pressable=true
FOCUSDBG layers NodeView z=0.0: ["NSViewBackingLayer z=0.0 frame=(5.0, 5.0, 14.0, 14.0)"]
FOCUSDBG layers NodeView z=0.001: ["NSViewBackingLayer z=0.0 frame=(0.0, 0.0, 24.0, 24.0)"]
FOCUSDBG layers NodeView z=0.001: ["NSViewBackingLayer z=0.001 frame=(0.0, 0.0, 24.0, 24.0)", "NSViewBackingLayer z=0.001 frame=(28.0, 4.0, 26.0, 16.0)", "NSViewBackingLayer z=0.001 frame=(58.0, 0.0, 24.0, 24.0)"]
FOCUSDBG layers NodeView z=0.0: ["NSViewBackingLayer z=0.0 frame=(16.0, 20.0, 16.0, 16.0)", "NSViewBackingLayer z=0.0 frame=(44.0, 10.0, 807.0, 36.0)", "NSViewBackingLayer z=0.001 frame=(863.0, 16.0, 82.0, 24.0)"]
FOCUSDBG layers NodeView z=0.001: ["NSViewBackingLayer z=0.0 frame=(0.0, 0.0, 961.0, 56.0)"]
FOCUSDBG layers NodeView z=0.0: ["CALayer z=0.0 frame=(0.0, 0.0, 963.0, 58.0)", "CALayer z=0.0 frame=(0.0, 0.0, 963.0, 58.0)", "NSViewBackingLayer z=0.001 frame=(1.0, 1.0, 961.0, 56.0)"]
FOCUSDBG layers NodeView z=0.0: ["NSViewBackingLayer z=0.0 frame=(0.0, 0.0, 963.0, 28.0)", "NSViewBackingLayer z=0.0 frame=(0.0, 38.0, 963.0, 58.0)"]
FOCUSDBG layers NodeView z=0.0: ["NSViewBackingLayer z=0.0 frame=(0.0, 0.0, 963.0, 106.0)", "NSViewBackingLayer z=0.0 frame=(0.0, 138.0, 963.0, 96.0)"]
FOCUSDBG layers NodeView z=0.001: ["NSViewBackingLayer z=0.0 frame=(24.0, 24.0, 963.0, 234.0)"]
FOCUSDBG layers FlippedView z=0.0: ["NSViewBackingLayer z=0.001 frame=(6.0, 0.0, 1011.0, 306.0)"]
FOCUSDBG layers NSClipView z=0.0: ["NSViewBackingLayer z=0.0 frame=(0.0, 0.0, 1023.0, 788.0)", "CALayer z=0.0 frame=(866.0, 189.0, 80.0, 80.0)"]
FOCUSDBG layers ChainingScrollView z=0.0: ["CABackdropLayer z=0.0 frame=(0.0, 0.0, 0.0, 0.0)", "NSViewBackingLayer z=0.0 frame=(0.0, 0.0, 1023.0, 788.0)", "NSViewBackingLayer z=0.0 frame=(0.0, 0.0, 0.0, 0.0)", "NSViewBackingLayer z=0.0 frame=(1006.0, 0.0, 17.0, 788.0)", "NSViewBackingLayer z=0.0 frame=(0.0, 771.0, 1023.0, 17.0)"]
FOCUSDBG layers NodeView z=0.001: ["NSViewBackingLayer z=0.0 frame=(0.0, 0.0, 1023.0, 788.0)"]
FOCUSDBG layers NodeView z=0.001: ["NSViewBackingLayer z=0.0 frame=(0.0, 0.0, 1023.0, 52.0)", "NSViewBackingLayer z=0.001 frame=(0.0, 52.0, 1023.0, 788.0)"]
FOCUSDBG layers NodeView z=0.001: ["NSViewBackingLayer z=0.001 frame=(0.0, 0.0, 257.0, 840.0)", "NSViewBackingLayer z=0.001 frame=(257.0, 0.0, 1023.0, 840.0)"]
FOCUSDBG layers NodeView z=0.001: ["NSViewBackingLayer z=0.0 frame=(0.0, 0.0, 1280.0, 840.0)", "NSViewBackingLayer z=0.001 frame=(0.0, 0.0, 1280.0, 840.0)", "NSViewBackingLayer z=0.001 frame=(0.0, 0.0, 0.0, 0.0)", "NSViewBackingLayer z=0.003 frame=(888.0, 78.0, 366.0, 74.0)", "NSViewBackingLayer z=0.002 frame=(240.0, 833.0, 1.0, 1.0)"]
FOCUSDBG layers FlippedView z=0.0: ["NSViewBackingLayer z=0.001 frame=(0.0, 0.0, 1280.0, 840.0)"]
FOCUSDBG layers NSClipView z=0.0: ["NSViewBackingLayer z=0.0 frame=(0.0, 0.0, 1280.0, 840.0)"]
FOCUSDBG layers PageScrollView z=0.0: ["NSViewBackingLayer z=0.0 frame=(0.0, 0.0, 1280.0, 840.0)", "CABackdropLayer z=0.0 frame=(0.0, 0.0, 1280.0, 52.0)", "NSViewBackingLayer z=0.0 frame=(0.0, 0.0, 1280.0, 840.0)", "NSViewBackingLayer z=0.0 frame=(0.0, 0.0, 1280.0, 52.0)", "NSViewBackingLayer z=0.0 frame=(-17.0, 0.0, 17.0, 0.0)", "NSViewBackingLayer z=0.0 frame=(0.0, -17.0, 0.0, 17.0)"]
FOCUSDBG layers ExactView z=0.0: ["NSViewBackingLayer z=0.0 frame=(0.0, 0.0, 1280.0, 840.0)"]
FOCUSDBG layers NSThemeFrame z=0.0: ["CUIWindowFrameLayer z=0.0 frame=(0.0, 0.0, 1280.0, 840.0)", "NSViewBackingLayer z=0.0 frame=(0.0, 0.0, 1280.0, 840.0)", "NSViewBackingLayer z=0.0 frame=(0.0, 788.0, 1280.0, 52.0)"]
FOCUSDBG draw key=true bounds=(0.0, 0.0, 24.0, 24.0) pressable=true
FOCUSDBG layers NodeView z=0.0: ["NSViewBackingLayer z=0.0 frame=(5.0, 5.0, 14.0, 14.0)"]
FOCUSDBG layers NodeView z=0.001: ["NSViewBackingLayer z=0.0 frame=(0.0, 0.0, 24.0, 24.0)"]
FOCUSDBG layers NodeView z=0.001: ["NSViewBackingLayer z=0.001 frame=(0.0, 0.0, 24.0, 24.0)", "NSViewBackingLayer z=0.001 frame=(28.0, 4.0, 26.0, 16.0)", "NSViewBackingLayer z=0.001 frame=(58.0, 0.0, 24.0, 24.0)"]
FOCUSDBG layers NodeView z=0.0: ["NSViewBackingLayer z=0.0 frame=(16.0, 20.0, 16.0, 16.0)", "NSViewBackingLayer z=0.0 frame=(44.0, 10.0, 807.0, 36.0)", "NSViewBackingLayer z=0.001 frame=(863.0, 16.0, 82.0, 24.0)"]
FOCUSDBG layers NodeView z=0.001: ["NSViewBackingLayer z=0.0 frame=(0.0, 0.0, 961.0, 56.0)"]
FOCUSDBG layers NodeView z=0.0: ["CALayer z=0.0 frame=(0.0, 0.0, 963.0, 58.0)", "CALayer z=0.0 frame=(0.0, 0.0, 963.0, 58.0)", "NSViewBackingLayer z=0.001 frame=(1.0, 1.0, 961.0, 56.0)"]
FOCUSDBG layers NodeView z=0.0: ["NSViewBackingLayer z=0.0 frame=(0.0, 0.0, 963.0, 28.0)", "NSViewBackingLayer z=0.0 frame=(0.0, 38.0, 963.0, 58.0)"]
FOCUSDBG layers NodeView z=0.0: ["NSViewBackingLayer z=0.0 frame=(0.0, 0.0, 963.0, 106.0)", "NSViewBackingLayer z=0.0 frame=(0.0, 138.0, 963.0, 96.0)"]
FOCUSDBG layers NodeView z=0.001: ["NSViewBackingLayer z=0.0 frame=(24.0, 24.0, 963.0, 234.0)"]
FOCUSDBG layers FlippedView z=0.0: ["NSViewBackingLayer z=0.001 frame=(6.0, 0.0, 1011.0, 306.0)"]
FOCUSDBG layers NSClipView z=0.0: ["NSViewBackingLayer z=0.0 frame=(0.0, 0.0, 1023.0, 788.0)", "CALayer z=0.0 frame=(866.0, 189.0, 80.0, 80.0)"]
FOCUSDBG layers ChainingScrollView z=0.0: ["CABackdropLayer z=0.0 frame=(0.0, 0.0, 0.0, 0.0)", "NSViewBackingLayer z=0.0 frame=(0.0, 0.0, 1023.0, 788.0)", "NSViewBackingLayer z=0.0 frame=(0.0, 0.0, 0.0, 0.0)", "NSViewBackingLayer z=0.0 frame=(1006.0, 0.0, 17.0, 788.0)", "NSViewBackingLayer z=0.0 frame=(0.0, 771.0, 1023.0, 17.0)"]
FOCUSDBG layers NodeView z=0.001: ["NSViewBackingLayer z=0.0 frame=(0.0, 0.0, 1023.0, 788.0)"]
FOCUSDBG layers NodeView z=0.001: ["NSViewBackingLayer z=0.0 frame=(0.0, 0.0, 1023.0, 52.0)", "NSViewBackingLayer z=0.001 frame=(0.0, 52.0, 1023.0, 788.0)"]
FOCUSDBG layers NodeView z=0.001: ["NSViewBackingLayer z=0.001 frame=(0.0, 0.0, 257.0, 840.0)", "NSViewBackingLayer z=0.001 frame=(257.0, 0.0, 1023.0, 840.0)"]
FOCUSDBG layers NodeView z=0.001: ["NSViewBackingLayer z=0.0 frame=(0.0, 0.0, 1280.0, 840.0)", "NSViewBackingLayer z=0.001 frame=(0.0, 0.0, 1280.0, 840.0)", "NSViewBackingLayer z=0.001 frame=(0.0, 0.0, 0.0, 0.0)", "NSViewBackingLayer z=0.003 frame=(888.0, 78.0, 366.0, 74.0)", "NSViewBackingLayer z=0.002 frame=(240.0, 833.0, 1.0, 1.0)"]
FOCUSDBG layers FlippedView z=0.0: ["NSViewBackingLayer z=0.001 frame=(0.0, 0.0, 1280.0, 840.0)"]
FOCUSDBG layers NSClipView z=0.0: ["NSViewBackingLayer z=0.0 frame=(0.0, 0.0, 1280.0, 840.0)"]
FOCUSDBG layers PageScrollView z=0.0: ["NSViewBackingLayer z=0.0 frame=(0.0, 0.0, 1280.0, 840.0)", "CABackdropLayer z=0.0 frame=(0.0, 0.0, 1280.0, 52.0)", "NSViewBackingLayer z=0.0 frame=(0.0, 0.0, 1280.0, 840.0)", "NSViewBackingLayer z=0.0 frame=(0.0, 0.0, 1280.0, 52.0)", "NSViewBackingLayer z=0.0 frame=(-17.0, 0.0, 17.0, 0.0)", "NSViewBackingLayer z=0.0 frame=(0.0, -17.0, 0.0, 17.0)"]
FOCUSDBG layers ExactView z=0.0: ["NSViewBackingLayer z=0.0 frame=(0.0, 0.0, 1280.0, 840.0)"]
FOCUSDBG layers NSThemeFrame z=0.0: ["CUIWindowFrameLayer z=0.0 frame=(0.0, 0.0, 1280.0, 840.0)", "NSViewBackingLayer z=0.0 frame=(0.0, 0.0, 1280.0, 840.0)", "NSViewBackingLayer z=0.0 frame=(0.0, 788.0, 1280.0, 52.0)"]
FOCUSDBG draw key=true bounds=(0.0, 0.0, 24.0, 24.0) pressable=true
FOCUSDBG layers NodeView z=0.0: ["NSViewBackingLayer z=0.0 frame=(5.0, 5.0, 14.0, 14.0)"]
FOCUSDBG layers NodeView z=0.001: ["NSViewBackingLayer z=0.0 frame=(0.0, 0.0, 24.0, 24.0)"]
FOCUSDBG layers NodeView z=0.001: ["NSViewBackingLayer z=0.001 frame=(0.0, 0.0, 24.0, 24.0)", "NSViewBackingLayer z=0.001 frame=(28.0, 4.0, 26.0, 16.0)", "NSViewBackingLayer z=0.001 frame=(58.0, 0.0, 24.0, 24.0)"]
FOCUSDBG layers NodeView z=0.0: ["NSViewBackingLayer z=0.0 frame=(16.0, 20.0, 16.0, 16.0)", "NSViewBackingLayer z=0.0 frame=(44.0, 10.0, 807.0, 36.0)", "NSViewBackingLayer z=0.001 frame=(863.0, 16.0, 82.0, 24.0)"]
FOCUSDBG layers NodeView z=0.001: ["NSViewBackingLayer z=0.0 frame=(0.0, 0.0, 961.0, 56.0)"]
FOCUSDBG layers NodeView z=0.0: ["CALayer z=0.0 frame=(0.0, 0.0, 963.0, 58.0)", "CALayer z=0.0 frame=(0.0, 0.0, 963.0, 58.0)", "NSViewBackingLayer z=0.001 frame=(1.0, 1.0, 961.0, 56.0)"]
FOCUSDBG layers NodeView z=0.0: ["NSViewBackingLayer z=0.0 frame=(0.0, 0.0, 963.0, 28.0)", "NSViewBackingLayer z=0.0 frame=(0.0, 38.0, 963.0, 58.0)"]
FOCUSDBG layers NodeView z=0.0: ["NSViewBackingLayer z=0.0 frame=(0.0, 0.0, 963.0, 106.0)", "NSViewBackingLayer z=0.0 frame=(0.0, 138.0, 963.0, 96.0)"]
FOCUSDBG layers NodeView z=0.001: ["NSViewBackingLayer z=0.0 frame=(24.0, 24.0, 963.0, 234.0)"]
FOCUSDBG layers FlippedView z=0.0: ["NSViewBackingLayer z=0.001 frame=(6.0, 0.0, 1011.0, 306.0)"]
FOCUSDBG layers NSClipView z=0.0: ["NSViewBackingLayer z=0.0 frame=(0.0, 0.0, 1023.0, 788.0)", "CALayer z=0.0 frame=(866.0, 189.0, 80.0, 80.0)"]
FOCUSDBG layers ChainingScrollView z=0.0: ["CABackdropLayer z=0.0 frame=(0.0, 0.0, 0.0, 0.0)", "NSViewBackingLayer z=0.0 frame=(0.0, 0.0, 1023.0, 788.0)", "NSViewBackingLayer z=0.0 frame=(0.0, 0.0, 0.0, 0.0)", "NSViewBackingLayer z=0.0 frame=(1006.0, 0.0, 17.0, 788.0)", "NSViewBackingLayer z=0.0 frame=(0.0, 771.0, 1023.0, 17.0)"]
FOCUSDBG layers NodeView z=0.001: ["NSViewBackingLayer z=0.0 frame=(0.0, 0.0, 1023.0, 788.0)"]
FOCUSDBG layers NodeView z=0.001: ["NSViewBackingLayer z=0.0 frame=(0.0, 0.0, 1023.0, 52.0)", "NSViewBackingLayer z=0.001 frame=(0.0, 52.0, 1023.0, 788.0)"]
FOCUSDBG layers NodeView z=0.001: ["NSViewBackingLayer z=0.001 frame=(0.0, 0.0, 257.0, 840.0)", "NSViewBackingLayer z=0.001 frame=(257.0, 0.0, 1023.0, 840.0)"]
FOCUSDBG layers NodeView z=0.001: ["NSViewBackingLayer z=0.0 frame=(0.0, 0.0, 1280.0, 840.0)", "NSViewBackingLayer z=0.001 frame=(0.0, 0.0, 1280.0, 840.0)", "NSViewBackingLayer z=0.001 frame=(0.0, 0.0, 0.0, 0.0)", "NSViewBackingLayer z=0.003 frame=(888.0, 78.0, 366.0, 74.0)", "NSViewBackingLayer z=0.002 frame=(240.0, 833.0, 1.0, 1.0)"]
FOCUSDBG layers FlippedView z=0.0: ["NSViewBackingLayer z=0.001 frame=(0.0, 0.0, 1280.0, 840.0)"]
FOCUSDBG layers NSClipView z=0.0: ["NSViewBackingLayer z=0.0 frame=(0.0, 0.0, 1280.0, 840.0)"]
FOCUSDBG layers PageScrollView z=0.0: ["NSViewBackingLayer z=0.0 frame=(0.0, 0.0, 1280.0, 840.0)", "CABackdropLayer z=0.0 frame=(0.0, 0.0, 1280.0, 52.0)", "NSViewBackingLayer z=0.0 frame=(0.0, 0.0, 1280.0, 840.0)", "NSViewBackingLayer z=0.0 frame=(0.0, 0.0, 1280.0, 52.0)", "NSViewBackingLayer z=0.0 frame=(-17.0, 0.0, 17.0, 0.0)", "NSViewBackingLayer z=0.0 frame=(0.0, -17.0, 0.0, 17.0)"]
FOCUSDBG layers ExactView z=0.0: ["NSViewBackingLayer z=0.0 frame=(0.0, 0.0, 1280.0, 840.0)"]
FOCUSDBG layers NSThemeFrame z=0.0: ["CUIWindowFrameLayer z=0.0 frame=(0.0, 0.0, 1280.0, 840.0)", "NSViewBackingLayer z=0.0 frame=(0.0, 0.0, 1280.0, 840.0)", "NSViewBackingLayer z=0.0 frame=(0.0, 788.0, 1280.0, 52.0)"]
