   Compiling proc-macro2 v1.0.107
   Compiling unicode-ident v1.0.26
   Compiling quote v1.0.47
   Compiling autocfg v1.5.1
   Compiling libm v0.2.16
   Compiling serde_core v1.0.229
   Compiling version_check v0.9.5
   Compiling zmij v1.0.23
   Compiling serde v1.0.229
   Compiling cfg-if v1.0.5
   Compiling typenum v1.20.1
   Compiling serde_json v1.0.151
   Compiling foldhash v0.2.0
   Compiling memchr v2.8.3
   Compiling thiserror v2.0.20
   Compiling itoa v1.0.18
   Compiling equivalent v1.0.2
   Compiling cfg_aliases v0.2.2
   Compiling cpufeatures v0.2.17
   Compiling log v0.4.34
   Compiling crc32fast v1.5.2
   Compiling smallvec v1.16.1
   Compiling static_assertions v1.1.0
   Compiling zerocopy v0.8.57
   Compiling rustc-hash v1.1.0
   Compiling simd-adler32 v0.3.10
   Compiling unicode-width v0.2.2
   Compiling libc v0.2.189
   Compiling bit-vec v0.9.1
   Compiling parking_lot_core v0.9.12
   Compiling adler2 v2.0.1
   Compiling once_cell v1.21.4
   Compiling ash v0.38.0+1.3.281
   Compiling exact-game-derive v0.1.0 (/home/ccheever/lanes/gamenext/scratch/I2/trials/7c65726/a-2/workspace/game/derive)
   Compiling scopeguard v1.2.0
   Compiling raw-window-handle v0.6.2
   Compiling allocator-api2 v0.2.21
   Compiling heapless v0.8.0
   Compiling presser v0.3.1
   Compiling byteorder v1.5.0
   Compiling rawpointer v0.2.1
   Compiling zune-core v0.5.3
   Compiling bitflags v2.13.2
   Compiling pxfm v0.1.30
   Compiling stable_deref_trait v1.2.1
   Compiling renderdoc-sys v1.1.0
   Compiling inflections v1.1.1
   Compiling bytemuck v1.25.2
   Compiling byteorder-lite v0.1.0
   Compiling litrs v1.0.0
   Compiling either v1.18.0
   Compiling lazy_static v1.5.0
   Compiling downcast-rs v2.0.2
   Compiling base64 v0.13.1
   Compiling slab v0.4.12
   Compiling urlencoding v2.1.3
   Compiling lanterns-logic v0.1.0 (/home/ccheever/lanes/gamenext/scratch/I2/trials/7c65726/a-2/workspace/game/games/lanterns/logic)
   Compiling libloading v0.8.9
   Compiling generic-array v0.14.7
   Compiling naga v30.0.1
   Compiling wgpu-hal v30.0.1
   Compiling wgpu-core v30.0.1
   Compiling wgpu v30.0.1
   Compiling num-traits v0.2.19
   Compiling bit-set v0.10.0
   Compiling matrixmultiply v0.3.11
   Compiling fdeflate v0.3.7
   Compiling lock_api v0.4.14
   Compiling miniz_oxide v0.9.1
   Compiling miniz_oxide v0.8.9
   Compiling ena v0.14.4
   Compiling codespan-reporting v0.13.1
   Compiling hash32 v0.3.1
   Compiling zune-jpeg v0.5.15
   Compiling hashbrown v0.16.1
   Compiling document-features v0.2.12
   Compiling flate2 v1.1.10
   Compiling syn v3.0.6
   Compiling syn v2.0.119
   Compiling png v0.18.1
   Compiling crypto-common v0.1.7
   Compiling block-buffer v0.10.4
   Compiling digest v0.10.7
   Compiling exact-motion v0.1.0 (/home/ccheever/lanes/gamenext/scratch/I2/trials/7c65726/a-2/workspace/motion)
   Compiling glam v0.33.7
   Compiling sha2 v0.10.9
   Compiling parking_lot v0.12.5
   Compiling approx v0.5.1
   Compiling ordered-float v5.5.0
   Compiling num-integer v0.1.47
   Compiling rstar v0.13.0
   Compiling num-rational v0.4.2
   Compiling moxcms v0.8.1
   Compiling hashbrown v0.17.1
   Compiling serde_derive v1.0.229
   Compiling bytemuck_derive v1.12.1
   Compiling thiserror-impl v2.0.20
   Compiling spirv v0.4.0+sdk-1.4.341.0
   Compiling indexmap v2.14.2
   Compiling zerocopy-derive v0.8.57
   Compiling profiling-procmacros v1.0.18
   Compiling nalgebra-macros v0.3.0
   Compiling gltf-derive v1.4.1
   Compiling num-derive v0.4.2
   Compiling safe_arch v1.2.0
   Compiling profiling v1.0.18
   Compiling wide v1.7.1
   Compiling naga-types v30.0.1
   Compiling wgpu-types v30.0.1
   Compiling gltf-json v1.4.1
   Compiling exact-plan v0.1.0 (/home/ccheever/lanes/gamenext/scratch/I2/trials/7c65726/a-2/workspace/plan)
   Compiling arrayvec v0.7.8
   Compiling num-complex v0.4.6
   Compiling serde_arrays v0.2.0
   Compiling bincode v1.3.3
   Compiling image v0.25.10
   Compiling exact-game v0.1.0 (/home/ccheever/lanes/gamenext/scratch/I2/trials/7c65726/a-2/workspace/game/engine)
   Compiling gltf v1.4.1
   Compiling half v2.7.1
   Compiling exact-game-bake v0.1.0 (/home/ccheever/lanes/gamenext/scratch/I2/trials/7c65726/a-2/workspace/game/bake)
   Compiling lanterns-gpu v0.1.0 (/home/ccheever/lanes/gamenext/scratch/I2/trials/7c65726/a-2/workspace/game/.shells/2612b96c8d96cbdb9fe4f02c-gpu)
   Compiling exact-game-scene v0.1.0 (/home/ccheever/lanes/gamenext/scratch/I2/trials/7c65726/a-2/workspace/game/scene)
   Compiling simba v0.10.2
   Compiling gpu-allocator v0.28.0
   Compiling nalgebra v0.35.0
   Compiling wgpu-naga-bridge v30.0.1
   Compiling exact-gpu-reflect v0.1.0 (/home/ccheever/lanes/gamenext/scratch/I2/trials/7c65726/a-2/workspace/gpu/reflect)
   Compiling wgpu-core-deps-windows-linux-android v30.0.1
   Compiling glamx v0.3.0
   Compiling parry3d v0.30.2
   Compiling exact-gpu v0.1.0 (/home/ccheever/lanes/gamenext/scratch/I2/trials/7c65726/a-2/workspace/gpu)
   Compiling exact-game-render v0.1.0 (/home/ccheever/lanes/gamenext/scratch/I2/trials/7c65726/a-2/workspace/game/render)
   Compiling rapier3d v0.35.3 (/home/ccheever/lanes/gamenext/scratch/I2/trials/7c65726/a-2/workspace/vendor/rapier3d)
   Compiling exact-game-physics v0.1.0 (/home/ccheever/lanes/gamenext/scratch/I2/trials/7c65726/a-2/workspace/game/physics)
    Finished `release` profile [optimized] target(s) in 40.41s
   Compiling proc-macro2 v1.0.107
   Compiling quote v1.0.47
   Compiling unicode-ident v1.0.26
   Compiling version_check v0.9.5
   Compiling libm v0.2.16
   Compiling cfg-if v1.0.5
   Compiling cfg_aliases v0.2.2
   Compiling typenum v1.20.1
   Compiling serde_core v1.0.229
   Compiling autocfg v1.5.1
   Compiling cpufeatures v0.2.17
   Compiling zmij v1.0.23
   Compiling serde v1.0.229
   Compiling serde_json v1.0.151
   Compiling thiserror v2.0.20
   Compiling zerocopy v0.8.57
   Compiling libc v0.2.189
   Compiling itoa v1.0.18
   Compiling memchr v2.8.3
   Compiling bitflags v2.13.2
   Compiling smallvec v1.16.1
   Compiling log v0.4.34
   Compiling arrayvec v0.7.8
   Compiling once_cell v1.21.4
   Compiling foldhash v0.2.0
   Compiling stable_deref_trait v1.2.1
   Compiling equivalent v1.0.2
   Compiling bit-vec v0.9.1
   Compiling rustc-hash v1.1.0
   Compiling unicode-width v0.2.2
   Compiling find-msvc-tools v0.1.12
   Compiling shlex v2.0.1
   Compiling libloading v0.8.9
   Compiling semver v1.0.28
   Compiling allocator-api2 v0.2.21
   Compiling parking_lot_core v0.9.12
   Compiling scopeguard v1.2.0
   Compiling zeroize v1.9.0
   Compiling pkg-config v0.3.34
   Compiling ash v0.38.0+1.3.281
   Compiling hashbrown v0.17.1
   Compiling writeable v0.6.4
   Compiling litemap v0.8.3
   Compiling khronos-egl v6.0.0
   Compiling foldhash v0.1.5
   Compiling icu_normalizer_data v2.3.0
   Compiling hexf-parse v0.2.1
   Compiling icu_properties_data v2.3.0
   Compiling raw-window-handle v0.6.2
   Compiling grid v1.0.1
   Compiling simd-adler32 v0.3.10
   Compiling utf8_iter v1.0.4
   Compiling subtle v2.6.1
   Compiling presser v0.3.1
   Compiling signature v2.2.0
   Compiling adler2 v2.0.1
   Compiling crc32fast v1.5.2
   Compiling contract-syntax v0.1.0 (/home/ccheever/lanes/gamenext/scratch/I2/trials/7c65726/a-2/workspace/contract/syntax)
   Compiling profiling v1.0.18
   Compiling httparse v1.10.1
   Compiling untrusted v0.9.0
   Compiling renderdoc-sys v1.1.0
   Compiling glow v0.17.0
   Compiling linebender_resource_handle v0.1.1
   Compiling svg_fmt v0.4.5
   Compiling bytes v1.12.1
   Compiling rustls v0.23.44
   Compiling color v0.3.3
   Compiling rustix v1.1.4
   Compiling litrs v1.0.0
   Compiling radium v0.7.0
   Compiling drm-sys v0.8.1
   Compiling percent-encoding v2.3.2
   Compiling tap v1.0.1
   Compiling linux-raw-sys v0.9.4
   Compiling drm-fourcc v2.2.0
   Compiling roxmltree v0.20.0
   Compiling linux-raw-sys v0.12.1
   Compiling base64 v0.23.1
   Compiling funty v2.0.0
   Compiling openssl-probe v0.1.6
   Compiling naga v29.0.4
   Compiling naga v30.0.1
   Compiling wgpu-hal v29.0.4
   Compiling spirv v0.4.0+sdk-1.4.341.0
   Compiling gpu-descriptor-types v0.2.0
   Compiling generic-array v0.14.7
   Compiling slotmap v1.1.1
   Compiling rustls-pki-types v1.15.1
   Compiling bit-set v0.9.1
   Compiling ed25519 v2.2.3
   Compiling wgpu-core v29.0.4
   Compiling fdeflate v0.3.7
   Compiling nix v0.29.0
   Compiling wgpu v29.0.4
   Compiling form_urlencoded v1.2.2
   Compiling futures-core v0.3.34
   Compiling num-traits v0.2.19
   Compiling hashbrown v0.16.1
   Compiling bit-set v0.10.0
   Compiling polycool v0.4.0
   Compiling miniz_oxide v0.9.1
   Compiling miniz_oxide v0.8.9
   Compiling wyz v0.5.1
   Compiling static_assertions v1.1.0
   Compiling strict-num v0.1.1
   Compiling utf8-zero v0.8.1
   Compiling arrayref v0.3.9
   Compiling codespan-reporting v0.13.1
   Compiling cc v1.4.6
   Compiling rustc_version v0.4.1
   Compiling lock_api v0.4.14
   Compiling hashbrown v0.15.5
   Compiling dlib v0.5.3
   Compiling fontconfig-parser v0.5.8
   Compiling zeno v0.3.3
   Compiling yazi v0.2.1
   Compiling tinyvec v1.13.3
   Compiling self_cell v1.3.0
   Compiling smol_str v0.3.6
   Compiling rustc-hash v2.1.3
   Compiling rangemap v1.8.0
   Compiling unicode-segmentation v1.13.3
   Compiling base64 v0.22.1
   Compiling unicode-bidi v0.3.18
   Compiling sys-locale v0.3.2
   Compiling unicode-script v0.5.8
   Compiling unicode-linebreak v0.1.5
   Compiling indexmap v2.14.2
   Compiling wayland-sys v0.31.11
   Compiling kurbo v0.13.1
   Compiling document-features v0.2.12
   Compiling http v1.5.0
   Compiling rustls-pemfile v2.2.0
   Compiling webpki-roots v1.0.9
   Compiling curve25519-dalek v4.1.3
   Compiling rustls-native-certs v0.7.3
   Compiling flate2 v1.1.10
   Compiling bitvec v1.1.1
   Compiling gpu-descriptor v0.3.2
   Compiling syn v3.0.6
   Compiling syn v2.0.119
   Compiling taffy v0.9.2 (/home/ccheever/lanes/gamenext/scratch/I2/trials/7c65726/a-2/workspace/vendor/taffy)
   Compiling exact-motion v0.1.0 (/home/ccheever/lanes/gamenext/scratch/I2/trials/7c65726/a-2/workspace/motion)
   Compiling png v0.18.1
   Compiling core_maths v0.1.1
   Compiling crypto-common v0.1.7
   Compiling block-buffer v0.10.4
   Compiling ttf-parser v0.25.1
   Compiling ring v0.17.14
   Compiling digest v0.10.7
   Compiling sha2 v0.10.9
   Compiling ureq-proto v0.6.2
   Compiling peniko v0.6.1
   Compiling ibex2 v0.1.0 (/home/ccheever/lanes/gamenext/scratch/I2/trials/7c65726/a-2/ibex/crates/ibex2)
   Compiling getrandom v0.2.17
   Compiling memmap2 v0.9.11
   Compiling socket2 v0.6.5
   Compiling ordered-float v5.5.0
   Compiling euclid v0.22.14
   Compiling parking_lot v0.12.5
   Compiling futures-intrusive v0.5.0
   Compiling guillotiere v0.7.0
   Compiling drm-ffi v0.9.1
   Compiling serde_derive v1.0.229
   Compiling bytemuck_derive v1.12.1
   Compiling thiserror-impl v2.0.20
   Compiling zerovec-derive v0.11.6
   Compiling displaydoc v0.2.7
   Compiling evdev v0.13.2
   Compiling fontdb v0.23.0
   Compiling bytemuck v1.25.2
   Compiling naga-types v30.0.1
   Compiling font-types v0.12.5
   Compiling wgpu-types v29.0.4
   Compiling font-types v0.11.3
   Compiling tiny-skia-path v0.12.0
   Compiling drm v0.15.0
   Compiling synstructure v0.13.2
   Compiling read-fonts v0.37.0
   Compiling read-fonts v0.41.0
   Compiling zerocopy-derive v0.8.57
   Compiling zerofrom-derive v0.1.7
   Compiling yoke-derive v0.8.2
   Compiling curve25519-dalek-derive v0.1.1
   Compiling tiny-skia v0.12.0
   Compiling zerofrom v0.1.8
   Compiling yoke v0.8.3
   Compiling zerovec v0.11.8
   Compiling zerotrie v0.2.5
   Compiling ed25519-dalek v2.2.0
   Compiling exact-route v0.1.0 (/home/ccheever/lanes/gamenext/scratch/I2/trials/7c65726/a-2/workspace/route)
   Compiling exact-update v0.1.0 (/home/ccheever/lanes/gamenext/scratch/I2/trials/7c65726/a-2/workspace/update)
   Compiling exact-plan v0.1.0 (/home/ccheever/lanes/gamenext/scratch/I2/trials/7c65726/a-2/workspace/plan)
   Compiling exact-kernel v0.1.0 (/home/ccheever/lanes/gamenext/scratch/I2/trials/7c65726/a-2/workspace/kernel)
   Compiling tinystr v0.8.4
   Compiling potential_utf v0.1.6
   Compiling icu_collections v2.3.0
   Compiling icu_locale_core v2.3.0
   Compiling contract-types v0.1.0 (/home/ccheever/lanes/gamenext/scratch/I2/trials/7c65726/a-2/workspace/contract/types)
   Compiling icu_provider v2.3.1
   Compiling contract-analyze v0.1.0 (/home/ccheever/lanes/gamenext/scratch/I2/trials/7c65726/a-2/workspace/contract/analyze)
   Compiling icu_normalizer v2.3.0
   Compiling icu_properties v2.3.0
   Compiling exact-runner v0.1.0 (/home/ccheever/lanes/gamenext/scratch/I2/trials/7c65726/a-2/workspace/runner)
   Compiling contract-lower v0.1.0 (/home/ccheever/lanes/gamenext/scratch/I2/trials/7c65726/a-2/workspace/contract/lower)
   Compiling idna_adapter v1.2.2
   Compiling idna v1.1.0
   Compiling url v2.5.8
   Compiling half v2.7.1
   Compiling exact-data v0.1.0 (/home/ccheever/lanes/gamenext/scratch/I2/trials/7c65726/a-2/workspace/data)
   Compiling skrifa v0.40.0
   Compiling harfrust v0.5.2
   Compiling rustls-webpki v0.103.15
   Compiling gpu-allocator v0.28.0
   Compiling skrifa v0.44.0
   Compiling vello_encoding v0.10.0
   Compiling swash v0.2.10
   Compiling exact-gpu-reflect v0.1.0 (/home/ccheever/lanes/gamenext/scratch/I2/trials/7c65726/a-2/workspace/gpu/reflect)
   Compiling contract v0.1.0 (/home/ccheever/lanes/gamenext/scratch/I2/trials/7c65726/a-2/workspace/contract/cli)
   Compiling ureq v3.4.0
   Compiling vello_shaders v0.10.0
   Compiling exact-game-app v0.1.0 (/home/ccheever/lanes/gamenext/scratch/I2/trials/7c65726/a-2/workspace/game/app)
   Compiling lanterns-linux v0.1.0 (/home/ccheever/lanes/gamenext/scratch/I2/trials/7c65726/a-2/workspace/game/.shells/2612b96c8d96cbdb9fe4f02c-linux)
   Compiling cosmic-text v0.19.0
   Compiling wgpu-naga-bridge v29.0.4
   Compiling wgpu-core-deps-windows-linux-android v29.0.4
   Compiling vello v0.10.0
   Compiling exact-linux v0.1.0 (/home/ccheever/lanes/gamenext/scratch/I2/trials/7c65726/a-2/workspace/host/linux)
    Finished `release` profile [optimized] target(s) in 37.08s
