host/apple: target/apple-modules starts with the 272 registry units this machine has compiled (~/.cache/exact/apple-crates/1.97.0-host-dev/modules/gen-1791397063488-96677)
   Compiling wgpu-hal v30.0.1 (/Users/daehyeonmun/orca/workspaces/exact2/fix-285-agent-clock/vendor/wgpu-hal)
   Compiling exact-num v0.1.0 (/Users/daehyeonmun/orca/workspaces/exact2/fix-285-agent-clock/num)
   Compiling exact-plan v0.1.0 (/Users/daehyeonmun/orca/workspaces/exact2/fix-285-agent-clock/plan)
   Compiling exact-gpu-reflect v0.1.0 (/Users/daehyeonmun/orca/workspaces/exact2/fix-285-agent-clock/gpu/reflect)
   Compiling caltrain-gpu v0.1.0 (/Users/daehyeonmun/orca/workspaces/exact2/fix-285-agent-clock/apps/caltrain/gpu)
   Compiling wgpu-core v30.0.1
   Compiling wgpu v30.0.1
   Compiling exact-gpu v0.1.0 (/Users/daehyeonmun/orca/workspaces/exact2/fix-285-agent-clock/gpu)
   Compiling wgpu-core-deps-apple v30.0.1
    Finished `host-dev` profile [optimized] target(s) in 43.03s
   Compiling exact-color v0.1.0 (/Users/daehyeonmun/orca/workspaces/exact2/fix-285-agent-clock/color)
   Compiling exact-textflow v0.1.0 (/Users/daehyeonmun/orca/workspaces/exact2/fix-285-agent-clock/textflow)
   Compiling exact-svg-filter v0.1.0 (/Users/daehyeonmun/orca/workspaces/exact2/fix-285-agent-clock/svg-filter)
   Compiling exact-plan v0.1.0 (/Users/daehyeonmun/orca/workspaces/exact2/fix-285-agent-clock/plan)
   Compiling exact-kernel v0.1.0 (/Users/daehyeonmun/orca/workspaces/exact2/fix-285-agent-clock/kernel)
   Compiling taffy v0.14.0 (/Users/daehyeonmun/orca/workspaces/exact2/fix-285-agent-clock/vendor/taffy)
   Compiling exact-route v0.1.0 (/Users/daehyeonmun/orca/workspaces/exact2/fix-285-agent-clock/route)
   Compiling exact-grants v0.1.0 (/Users/daehyeonmun/orca/workspaces/exact2/fix-285-agent-clock/grants)
   Compiling ibex2 v0.1.0 (/Users/daehyeonmun/orca/workspaces/exact2/fix-285-agent-clock/vendor/ibex/crates/ibex2)
   Compiling exact-markdown v0.1.0 (/Users/daehyeonmun/orca/workspaces/exact2/fix-285-agent-clock/markdown)
   Compiling exact-raster v0.1.0 (/Users/daehyeonmun/orca/workspaces/exact2/fix-285-agent-clock/host/raster)
   Compiling exact-update v0.1.0 (/Users/daehyeonmun/orca/workspaces/exact2/fix-285-agent-clock/update)
   Compiling exact-logic v0.1.0 (/Users/daehyeonmun/orca/workspaces/exact2/fix-285-agent-clock/logic)
   Compiling caltrain-apple v0.1.0 (/Users/daehyeonmun/orca/workspaces/exact2/fix-285-agent-clock/apps/caltrain/apple)
   Compiling exact-motion v0.1.0 (/Users/daehyeonmun/orca/workspaces/exact2/fix-285-agent-clock/motion)
   Compiling exact-canvas v0.1.0 (/Users/daehyeonmun/orca/workspaces/exact2/fix-285-agent-clock/canvas)
   Compiling exact-runner v0.1.0 (/Users/daehyeonmun/orca/workspaces/exact2/fix-285-agent-clock/runner)
   Compiling exact-data v0.1.0 (/Users/daehyeonmun/orca/workspaces/exact2/fix-285-agent-clock/data)
   Compiling exact-logic-abi v0.1.0 (/Users/daehyeonmun/orca/workspaces/exact2/fix-285-agent-clock/logic/abi)
   Compiling exact-apple v0.1.0 (/Users/daehyeonmun/orca/workspaces/exact2/fix-285-agent-clock/host/apple)
   Compiling caltrain-data v0.1.0 (/Users/daehyeonmun/orca/workspaces/exact2/fix-285-agent-clock/apps/caltrain/data)
   Compiling exact-apple-update v0.1.0 (/Users/daehyeonmun/orca/workspaces/exact2/fix-285-agent-clock/host/apple-update)
    Finished `host-dev` profile [optimized] target(s) in 54.11s
host/apple: baked L=A; Swift updating composition
Building for debugging...
[Constructing description]
[Pre-planning 1 / 37]
[Planning deferred tasks]
[18 / 26]
[19 / 27] ExactKit
[29 / 124]
[33 / 124]
[37 / 124]
[41 / 124]
[43 / 124]
[44 / 124]
[47 / 124]
[49 / 124]
[53 / 124]
[54 / 124]
[59 / 124]
[62 / 124]
[77 / 124]
[83 / 124]
[85 / 124]
[88 / 124]
[93 / 124]
[94 / 124]
[95 / 124]
[97 / 124]
[116 / 124] ExactKit
[122 / 124] ExactKit
/Users/daehyeonmun/orca/workspaces/exact2/fix-285-agent-clock/host/apple/Sources/ExactKit/IOS/ControlsIOS.swift:127:19: warning: result of call to 'assumeIsolated(_:file:line:)' is unused [#NoUsage]
125 |         made.tag = Int(node.id)
126 |         // Its natural size follows text size, weight and scale, which no batch says.
127 |         MainActor.assumeIsolated {
    |                   `- warning: result of call to 'assumeIsolated(_:file:line:)' is unused [#NoUsage]
128 |             made.registerForTraitChanges([UITraitPreferredContentSizeCategory.self, UITraitLegibilityWeight.self, UITraitDisplayScale.self, UITraitUserInterfaceStyle.self, UITraitAccessibilityContrast.self]) { [weak self] (_: UIControl, _: UITraitCollection) in
129 |                 self?.presenter.requestProjectionSync()

[#NoUsage]: <https://docs.swift.org/compiler/documentation/diagnostics/no-usage>
/Users/daehyeonmun/orca/workspaces/exact2/fix-285-agent-clock/host/apple/Sources/ExactKit/Picker.swift:159:30: warning: 'tracks(withMediaType:)' was deprecated in iOS 16.0: Use loadTracks(withMediaType:) instead [#DeprecatedDeclaration]
157 |         let asset = AVURLAsset(url: url)
158 |         var out = ["", "", ""]
159 |         if let track = asset.tracks(withMediaType: .video).first {
    |                              `- warning: 'tracks(withMediaType:)' was deprecated in iOS 16.0: Use loadTracks(withMediaType:) instead [#DeprecatedDeclaration]
160 |             let s = track.naturalSize.applying(track.preferredTransform)
161 |             out[0] = "\(Int(abs(s.width).rounded()))"; out[1] = "\(Int(abs(s.height).rounded()))"

/Users/daehyeonmun/orca/workspaces/exact2/fix-285-agent-clock/host/apple/Sources/ExactKit/Picker.swift:160:27: warning: 'naturalSize' was deprecated in iOS 16.0: Use load(.naturalSize) instead [#DeprecatedDeclaration]
158 |         var out = ["", "", ""]
159 |         if let track = asset.tracks(withMediaType: .video).first {
160 |             let s = track.naturalSize.applying(track.preferredTransform)
    |                           `- warning: 'naturalSize' was deprecated in iOS 16.0: Use load(.naturalSize) instead [#DeprecatedDeclaration]
161 |             out[0] = "\(Int(abs(s.width).rounded()))"; out[1] = "\(Int(abs(s.height).rounded()))"
162 |         }

/Users/daehyeonmun/orca/workspaces/exact2/fix-285-agent-clock/host/apple/Sources/ExactKit/Picker.swift:160:54: warning: 'preferredTransform' was deprecated in iOS 16.0: Use load(.preferredTransform) instead [#DeprecatedDeclaration]
158 |         var out = ["", "", ""]
159 |         if let track = asset.tracks(withMediaType: .video).first {
160 |             let s = track.naturalSize.applying(track.preferredTransform)
    |                                                      `- warning: 'preferredTransform' was deprecated in iOS 16.0: Use load(.preferredTransform) instead [#DeprecatedDeclaration]
161 |             out[0] = "\(Int(abs(s.width).rounded()))"; out[1] = "\(Int(abs(s.height).rounded()))"
162 |         }

/Users/daehyeonmun/orca/workspaces/exact2/fix-285-agent-clock/host/apple/Sources/ExactKit/Picker.swift:163:46: warning: 'duration' was deprecated in iOS 16.0: Use load(.duration) instead [#DeprecatedDeclaration]
161 |             out[0] = "\(Int(abs(s.width).rounded()))"; out[1] = "\(Int(abs(s.height).rounded()))"
162 |         }
163 |         let seconds = CMTimeGetSeconds(asset.duration)
    |                                              `- warning: 'duration' was deprecated in iOS 16.0: Use load(.duration) instead [#DeprecatedDeclaration]
164 |         if seconds.isFinite { out[2] = "\(seconds)" }
165 |         return out

[#DeprecatedDeclaration]: <https://docs.swift.org/compiler/documentation/diagnostics/deprecated-declaration>
/Users/daehyeonmun/orca/workspaces/exact2/fix-285-agent-clock/host/apple/Sources/ExactKit/IOS/NavigationBarIOS.swift:282:19: warning: result of call to 'assumeIsolated(_:file:line:)' is unused [#NoUsage]
280 |         control.addTarget(press, action: #selector(SegmentPress.changed(_:)), for: .valueChanged)
281 |         // Sized again when text size or weight changes, no batch needed.
282 |         MainActor.assumeIsolated {
    |                   `- warning: result of call to 'assumeIsolated(_:file:line:)' is unused [#NoUsage]
283 |             control.registerForTraitChanges([UITraitPreferredContentSizeCategory.self, UITraitLegibilityWeight.self]) { [weak self] (_: UISegmentedControl, _: UITraitCollection) in
284 |                 if let titles = self?.sized?.titles { self?.fit(titles) }

/Users/daehyeonmun/orca/workspaces/exact2/fix-285-agent-clock/host/apple/Sources/ExactKit/IOS/NavigationBarIOS.swift:691:9: warning: will never be executed
689 |         default: return false
690 |         }
691 |         return true
    |         `- warning: will never be executed
692 |     }
693 | 

[#NoUsage]: <https://docs.swift.org/compiler/documentation/diagnostics/no-usage>
/Users/daehyeonmun/orca/workspaces/exact2/fix-285-agent-clock/host/apple/Sources/ExactKit/SystemColor.swift:128:43: warning: 'init(traitsFrom:)' was deprecated in iOS 17.0: Use UITraitCollection.init(mutations:) and UITraitCollection.modifyingTraits(_:) to create and modify trait collections [#DeprecatedDeclaration]
126 |         traits.append(UITraitCollection(userInterfaceLevel: elevated ? .elevated : .base))
127 |         #endif
128 |         let c = color.resolvedColor(with: UITraitCollection(traitsFrom: traits))
    |                                           `- warning: 'init(traitsFrom:)' was deprecated in iOS 17.0: Use UITraitCollection.init(mutations:) and UITraitCollection.modifyingTraits(_:) to create and modify trait collections [#DeprecatedDeclaration]
129 |         var r: CGFloat = 0, g: CGFloat = 0, b: CGFloat = 0, a: CGFloat = 0
130 |         guard c.getRed(&r, green: &g, blue: &b, alpha: &a) else { return nil }

[#DeprecatedDeclaration]: <https://docs.swift.org/compiler/documentation/diagnostics/deprecated-declaration>
[124 / 124] ExactKit
Build complete! (89.62 sec)
Building for debugging...
[Computing dependencies]
[Pre-planning 1 / 240]
[Planning deferred tasks]
[41 / 98]
[46 / 99] ExactSurfaces
[65 / 137] ExactDrag
[66 / 137] ExactDrag
[70 / 137] ExactUpdates
[75 / 137] ExactUpdates
[77 / 137] ExactSurfaces
[91 / 137] ExactSurfaces
[93 / 137] ExactSurfaces
[95 / 137] ExactDrag
[103 / 137] ExactSurfaces
[105 / 137] ExactSurfaces
[106 / 137] ExactSurfaces
[108 / 137] ExactDrag
[110 / 137] ExactMarkdown
[112 / 137] ExactSurfaces
[119 / 138] ExactComposition
[121 / 140] ExactComposition
[130 / 141] ExactUpdates
[131 / 141] ExactSurfaces
[131 / 141] ExactIOS-product
[133 / 143] ExactSurfaces
[134 / 143] ExactSurfaces
[134 / 143] ExactIOS-product
[135 / 143] ExactGroupedLists
[137 / 143] ExactSurfaces
[140 / 143]
[141 / 143] ExactIOS-product
Build complete! (13.01 sec)
/Users/daehyeonmun/orca/workspaces/exact2/fix-285-agent-clock/host/apple/Sources/ExactSurfaces/CanvasInputIOS.swift:89:28: warning: result of call to 'input' is unused [#NoUsage]
 87 |         guard let view else { return }
 88 |         for (_, id) in touches.sorted(by: { $0.value < $1.value }) {
 89 |             view.canvases?.input(view, ["t": "pointer", "phase": "cancel", "id": id, "x": 0, "y": 0, "dx": 0, "dy": 0, "kind": "mouse", "buttons": 0])
    |                            `- warning: result of call to 'input' is unused [#NoUsage]
 90 |         }
 91 |         touches.removeAll()

/Users/daehyeonmun/orca/workspaces/exact2/fix-285-agent-clock/host/apple/Sources/ExactSurfaces/CanvasInputIOS.swift:100:24: warning: result of call to 'input' is unused [#NoUsage]
 98 |         let phase = bit == 0 || (before != 0 && mouseButtons != 0) ? "move" : down ? "down" : "up"
 99 |         let p = CGPoint(x: view.bounds.midX, y: view.bounds.midY)
100 |         view.canvases?.input(view, ["t": "pointer", "phase": phase, "id": 1, "x": p.x, "y": p.y, "dx": dx, "dy": dy, "kind": "mouse", "buttons": mouseButtons])
    |                        `- warning: result of call to 'input' is unused [#NoUsage]
101 |     }
102 |     private static func hasFocus(_ view: UIView) -> Bool { view.isFirstResponder || view.subviews.contains(where: hasFocus) }

/Users/daehyeonmun/orca/workspaces/exact2/fix-285-agent-clock/host/apple/Sources/ExactSurfaces/CanvasInputIOS.swift:108:28: warning: result of call to 'input' is unused [#NoUsage]
106 |         if let view {
107 |             if let c=view.canvases as? CanvasesHost, let e=c.entries[view.id] {c.cancelControls(e)}
108 |             view.canvases?.input(view, ["t": "blur"])
    |                            `- warning: result of call to 'input' is unused [#NoUsage]
109 |         }
110 |     }

/Users/daehyeonmun/orca/workspaces/exact2/fix-285-agent-clock/host/apple/Sources/ExactSurfaces/CanvasInputIOS.swift:140:28: warning: result of call to 'input(_:_:timestamp:)' is unused [#NoUsage]
138 |                 : (mask.contains(.primary) ? 1 : 0) | (mask.contains(.secondary) ? 2 : 0) | (mask.contains(.button(3)) ? 4 : 0)
139 |             #endif
140 |             view.canvases?.input(view, ["t": "pointer", "phase": phase, "id": id, "x": p.x, "y": p.y, "dx": p.x - from.x, "dy": p.y - from.y, "kind": mouse ? "mouse" : "touch", "buttons": buttons], timestamp: touch.timestamp)
    |                            `- warning: result of call to 'input(_:_:timestamp:)' is unused [#NoUsage]
141 |             if phase == "up" || phase == "cancel" { touches.removeValue(forKey: token) }
142 |             sent = true

/Users/daehyeonmun/orca/workspaces/exact2/fix-285-agent-clock/host/apple/Sources/ExactSurfaces/CanvasInputIOS.swift:164:28: warning: result of call to 'input(_:_:timestamp:)' is unused [#NoUsage]
162 |             let repeated = down && keys.contains(code)
163 |             if down { keys.insert(code) } else { keys.remove(code) }
164 |             view.canvases?.input(view, ["t": "key", "code": code, "key": key.characters.isEmpty ? KeyCodes.key(code) : key.characters, "down": down, "repeat": repeated], timestamp: press.timestamp)
    |                            `- warning: result of call to 'input(_:_:timestamp:)' is unused [#NoUsage]
165 |             handled = true
166 |         }

[#NoUsage]: <https://docs.swift.org/compiler/documentation/diagnostics/no-usage>
/Users/daehyeonmun/orca/workspaces/exact2/fix-285-agent-clock/host/apple/Sources/ExactIOS/main.swift:120:122: warning: expression implicitly coerced from 'Any?' to 'Any'
118 |     guard agentMode, !readySent, session.booted || session.bootError != nil else { return }
119 |     readySent = true
120 |     Agent.startSocket(ready: ["ready": true, "boot": session.bootMs, "views": session.viewCount, "error": planRefusal ?? session.bootError ?? NSNull(), "pid": Int(getpid())], sessions: [("main", session)])
    |                                                                                                                          |                 |- note: provide a default value to avoid this warning
    |                                                                                                                          |                 |- note: force-unwrap the value to avoid this warning
    |                                                                                                                          |                 `- note: explicitly cast to 'Any' with 'as Any' to silence this warning
    |                                                                                                                          `- warning: expression implicitly coerced from 'Any?' to 'Any'
121 | }
122 | 
/Users/daehyeonmun/orca/workspaces/exact2/fix-285-agent-clock/host/apple/videoarm/VideoArm.swift:482:35: warning: 'tracks(withMediaType:)' was deprecated in iOS 16.0: Use loadTracks(withMediaType:) instead [#DeprecatedDeclaration]
480 | 
481 |     var hdrItem: Bool {
482 |         player.currentItem?.asset.tracks(withMediaType: .video).contains { $0.hasMediaCharacteristic(.containsHDRVideo) } ?? false
    |                                   `- warning: 'tracks(withMediaType:)' was deprecated in iOS 16.0: Use loadTracks(withMediaType:) instead [#DeprecatedDeclaration]
483 |     }
484 | 

/Users/daehyeonmun/orca/workspaces/exact2/fix-285-agent-clock/host/apple/videoarm/VideoArm.swift:482:79: warning: 'hasMediaCharacteristic' was deprecated in iOS 16.0: Use load(.mediaCharacteristics) instead [#DeprecatedDeclaration]
480 | 
481 |     var hdrItem: Bool {
482 |         player.currentItem?.asset.tracks(withMediaType: .video).contains { $0.hasMediaCharacteristic(.containsHDRVideo) } ?? false
    |                                                                               `- warning: 'hasMediaCharacteristic' was deprecated in iOS 16.0: Use load(.mediaCharacteristics) instead [#DeprecatedDeclaration]
483 |     }
484 | 

[#DeprecatedDeclaration]: <https://docs.swift.org/compiler/documentation/diagnostics/deprecated-declaration>
    Blocking waiting for file lock on package cache
    Blocking waiting for file lock on package cache
   Compiling exact-svg-filter v0.1.0 (/Users/daehyeonmun/orca/workspaces/exact2/fix-285-agent-clock/svg-filter)
   Compiling exact-svg-raster v0.1.0 (/Users/daehyeonmun/orca/workspaces/exact2/fix-285-agent-clock/host/svg-raster)
    Finished `host-dev` profile [optimized] target(s) in 2.76s
   Compiling wgpu-hal v29.0.4
   Compiling wgpu-core v29.0.4
   Compiling wgpu v29.0.4
   Compiling exact-num v0.1.0 (/Users/daehyeonmun/orca/workspaces/exact2/fix-285-agent-clock/num)
   Compiling exact-canvas-vello v0.1.0 (/Users/daehyeonmun/orca/workspaces/exact2/fix-285-agent-clock/canvas/vello)
   Compiling exact-color v0.1.0 (/Users/daehyeonmun/orca/workspaces/exact2/fix-285-agent-clock/color)
   Compiling exact-motion v0.1.0 (/Users/daehyeonmun/orca/workspaces/exact2/fix-285-agent-clock/motion)
   Compiling exact-canvas v0.1.0 (/Users/daehyeonmun/orca/workspaces/exact2/fix-285-agent-clock/canvas)
   Compiling wgpu-core-deps-apple v29.0.4
   Compiling exact-vello v0.10.0 (/Users/daehyeonmun/orca/workspaces/exact2/fix-285-agent-clock/vendor/vello)
    Finished `host-dev` profile [optimized] target(s) in 43.47s
host/apple: /Users/daehyeonmun/orca/workspaces/exact2/fix-285-agent-clock/target/clients/7b958e75a08bba900fe875c8/com.exact.caltrain/ios-simulator/aarch64-apple-ios-sim/updating/development/standalone/Caltrain.app on iPhone 17 Pro FB4FCE92-4127-4ED8-8A51-9EA3BAAACC5C (cargo 102.2 s, swift 16.0 s, arms 0.0 s, modules 0.2 s, package 13.6 s); GPU: libcaltrain_gpu.dylib; web arm: libexact_web.dylib
