   Compiling t3-code-macos v0.1.0 (/Users/daehyeonmun/orca/workspaces/exact2/t3-code-terminal-surface/examples/t3-code/macos)
    Finished `host-dev` profile [optimized] target(s) in 46.60s
host/apple: baked L=0; Swift embedded composition
Building for debugging...
[Planning deferred tasks]
[1 / 1]
[2 / 9] ExactKit
[14 / 89]
[25 / 89]
[28 / 89]
[35 / 89]
[40 / 89]
[46 / 89]
[51 / 89]
[52 / 89]
[68 / 89]
[71 / 89]
[80 / 89]
[81 / 89]
[82 / 89]
[83 / 89] ExactKit
[88 / 93] ExactComposition
[91 / 95] ExactMac-product
[94 / 95] ExactMac-product
Build complete! (7.13 sec)
Building for debugging...
[2 / 3] ExactMac-product
Build complete! (0.54 sec)
/Users/daehyeonmun/orca/workspaces/exact2/t3-code-terminal-surface/examples/t3-code/modules/apple/R8KeysMenus.swift:98:45: warning: use '#selector' instead of explicitly constructing a 'Selector'
 96 | 
 97 |     @objc func undo(_ sender: Any?) {
 98 |         if Self.textUndo { NSApp.sendAction(Selector(("undo:")), to: nil, from: sender); return }
    |                                             `- warning: use '#selector' instead of explicitly constructing a 'Selector'
 99 |         if keystroke(), let thread = command(Self.undoTitle), fire(thread) { return }
100 |         NSApp.sendAction(Selector(("undo:")), to: nil, from: sender)

/Users/daehyeonmun/orca/workspaces/exact2/t3-code-terminal-surface/examples/t3-code/modules/apple/R8KeysMenus.swift:100:26: warning: use '#selector' instead of explicitly constructing a 'Selector'
 98 |         if Self.textUndo { NSApp.sendAction(Selector(("undo:")), to: nil, from: sender); return }
 99 |         if keystroke(), let thread = command(Self.undoTitle), fire(thread) { return }
100 |         NSApp.sendAction(Selector(("undo:")), to: nil, from: sender)
    |                          `- warning: use '#selector' instead of explicitly constructing a 'Selector'
101 |     }
102 |     @objc func closeWindow(_ sender: Any?) {
local client: /Users/daehyeonmun/orca/workspaces/exact2/t3-code-terminal-surface/target/clients/61e1050dc36af17faf250294/com.exact.t3code.macos/macos/T3 Code (Exact).app
  No development opening link: build with --url <dev server URL> to register one.
host/apple: target/clients/61e1050dc36af17faf250294/com.exact.t3code.macos/macos/aarch64-apple-darwin/embedded/development/standalone/ExactMac (cargo 47.6 s, swift 1.1 s, arms 49.3 s, modules 0.0 s, package 1.2 s; signed 0F0D033A); GPU: no GPU crate; web arm: libexact_web.dylib; modules: libexact_modules.dylib
