Compiling transport
/Users/daehyeonmun/orca/workspaces/exact2/t3-code-terminal-drawer/examples/t3-code/modules/apple/R8KeysMenus.swift:98:45: warning: use '#selector' instead of explicitly constructing a 'Selector'
 96 | 
 97 |     @objc func undo(_ sender: Any?) {
 98 |         if Self.textUndo { NSApp.sendAction(Selector(("undo:")), to: nil, from: sender); return }
    |                                             `- warning: use '#selector' instead of explicitly constructing a 'Selector'
 99 |         if keystroke(), let thread = command(Self.undoTitle), fire(thread) { return }
100 |         NSApp.sendAction(Selector(("undo:")), to: nil, from: sender)

/Users/daehyeonmun/orca/workspaces/exact2/t3-code-terminal-drawer/examples/t3-code/modules/apple/R8KeysMenus.swift:100:26: warning: use '#selector' instead of explicitly constructing a 'Selector'
 98 |         if Self.textUndo { NSApp.sendAction(Selector(("undo:")), to: nil, from: sender); return }
 99 |         if keystroke(), let thread = command(Self.undoTitle), fire(thread) { return }
100 |         NSApp.sendAction(Selector(("undo:")), to: nil, from: sender)
    |                          `- warning: use '#selector' instead of explicitly constructing a 'Selector'
101 |     }
102 |     @objc func closeWindow(_ sender: Any?) {
Running transport
Test Suite 'TransportTests' started at 2026-10-07 00:35:16.652.
Test Case '-[TerminalVerificationtransport.TransportTests testAgentCredentialsSurviveDisconnectButNeverAnotherInstance]' started.
Test Case '-[TerminalVerificationtransport.TransportTests testAgentCredentialsSurviveDisconnectButNeverAnotherInstance]' passed (0.000 seconds).
Test Case '-[TerminalVerificationtransport.TransportTests testAgentStorageHonorsExplicitScratchWithoutChangingLiveRoots]' started.
Test Case '-[TerminalVerificationtransport.TransportTests testAgentStorageHonorsExplicitScratchWithoutChangingLiveRoots]' passed (0.000 seconds).
Test Case '-[TerminalVerificationtransport.TransportTests testDisconnectedWritesFailWithoutSendingAndDestroyClosesBridge]' started.
Test Case '-[TerminalVerificationtransport.TransportTests testDisconnectedWritesFailWithoutSendingAndDestroyClosesBridge]' passed (0.004 seconds).
Test Case '-[TerminalVerificationtransport.TransportTests testEffectWireUsesTaggedFramesAndPreservesEveryChunkValue]' started.
Test Case '-[TerminalVerificationtransport.TransportTests testEffectWireUsesTaggedFramesAndPreservesEveryChunkValue]' passed (0.000 seconds).
Test Case '-[TerminalVerificationtransport.TransportTests testEndpointBoundaryAndPairingURL]' started.
Test Case '-[TerminalVerificationtransport.TransportTests testEndpointBoundaryAndPairingURL]' passed (0.000 seconds).
Test Case '-[TerminalVerificationtransport.TransportTests testInboxNotifiesOnceUntilAllRetainedWorkIsAcknowledged]' started.
Test Case '-[TerminalVerificationtransport.TransportTests testInboxNotifiesOnceUntilAllRetainedWorkIsAcknowledged]' passed (0.000 seconds).
Test Case '-[TerminalVerificationtransport.TransportTests testInboxOverflowAndReplacementRequireResnapshot]' started.
Test Case '-[TerminalVerificationtransport.TransportTests testInboxOverflowAndReplacementRequireResnapshot]' passed (0.000 seconds).
Test Case '-[TerminalVerificationtransport.TransportTests testInboxReadIsReplayableAndACKIsExplicit]' started.
Test Case '-[TerminalVerificationtransport.TransportTests testInboxReadIsReplayableAndACKIsExplicit]' passed (0.001 seconds).
Test Case '-[TerminalVerificationtransport.TransportTests testLiveT3AuthSocketHTTPAndSubscriptions]' started.
/Users/daehyeonmun/orca/workspaces/exact2/t3-code-terminal-drawer/examples/t3-code/macos/tests/transport/main.swift:349: -[TerminalVerificationtransport.TransportTests testLiveT3AuthSocketHTTPAndSubscriptions] : Test skipped - Set T3_TRANSPORT_PAIRING_FILE to a disposable isolated server credential.
Test Case '-[TerminalVerificationtransport.TransportTests testLiveT3AuthSocketHTTPAndSubscriptions]' skipped (0.000 seconds).
Test Case '-[TerminalVerificationtransport.TransportTests testNoNetworkBeforeExplicitConnectAndUUIDsAreNative]' started.
Test Case '-[TerminalVerificationtransport.TransportTests testNoNetworkBeforeExplicitConnectAndUUIDsAreNative]' passed (0.000 seconds).
Test Case '-[TerminalVerificationtransport.TransportTests testOAuthIsFormEncodedAndTokensNeverReturnToTheApp]' started.
Test Case '-[TerminalVerificationtransport.TransportTests testOAuthIsFormEncodedAndTokensNeverReturnToTheApp]' passed (0.003 seconds).
Test Case '-[TerminalVerificationtransport.TransportTests testPagesAndLargeValuesStayBelowNativeReplyLimitWithoutLosingUnicode]' started.
Test Case '-[TerminalVerificationtransport.TransportTests testPagesAndLargeValuesStayBelowNativeReplyLimitWithoutLosingUnicode]' passed (0.063 seconds).
Test Case '-[TerminalVerificationtransport.TransportTests testPairingAnotherEnvironmentKeepsTheActiveConnectionAndSavesItsToken]' started.
Test Case '-[TerminalVerificationtransport.TransportTests testPairingAnotherEnvironmentKeepsTheActiveConnectionAndSavesItsToken]' passed (0.002 seconds).
Test Case '-[TerminalVerificationtransport.TransportTests testPreferencesAreLazyAtomicAndSurviveANewModule]' started.
Test Case '-[TerminalVerificationtransport.TransportTests testPreferencesAreLazyAtomicAndSurviveANewModule]' passed (0.126 seconds).
Test Case '-[TerminalVerificationtransport.TransportTests testProtocolMismatchStopsBeforeExchangingCredential]' started.
Test Case '-[TerminalVerificationtransport.TransportTests testProtocolMismatchStopsBeforeExchangingCredential]' passed (0.001 seconds).
Test Case '-[TerminalVerificationtransport.TransportTests testSavedEnvironmentsRememberForgetAndStayPerInstance]' started.
Test Case '-[TerminalVerificationtransport.TransportTests testSavedEnvironmentsRememberForgetAndStayPerInstance]' passed (0.001 seconds).
Test Case '-[TerminalVerificationtransport.TransportTests testTypedFailuresKeepTheirTagMessageReasonAndDetail]' started.
Test Case '-[TerminalVerificationtransport.TransportTests testTypedFailuresKeepTheirTagMessageReasonAndDetail]' passed (0.000 seconds).
Test Suite 'TransportTests' passed at 2026-10-07 00:35:16.855.
	 Executed 17 tests, with 1 test skipped and 0 failures (0 unexpected) in 0.202 (0.203) seconds
Test Suite 'R3TransportTests' started at 2026-10-07 00:35:16.855.
Test Case '-[TerminalVerificationtransport.R3TransportTests testAFailedStreamIsRetriedOnTheSameSessionWithADoublingDelay]' started.
Test Case '-[TerminalVerificationtransport.R3TransportTests testAFailedStreamIsRetriedOnTheSameSessionWithADoublingDelay]' passed (1.485 seconds).
Test Case '-[TerminalVerificationtransport.R3TransportTests testALostSocketBacksOffWithJitterAndAnExplicitRetryRunsNowFromTheFirstRung]' started.
Test Case '-[TerminalVerificationtransport.R3TransportTests testALostSocketBacksOffWithJitterAndAnExplicitRetryRunsNowFromTheFirstRung]' passed (1.025 seconds).
Test Case '-[TerminalVerificationtransport.R3TransportTests testANewerReadSupersedesAndStragglersNeverRelease]' started.
Test Case '-[TerminalVerificationtransport.R3TransportTests testANewerReadSupersedesAndStragglersNeverRelease]' passed (0.108 seconds).
Test Case '-[TerminalVerificationtransport.R3TransportTests testAnExplicitRetryProbesTheLiveSocketInsteadOfReplacingIt]' started.
Test Case '-[TerminalVerificationtransport.R3TransportTests testAnExplicitRetryProbesTheLiveSocketInsteadOfReplacingIt]' passed (0.015 seconds).
Test Case '-[TerminalVerificationtransport.R3TransportTests testAnIdleBurstAsksOnceAtOnceAndOnceAfter]' started.
Test Case '-[TerminalVerificationtransport.R3TransportTests testAnIdleBurstAsksOnceAtOnceAndOnceAfter]' passed (0.760 seconds).
Test Case '-[TerminalVerificationtransport.R3TransportTests testANormalSocketCarriesTheProtocolGate]' started.
Test Case '-[TerminalVerificationtransport.R3TransportTests testANormalSocketCarriesTheProtocolGate]' passed (0.008 seconds).
Test Case '-[TerminalVerificationtransport.R3TransportTests testAnUnansweredProbeReconnectsWithoutTheBackoffWait]' started.
Test Case '-[TerminalVerificationtransport.R3TransportTests testAnUnansweredProbeReconnectsWithoutTheBackoffWait]' passed (3.033 seconds).
Test Case '-[TerminalVerificationtransport.R3TransportTests testAReadExactLetGoIsReleasedAndAskedAgain]' started.
Test Case '-[TerminalVerificationtransport.R3TransportTests testAReadExactLetGoIsReleasedAndAskedAgain]' passed (1.407 seconds).
Test Case '-[TerminalVerificationtransport.R3TransportTests testForegroundAndNetworkSignalsProbeInsteadOfTearingDown]' started.
Test Case '-[TerminalVerificationtransport.R3TransportTests testForegroundAndNetworkSignalsProbeInsteadOfTearingDown]' passed (0.304 seconds).
Test Case '-[TerminalVerificationtransport.R3TransportTests testGateHoldsTheReadsTopicsUntilItsLastReplyThenReplaysOnce]' started.
Test Case '-[TerminalVerificationtransport.R3TransportTests testGateHoldsTheReadsTopicsUntilItsLastReplyThenReplaysOnce]' passed (0.137 seconds).
Test Case '-[TerminalVerificationtransport.R3TransportTests testLiveRetryProbesAHeadServerAndKeepsTheSession]' started.
/Users/daehyeonmun/orca/workspaces/exact2/t3-code-terminal-drawer/examples/t3-code/macos/tests/transport/r3.swift:330: -[TerminalVerificationtransport.R3TransportTests testLiveRetryProbesAHeadServerAndKeepsTheSession] : Test skipped - Set R3_LIVE_PAIRING_FILE to a disposable credential.
Test Case '-[TerminalVerificationtransport.R3TransportTests testLiveRetryProbesAHeadServerAndKeepsTheSession]' skipped (0.000 seconds).
Test Case '-[TerminalVerificationtransport.R3TransportTests testPairingAndConnectingNameTheProtocolDirection]' started.
Test Case '-[TerminalVerificationtransport.R3TransportTests testPairingAndConnectingNameTheProtocolDirection]' passed (0.001 seconds).
Test Case '-[TerminalVerificationtransport.R3TransportTests testRetryDelayIsAJitteredUpperHalfCappedAtFiveMinutes]' started.
Test Case '-[TerminalVerificationtransport.R3TransportTests testRetryDelayIsAJitteredUpperHalfCappedAtFiveMinutes]' passed (0.000 seconds).
Test Case '-[TerminalVerificationtransport.R3TransportTests testTheDrawAfterAReadIsCoalescedIntoOneReplay]' started.
Test Case '-[TerminalVerificationtransport.R3TransportTests testTheDrawAfterAReadIsCoalescedIntoOneReplay]' passed (0.607 seconds).
Test Suite 'R3TransportTests' passed at 2026-10-07 00:35:25.749.
	 Executed 14 tests, with 1 test skipped and 0 failures (0 unexpected) in 8.891 (8.894) seconds
Test Suite 'ForgetOriginTests' started at 2026-10-07 00:35:25.749.
Test Case '-[TerminalVerificationtransport.ForgetOriginTests testAKeyLeftByAnEarlierBuildForARemovedEnvironmentIsDroppedNotRestored]' started.
Test Case '-[TerminalVerificationtransport.ForgetOriginTests testAKeyLeftByAnEarlierBuildForARemovedEnvironmentIsDroppedNotRestored]' passed (0.008 seconds).
Test Case '-[TerminalVerificationtransport.ForgetOriginTests testAnAgentRunKeepsNoOriginButStillNamesNothingAfterRemoval]' started.
Test Case '-[TerminalVerificationtransport.ForgetOriginTests testAnAgentRunKeepsNoOriginButStillNamesNothingAfterRemoval]' passed (0.008 seconds).
Test Case '-[TerminalVerificationtransport.ForgetOriginTests testDisconnectWithForgetOnTheFocusedBClearsTheSameThings]' started.
Test Case '-[TerminalVerificationtransport.ForgetOriginTests testDisconnectWithForgetOnTheFocusedBClearsTheSameThings]' passed (0.012 seconds).
Test Case '-[TerminalVerificationtransport.ForgetOriginTests testPairedBothThenFocusedBRemembersBAndRemovingItLeavesNothingNamingB]' started.
Test Case '-[TerminalVerificationtransport.ForgetOriginTests testPairedBothThenFocusedBRemembersBAndRemovingItLeavesNothingNamingB]' passed (0.005 seconds).
Test Case '-[TerminalVerificationtransport.ForgetOriginTests testRemovingTheUnfocusedBKeepsTheFocusAndItsRememberedOrigin]' started.
Test Case '-[TerminalVerificationtransport.ForgetOriginTests testRemovingTheUnfocusedBKeepsTheFocusAndItsRememberedOrigin]' passed (0.005 seconds).
Test Suite 'ForgetOriginTests' passed at 2026-10-07 00:35:25.788.
	 Executed 5 tests, with 0 failures (0 unexpected) in 0.038 (0.039) seconds
Test Suite 'RemoteScopeTests' started at 2026-10-07 00:35:25.788.
Test Case '-[TerminalVerificationtransport.RemoteScopeTests testANarrowLinkIsRefusedWithTheReferenceTextAndNothingIsSaved]' started.
Test Case '-[TerminalVerificationtransport.RemoteScopeTests testANarrowLinkIsRefusedWithTheReferenceTextAndNothingIsSaved]' passed (0.001 seconds).
Test Case '-[TerminalVerificationtransport.RemoteScopeTests testConnectSendsTheScopeItIsGivenAndNoneWhenAbsent]' started.
Test Case '-[TerminalVerificationtransport.RemoteScopeTests testConnectSendsTheScopeItIsGivenAndNoneWhenAbsent]' passed (0.002 seconds).
Test Case '-[TerminalVerificationtransport.RemoteScopeTests testFailureTextKeepsTheServerMessageAndTheCredentialRule]' started.
Test Case '-[TerminalVerificationtransport.RemoteScopeTests testFailureTextKeepsTheServerMessageAndTheCredentialRule]' passed (0.000 seconds).
Test Case '-[TerminalVerificationtransport.RemoteScopeTests testPairingSendsTheScopeItIsGiven]' started.
Test Case '-[TerminalVerificationtransport.RemoteScopeTests testPairingSendsTheScopeItIsGiven]' passed (0.001 seconds).
Test Suite 'RemoteScopeTests' passed at 2026-10-07 00:35:25.792.
	 Executed 4 tests, with 0 failures (0 unexpected) in 0.004 (0.004) seconds
Test Suite 'RouteTests' started at 2026-10-07 00:35:25.792.
Test Case '-[TerminalVerificationtransport.RouteTests testAddingARouteToAnotherMachineIsRefusedBeforeTheCodeIsSpent]' started.
Test Case '-[TerminalVerificationtransport.RouteTests testAddingARouteToAnotherMachineIsRefusedBeforeTheCodeIsSpent]' passed (0.001 seconds).
Test Case '-[TerminalVerificationtransport.RouteTests testAFallbackRouteConnectsAndTheBetterRouteTakesOverOnceItAnswers]' started.
Test Case '-[TerminalVerificationtransport.RouteTests testAFallbackRouteConnectsAndTheBetterRouteTakesOverOnceItAnswers]' passed (0.058 seconds).
Test Case '-[TerminalVerificationtransport.RouteTests testATransientFailureIsReportedOverABlockedRoute]' started.
Test Case '-[TerminalVerificationtransport.RouteTests testATransientFailureIsReportedOverABlockedRoute]' passed (0.052 seconds).
Test Case '-[TerminalVerificationtransport.RouteTests testEntriesSavedBeforeRoutesJoinOneEnvironmentWithOneRouteEach]' started.
Test Case '-[TerminalVerificationtransport.RouteTests testEntriesSavedBeforeRoutesJoinOneEnvironmentWithOneRouteEach]' passed (0.000 seconds).
Test Case '-[TerminalVerificationtransport.RouteTests testPairingTheSameMachineAtASecondAddressAddsARouteNotARow]' started.
Test Case '-[TerminalVerificationtransport.RouteTests testPairingTheSameMachineAtASecondAddressAddsARouteNotARow]' passed (0.000 seconds).
Test Case '-[TerminalVerificationtransport.RouteTests testRouteEditsKeepTheHomeAndForgetARemovedRoutesTokenUnlessBorrowed]' started.
Test Case '-[TerminalVerificationtransport.RouteTests testRouteEditsKeepTheHomeAndForgetARemovedRoutesTokenUnlessBorrowed]' passed (0.000 seconds).
Test Case '-[TerminalVerificationtransport.RouteTests testTheWalkSkipsAnotherMachineAtASavedAddressAndNeverSendsItACredential]' started.
Test Case '-[TerminalVerificationtransport.RouteTests testTheWalkSkipsAnotherMachineAtASavedAddressAndNeverSendsItACredential]' passed (0.003 seconds).
Test Suite 'RouteTests' passed at 2026-10-07 00:35:25.907.
	 Executed 7 tests, with 0 failures (0 unexpected) in 0.115 (0.115) seconds
Test Suite 'TerminalStreamTests' started at 2026-10-07 00:35:25.907.
Test Case '-[TerminalVerificationtransport.TerminalStreamTests testDisconnectedResizeIsAppliedOnAttachWithoutAnotherFit]' started.
Test Case '-[TerminalVerificationtransport.TerminalStreamTests testDisconnectedResizeIsAppliedOnAttachWithoutAnotherFit]' passed (0.133 seconds).
Test Case '-[TerminalVerificationtransport.TerminalStreamTests testLateResizeCannotResizeAReplacementWithTheSameTerminalID]' started.
/Users/daehyeonmun/orca/workspaces/exact2/t3-code-terminal-drawer/examples/t3-code/macos/tests/transport/terminal-streams.swift:162: error: -[TerminalVerificationtransport.TerminalStreamTests testLateResizeCannotResizeAReplacementWithTheSameTerminalID] : XCTAssertEqual failed: ("3") is not equal to ("2") - old pending grid must never be sent to the replacement terminal
Test Case '-[TerminalVerificationtransport.TerminalStreamTests testLateResizeCannotResizeAReplacementWithTheSameTerminalID]' failed (0.372 seconds).
Test Case '-[TerminalVerificationtransport.TerminalStreamTests testOutputSkipsTheInboxAndIsAcknowledgedOnlyOnceHeld]' started.
Test Case '-[TerminalVerificationtransport.TerminalStreamTests testOutputSkipsTheInboxAndIsAcknowledgedOnlyOnceHeld]' passed (0.708 seconds).
Test Case '-[TerminalVerificationtransport.TerminalStreamTests testProviderInstanceIsPreservedAcrossSessionReattach]' started.
Test Case '-[TerminalVerificationtransport.TerminalStreamTests testProviderInstanceIsPreservedAcrossSessionReattach]' passed (1.097 seconds).
Test Case '-[TerminalVerificationtransport.TerminalStreamTests testQueuedOldStreamCannotChangeAReplacementWithTheSameTerminalID]' started.
Test Case '-[TerminalVerificationtransport.TerminalStreamTests testQueuedOldStreamCannotChangeAReplacementWithTheSameTerminalID]' passed (0.086 seconds).
Test Case '-[TerminalVerificationtransport.TerminalStreamTests testResizeFailureCanRetryAndInflightChangesKeepOnlyTheLatestGrid]' started.
Test Case '-[TerminalVerificationtransport.TerminalStreamTests testResizeFailureCanRetryAndInflightChangesKeepOnlyTheLatestGrid]' passed (0.228 seconds).
Test Case '-[TerminalVerificationtransport.TerminalStreamTests testTerminalStreamsDoNotCountTowardTheSixteenAppStreamsAndEndWithTheSocket]' started.
Test Case '-[TerminalVerificationtransport.TerminalStreamTests testTerminalStreamsDoNotCountTowardTheSixteenAppStreamsAndEndWithTheSocket]' passed (0.066 seconds).
Test Suite 'TerminalStreamTests' failed at 2026-10-07 00:35:28.599.
	 Executed 7 tests, with 1 failure (0 unexpected) in 2.690 (2.692) seconds
T3 transport: 54 tests, 1 failures
Traceback (most recent call last):
  File "/Users/daehyeonmun/orca/workspaces/exact2/t3-code-terminal-drawer/target/terminal-parity/sessions/swift-check.py", line 9, in <module>
    print('Running',name,flush=True); subprocess.run([str(dest/'tests')],env=dict(env,T3_TERMINAL_TEST_DIR=str(dest)),check=True)
  File "/Applications/Xcode.app/Contents/Developer/Library/Frameworks/Python3.framework/Versions/3.9/lib/python3.9/subprocess.py", line 528, in run
    raise CalledProcessError(retcode, process.args,
subprocess.CalledProcessError: Command '['/Users/daehyeonmun/orca/workspaces/exact2/t3-code-terminal-drawer/target/terminal-parity/sessions/swift/transport/tests']' returned non-zero exit status 1.
