=== agent web "tap probe dblclick"
{"at":[117,77],"tapped":2,"target":"probe","delivery":"platform","carrier":"web","mode":"agent","clock":0,"epoch":7,"incarnation":1}
  pointerdown buttons=1 at=(100,60) mods=
  pointerup buttons=0 at=(100,60) mods=
  pointerdown buttons=1 at=(100,60) mods=
  pointerup buttons=0 at=(100,60) mods=
  dblclick
=== agent web "tap probe contextmenu"
{"at":[117,77],"tapped":2,"target":"probe","delivery":"platform","carrier":"web","mode":"agent","clock":0,"epoch":5,"incarnation":1}
  pointerdown buttons=2 at=(100,60) mods=
  contextmenu at=(100,60) mods=
  pointerup buttons=0 at=(100,60) mods=
=== agent web "tap probe modifiers Shift"
{"at":[117,77],"tapped":2,"target":"probe","delivery":"platform","carrier":"web","mode":"agent","clock":0,"epoch":4,"incarnation":1}
  pointerdown buttons=1 at=(100,60) mods=Shift
  pointerup buttons=0 at=(100,60) mods=Shift
=== agent web "tap probe wheel 0 20"
{"at":[117,77],"tapped":2,"target":"probe","delivery":"platform","carrier":"web","mode":"agent","clock":0,"epoch":2,"incarnation":1}
  wheel d=(0,20) at=(100,60) mods=
=== agent web "tap probe wheel 0 20 modifiers Shift"
{"at":[117,77],"tapped":2,"target":"probe","delivery":"platform","carrier":"web","mode":"agent","clock":0,"epoch":2,"incarnation":1}
  wheel d=(0,20) at=(100,60) mods=Shift
=== agent web "tap probe auxclick"
{"at":[117,77],"tapped":2,"target":"probe","delivery":"platform","carrier":"web","mode":"agent","clock":0,"epoch":4,"incarnation":1}
  pointerdown buttons=4 at=(100,60) mods=
  pointerup buttons=0 at=(100,60) mods=
=== agent web "tap probe clicks 3"
{"at":[117,77],"tapped":2,"target":"probe","delivery":"platform","carrier":"web","mode":"agent","clock":0,"epoch":9,"incarnation":1}
  pointerdown buttons=1 at=(100,60) mods=
  pointerup buttons=0 at=(100,60) mods=
  pointerdown buttons=1 at=(100,60) mods=
  pointerup buttons=0 at=(100,60) mods=
  dblclick
  pointerdown buttons=1 at=(100,60) mods=
  pointerup buttons=0 at=(100,60) mods=
=== agent web "tap probe wheel 0 20 at 10 10"
{"at":[26,26],"tapped":2,"target":"probe","delivery":"platform","carrier":"web","mode":"agent","clock":0,"epoch":2,"incarnation":1}
  wheel d=(0,20) at=(9,9) mods=
=== agent web "tap probe contextmenu at 10 10"
{"at":[26,26],"tapped":2,"target":"probe","delivery":"platform","carrier":"web","mode":"agent","clock":0,"epoch":5,"incarnation":1}
  pointerdown buttons=2 at=(9,9) mods=
  contextmenu at=(9,9) mods=
  pointerup buttons=0 at=(9,9) mods=
=== agent web "tap probe auxclick at 30 40 modifiers Meta"
{"at":[46,56],"tapped":2,"target":"probe","delivery":"platform","carrier":"web","mode":"agent","clock":0,"epoch":4,"incarnation":1}
  pointerdown buttons=4 at=(29,39) mods=Meta
  pointerup buttons=0 at=(29,39) mods=Meta
=== agent web "tap probe down at 10 20 modifiers Shift" "tap move 30 20" "tap up"
{"contact":2,"phase":"down","at":[26,36],"delivery":"platform","tapped":2,"target":"probe","carrier":"web","mode":"agent","clock":0,"epoch":2,"incarnation":1}
{"phase":"move","at":[30,20],"delivery":"platform","carrier":"web","mode":"agent","clock":0,"epoch":3,"incarnation":1}
{"phase":"up","at":[30,20],"delivery":"platform","carrier":"web","mode":"agent","clock":0,"epoch":4,"incarnation":1}
  pointerdown buttons=1 at=(9,19) mods=Shift
  pointermove buttons=1 at=(13,3) mods=Shift
  pointerup buttons=0 at=(13,3) mods=Shift
=== agent web "tap probe drag 40 0 from 10 20 mouse modifiers Shift over 32"
{"tapped":2,"target":"probe","at":[26,36],"drag":{"dx":40,"dy":0,"press":0,"over":32,"hold":0,"mouse":true,"modifiers":"Shift"},"lifted":[66,36],"delivery":"platform","carrier":"web","mode":"agent","clock":0,"epoch":5,"incarnation":1}
  pointerdown buttons=1 at=(9,19) mods=Shift
  pointermove buttons=1 at=(29,19) mods=Shift
  pointermove buttons=1 at=(49,19) mods=Shift
  pointerup buttons=0 at=(49,19) mods=Shift
=== agent web "tap probe mouse foo"
  REFUSED: op 1/2 `tap probe mouse foo`: tap probe mouse foo: unknown word "foo"; this form takes at <x> <y>, modifiers <Shift+Control+Alt+Meta>
=== agent web "tap probe clicks 4"
  REFUSED: op 1/2 `tap probe clicks 4`: tap … clicks: 1, 2 or 3
