=== agent web "tap probe dblclick"
{"at":[117,77],"tapped":2,"target":"probe","delivery":"platform","carrier":"web","mode":"agent","clock":0,"epoch":7,"incarnation":1}
  pointerdown buttons=1 at=(100,60) mods=
  pointerup buttons=0 at=(100,60) mods=
  pointerdown buttons=1 at=(100,60) mods=
  pointerup buttons=0 at=(100,60) mods=
  dblclick
=== agent web "tap probe contextmenu"
{"at":[117,77],"tapped":2,"target":"probe","delivery":"platform","carrier":"web","mode":"agent","clock":0,"epoch":5,"incarnation":1}
  pointerdown buttons=2 at=(100,60) mods=
  contextmenu at=(100,60) mods=
  pointerup buttons=0 at=(100,60) mods=
=== agent web "tap probe modifiers Shift"
{"at":[117,77],"tapped":2,"target":"probe","delivery":"platform","carrier":"web","mode":"agent","clock":0,"epoch":4,"incarnation":1}
  pointerdown buttons=1 at=(100,60) mods=Shift
  pointerup buttons=0 at=(100,60) mods=Shift
=== agent web "tap probe wheel 0 20"
{"at":[117,77],"tapped":2,"target":"probe","delivery":"platform","carrier":"web","mode":"agent","clock":0,"epoch":2,"incarnation":1}
  wheel d=(0,20) at=(100,60) mods=
=== agent web "tap probe wheel 0 20 modifiers Shift"
{"at":[117,77],"tapped":2,"target":"probe","delivery":"platform","carrier":"web","mode":"agent","clock":0,"epoch":2,"incarnation":1}
  wheel d=(0,20) at=(100,60) mods=Shift
=== agent web "tap probe auxclick"
{"at":[117,77],"tapped":2,"target":"probe","delivery":"platform","carrier":"web","mode":"agent","clock":0,"epoch":4,"incarnation":1}
  pointerdown buttons=1 at=(100,60) mods=
  pointerup buttons=0 at=(100,60) mods=
=== agent web "tap probe clicks 3"
{"at":[117,77],"tapped":2,"target":"probe","delivery":"platform","carrier":"web","mode":"agent","clock":0,"epoch":4,"incarnation":1}
  pointerdown buttons=1 at=(100,60) mods=
  pointerup buttons=0 at=(100,60) mods=
=== agent web "tap probe wheel 0 20 at 10 10"
{"at":[117,77],"tapped":2,"target":"probe","delivery":"platform","carrier":"web","mode":"agent","clock":0,"epoch":2,"incarnation":1}
  wheel d=(0,20) at=(100,60) mods=
=== agent web "tap probe contextmenu at 10 10"
{"at":[117,77],"tapped":2,"target":"probe","delivery":"platform","carrier":"web","mode":"agent","clock":0,"epoch":5,"incarnation":1}
  pointerdown buttons=2 at=(100,60) mods=
  contextmenu at=(100,60) mods=
  pointerup buttons=0 at=(100,60) mods=
=== agent web "tap probe auxclick at 30 40 modifiers Meta"
{"at":[117,77],"tapped":2,"target":"probe","delivery":"platform","carrier":"web","mode":"agent","clock":0,"epoch":4,"incarnation":1}
  pointerdown buttons=1 at=(100,60) mods=
  pointerup buttons=0 at=(100,60) mods=
=== agent web "tap probe down at 10 20 modifiers Shift" "tap move 30 20" "tap up"
{"contact":2,"phase":"down","at":[26,36],"delivery":"platform","tapped":2,"target":"probe","carrier":"web","mode":"agent","clock":0,"epoch":2,"incarnation":1}
{"phase":"move","at":[30,20],"delivery":"platform","carrier":"web","mode":"agent","clock":0,"epoch":3,"incarnation":1}
{"phase":"up","at":[30,20],"delivery":"platform","carrier":"web","mode":"agent","clock":0,"epoch":4,"incarnation":1}
  pointerdown buttons=1 at=(9,19) mods=
  pointermove buttons=1 at=(13,3) mods=
  pointerup buttons=0 at=(13,3) mods=
=== agent web "tap probe drag 40 0 from 10 20 mouse modifiers Shift over 32"
  REFUSED: op 1/2 `tap probe drag 40 0 from 10 20 mouse modifiers Shift over 32`: tap … drag: unknown option modifiers; from <x> <y>, mouse, press <ms>, over <ms>, hold <ms>, during "<op>" …
=== agent web "tap probe mouse foo"
  REFUSED: op 1/2 `tap probe mouse foo`: mouse requires a canvas target
=== agent web "tap probe clicks 4"
{"at":[117,77],"tapped":2,"target":"probe","delivery":"platform","carrier":"web","mode":"agent","clock":0,"epoch":4,"incarnation":1}
  pointerdown buttons=1 at=(100,60) mods=
  pointerup buttons=0 at=(100,60) mods=
