host/apple: /private/tmp/exact-issue-300-repro/target starts with the 889 registry units this machine has compiled (~/.cache/exact/apple-crates/1.97.0-host-dev/app/gen-1791397065370-96677)
host/apple: exact-svg-raster as this machine already compiled it from these sources (~/.cache/exact/apple-modules/54d4319d5aafe802fdfe6ca9/5a9240357601e3e0)
host/apple: exact-canvas-vello as this machine already compiled it from these sources (~/.cache/exact/apple-modules/4becfdddd0a5ca8c6f53ce71/f8992236ff9f5cba)
    Blocking waiting for file lock on package cache
warning: patch `wgpu-hal v30.0.1 (/Users/daehyeonmun/orca/workspaces/exact2/fix-300-mounted-clamp/vendor/wgpu-hal)` was not used in the crate graph
help: Check that the patched package version and available features are compatible
      with the dependency requirements. If the patch has a different version from
      what is locked in the Cargo.lock file, run `cargo update` to use the new
      version. This may also occur with an optional dependency that is not enabled.
    Blocking waiting for file lock on package cache
   Compiling exact-num v0.1.0 (/Users/daehyeonmun/orca/workspaces/exact2/fix-300-mounted-clamp/num)
   Compiling exact-plan v0.1.0 (/Users/daehyeonmun/orca/workspaces/exact2/fix-300-mounted-clamp/plan)
   Compiling exact-kernel v0.1.0 (/Users/daehyeonmun/orca/workspaces/exact2/fix-300-mounted-clamp/kernel)
   Compiling hermes-lean-sys v0.1.0 (/Users/daehyeonmun/orca/workspaces/exact2/fix-300-mounted-clamp/vendor/ibex/crates/hermes-lean-sys)
   Compiling exact-route v0.1.0 (/Users/daehyeonmun/orca/workspaces/exact2/fix-300-mounted-clamp/route)
   Compiling taffy v0.14.0 (/Users/daehyeonmun/orca/workspaces/exact2/fix-300-mounted-clamp/vendor/taffy)
   Compiling exact-svg-filter v0.1.0 (/Users/daehyeonmun/orca/workspaces/exact2/fix-300-mounted-clamp/svg-filter)
   Compiling exact-grants v0.1.0 (/Users/daehyeonmun/orca/workspaces/exact2/fix-300-mounted-clamp/grants)
   Compiling contract-syntax v0.1.0 (/Users/daehyeonmun/orca/workspaces/exact2/fix-300-mounted-clamp/contract/syntax)
   Compiling contract-lower v0.1.0 (/Users/daehyeonmun/orca/workspaces/exact2/fix-300-mounted-clamp/contract/lower)
   Compiling ibex2 v0.1.0 (/Users/daehyeonmun/orca/workspaces/exact2/fix-300-mounted-clamp/vendor/ibex/crates/ibex2)
   Compiling exact-gpu-reflect v0.1.0 (/Users/daehyeonmun/orca/workspaces/exact2/fix-300-mounted-clamp/gpu/reflect)
   Compiling exact-color v0.1.0 (/Users/daehyeonmun/orca/workspaces/exact2/fix-300-mounted-clamp/color)
   Compiling exact-textflow v0.1.0 (/Users/daehyeonmun/orca/workspaces/exact2/fix-300-mounted-clamp/textflow)
   Compiling exact-motion v0.1.0 (/Users/daehyeonmun/orca/workspaces/exact2/fix-300-mounted-clamp/motion)
   Compiling exact-update v0.1.0 (/Users/daehyeonmun/orca/workspaces/exact2/fix-300-mounted-clamp/update)
   Compiling exact-filesystem v0.1.0 (/Users/daehyeonmun/orca/workspaces/exact2/fix-300-mounted-clamp/filesystem)
   Compiling exact-logic v0.1.0 (/Users/daehyeonmun/orca/workspaces/exact2/fix-300-mounted-clamp/logic)
   Compiling exact-raster v0.1.0 (/Users/daehyeonmun/orca/workspaces/exact2/fix-300-mounted-clamp/host/raster)
   Compiling exact-markdown v0.1.0 (/Users/daehyeonmun/orca/workspaces/exact2/fix-300-mounted-clamp/markdown)
   Compiling exact-canvas v0.1.0 (/Users/daehyeonmun/orca/workspaces/exact2/fix-300-mounted-clamp/canvas)
   Compiling contract-types v0.1.0 (/Users/daehyeonmun/orca/workspaces/exact2/fix-300-mounted-clamp/contract/types)
   Compiling exact-js-value v0.1.0 (/Users/daehyeonmun/orca/workspaces/exact2/fix-300-mounted-clamp/js/value)
   Compiling contract-analyze v0.1.0 (/Users/daehyeonmun/orca/workspaces/exact2/fix-300-mounted-clamp/contract/analyze)
   Compiling exact-js v0.1.0 (/Users/daehyeonmun/orca/workspaces/exact2/fix-300-mounted-clamp/js)
   Compiling exact-runner v0.1.0 (/Users/daehyeonmun/orca/workspaces/exact2/fix-300-mounted-clamp/runner)
   Compiling ibex2-sqlite v0.1.0 (/Users/daehyeonmun/orca/workspaces/exact2/fix-300-mounted-clamp/vendor/ibex/crates/ibex2-sqlite)
   Compiling exact-data v0.1.0 (/Users/daehyeonmun/orca/workspaces/exact2/fix-300-mounted-clamp/data)
   Compiling contract v0.1.0 (/Users/daehyeonmun/orca/workspaces/exact2/fix-300-mounted-clamp/contract/cli)
   Compiling exact-bake v0.1.0 (/Users/daehyeonmun/orca/workspaces/exact2/fix-300-mounted-clamp/bake)
   Compiling exact-logic-abi v0.1.0 (/Users/daehyeonmun/orca/workspaces/exact2/fix-300-mounted-clamp/logic/abi)
   Compiling exact-js-bake v0.1.0 (/Users/daehyeonmun/orca/workspaces/exact2/fix-300-mounted-clamp/js/bake)
   Compiling exact-apple v0.1.0 (/Users/daehyeonmun/orca/workspaces/exact2/fix-300-mounted-clamp/host/apple)
   Compiling exact-issue-300-repro-apple v0.1.0 (/private/tmp/exact-issue-300-repro/apple)
    Finished `host-dev` profile [optimized] target(s) in 2m 58s
host/apple: baked L=0; Swift embedded composition
Building for debugging...
[Pre-planning 1 / 37]
[Planning deferred tasks]
[18 / 26]
[19 / 27] ExactKit
[29 / 125]
[30 / 125]
[32 / 125]
[41 / 125]
[42 / 125]
[43 / 125]
[44 / 125]
[48 / 125]
[49 / 125]
[50 / 125]
[52 / 125]
[55 / 125]
[57 / 125]
[62 / 125]
[64 / 125]
[65 / 125]
[67 / 125]
[68 / 125]
[82 / 125]
[84 / 125]
[85 / 125]
[87 / 125]
[91 / 125]
[93 / 125]
[94 / 125]
[96 / 125]
[97 / 125]
[98 / 125]
[117 / 125] ExactKit
/Users/daehyeonmun/orca/workspaces/exact2/fix-300-mounted-clamp/host/apple/Sources/ExactKit/ElementHatches.swift:149:102: warning: left side of nil coalescing operator '??' has non-optional type '[NSGestureRecognizer]', so the right side is never used
147 |         let quiet = entry.inList && (calls[word]?[event.name] ?? 0) > 1
148 |         // A development build notices a recognizer the call added and did not declare (§3.4).
149 |         let had = HatchDiagnostics.measuring && event != .ended ? Set((entry.node.gestureRecognizers ?? []).map(ObjectIdentifier.init)) : nil
    |                                                                                                      `- warning: left side of nil coalescing operator '??' has non-optional type '[NSGestureRecognizer]', so the right side is never used
150 |         let reusable = presenter.session?.natives.elementHatch(entry.node, event: event.rawValue, platform: Self.platform(of: entry.node, presenter), quiet: quiet) ?? false
151 |         if let had { regions.undeclared(under: entry.node, by: "element \(word)") { had.contains(ObjectIdentifier($0)) } }

/Users/daehyeonmun/orca/workspaces/exact2/fix-300-mounted-clamp/host/apple/Sources/ExactKit/ElementHatches.swift:389:9:[123 / 125] ExactKit
 warning: will never be executed
387 |         default: return false
388 |         }
389 |         return true
    |         `- warning: will never be executed
390 |         #endif
391 |     }
/Users/daehyeonmun/orca/workspaces/exact2/fix-300-mounted-clamp/host/apple/Sources/ExactKit/HatchRegions.swift:234:55: warning: left side of nil coalescing operator '??' has non-optional type '[NSGestureRecognizer]', so the right side is never used
232 |         while let (view, depth) = stack.popLast(), walked < 2000 {
233 |             walked += 1
234 |             for recognizer in view.gestureRecognizers ?? [] { out.insert(ObjectIdentifier(recognizer)) }
    |                                                       `- warning: left side of nil coalescing operator '??' has non-optional type '[NSGestureRecognizer]', so the right side is never used
235 |             if depth < 8 { for sub in view.subviews where !(sub is NodeView) { stack.append((sub, depth + 1)) } }
236 |         }

/Users/daehyeonmun/orca/workspaces/exact2/fix-300-mounted-clamp/host/apple/Sources/ExactKit/HatchRegions.swift:253:55: warning: left side of nil coalescing operator '??' has non-optional type '[NSGestureRecognizer]', so the right side is never used
251 |             // A view a region or a part binds is declared, with what is inside it (the platform's own recognizers on a control, say).
252 |             if view !== root, regions.contains(where: { $0.kind == "view" && $0.object === view }) || parts.values.contains(where: { $0.contains { $0.view === view } }) { continue }
253 |             for recognizer in view.gestureRecognizers ?? [] where !known(recognizer) && !regions.contains(where: { $0.object === recognizer }) {
    |                                                       `- warning: left side of nil coalescing operator '??' has non-optional type '[NSGestureRecognizer]', so the right side is never used
254 |                 let name = String(describing: type(of: recognizer))
255 |                 if reported.insert("\(scope)\n\(name)").inserted { presenter?.session?.log("hatch \(scope) added a \(name) it did not declare") }
/Users/daehyeonmun/orca/workspaces/exact2/fix-300-mounted-clamp/host/apple/Sources/ExactKit/Picker.swift:159:30: warning: 'tracks(withMediaType:)' was deprecated in macOS 13.0: Use loadTracks(withMediaType:) instead [#DeprecatedDeclaration]
157 |         let asset = AVURLAsset(url: url)
158 |         var out = ["", "", ""]
159 |         if let track = asset.tracks(withMediaType: .video).first {
    |                              `- warning: 'tracks(withMediaType:)' was deprecated in macOS 13.0: Use loadTracks(withMediaType:) instead [#DeprecatedDeclaration]
160 |             let s = track.naturalSize.applying(track.preferredTransform)
161 |             out[0] = "\(Int(abs(s.width).rounded()))"; out[1] = "\(Int(abs(s.height).rounded()))"

/Users/daehyeonmun/orca/workspaces/exact2/fix-300-mounted-clamp/host/apple/Sources/ExactKit/Picker.swift:160:27: warning: 'naturalSize' was deprecated in macOS 13.0: Use load(.naturalSize) instead [#DeprecatedDeclaration]
158 |         var out = ["", "", ""]
159 |         if let track = asset.tracks(withMediaType: .video).first {
160 |             let s = track.naturalSize.applying(track.preferredTransform)
    |                           `- warning: 'naturalSize' was deprecated in macOS 13.0: Use load(.naturalSize) instead [#DeprecatedDeclaration]
161 |             out[0] = "\(Int(abs(s.width).rounded()))"; out[1] = "\(Int(abs(s.height).rounded()))"
162 |         }

/Users/daehyeonmun/orca/workspaces/exact2/fix-300-mounted-clamp/host/apple/Sources/ExactKit/Picker.swift:160:54: warning: 'preferredTransform' was deprecated in macOS 13.0: Use load(.preferredTransform) instead [#DeprecatedDeclaration]
158 |         var out = ["", "", ""]
159 |         if let track = asset.tracks(withMediaType: .video).first {
160 |             let s = track.naturalSize.applying(track.preferredTransform)
    |                                                      `- warning: 'preferredTransform' was deprecated in macOS 13.0: Use load(.preferredTransform) instead [#DeprecatedDeclaration]
161 |             out[0] = "\(Int(abs(s.width).rounded()))"; out[1] = "\(Int(abs(s.height).rounded()))"
162 |         }

/Users/daehyeonmun/orca/workspaces/exact2/fix-300-mounted-clamp/host/apple/Sources/ExactKit/Picker.swift:163:46: warning: 'duration' was deprecated in macOS 13.0: Use load(.duration) instead [#DeprecatedDeclaration]
161 |             out[0] = "\(Int(abs(s.width).rounded()))"; out[1] = "\(Int(abs(s.height).rounded()))"
162 |         }
163 |         let seconds = CMTimeGetSeconds(asset.duration)
    |                                              `- warning: 'duration' was deprecated in macOS 13.0: Use load(.duration) instead [#DeprecatedDeclaration]
164 |         if seconds.isFinite { out[2] = "\(seconds)" }
165 |         return out

[#DeprecatedDeclaration]: <https://docs.swift.org/compiler/documentation/diagnostics/deprecated-declaration>
/Users/daehyeonmun/orca/workspaces/exact2/fix-300-mounted-clamp/host/apple/Sources/ExactKit/TextInteraction.swift:113:15: warning: 'accessibilityAttributeNames()' was deprecated in macOS 10.10: Use the NSAccessibility protocol methods instead (see NSAccessibilityProtocols.h) [#DeprecatedDeclaration]
111 |     }
112 |     override func accessibilityAttributeNames() -> [NSAccessibility.Attribute] {
113 |         super.accessibilityAttributeNames() + [NSAccessibility.Attribute(rawValue: "AXLanguage")]
    |               `- warning: 'accessibilityAttributeNames()' was deprecated in macOS 10.10: Use the NSAccessibility protocol methods instead (see NSAccessibilityProtocols.h) [#DeprecatedDeclaration]
114 |     }
115 |     override func accessibilityAttributeValue(_ attribute: NSAccessibility.Attribute) -> Any? {

/Users/daehyeonmun/orca/workspaces/exact2/fix-300-mounted-clamp/host/apple/Sources/ExactKit/TextInteraction.swift:117:22: warning: 'accessibilityAttributeValue' was deprecated in macOS 10.10: Use the NSAccessibility protocol methods instead (see NSAccessibilityProtocols.h) [#DeprecatedDeclaration]
115 |     override func accessibilityAttributeValue(_ attribute: NSAccessibility.Attribute) -> Any? {
116 |         if attribute.rawValue == "AXLanguage" { return owner?.presenter?.documentLanguage }
117 |         return super.accessibilityAttributeValue(attribute)
    |                      `- warning: 'accessibilityAttributeValue' was deprecated in macOS 10.10: Use the NSAccessibility protocol methods instead (see NSAccessibilityProtocols.h) [#DeprecatedDeclaration]
118 |     }
119 |     override func accessibilityFrame() -> NSRect {

[#DeprecatedDeclaration]: <https://docs.swift.org/compiler/documentation/diagnostics/deprecated-declaration>
/Users/daehyeonmun/orca/workspaces/exact2/fix-300-mounted-clamp/host/apple/Sources/ExactKit/Mac/TextAreaMac.swift:48:15: warning: 'accessibilityAttributeNames()' was deprecated in macOS 10.10: Use the NSAccessibility protocol methods instead (see NSAccessibilityProtocols.h) [#DeprecatedDeclaration]
 46 |     // The ARIA states AppKit has no property for (`NodeView.ariaAttribute`).
 47 |     package override func accessibilityAttributeNames() -> [NSAccessibility.Attribute] {
 48 |         super.accessibilityAttributeNames() + NodeView.ariaAttributes.filter { owner?.ariaAttribute($0) != nil }.map { .init(rawValue: $0) }
    |               `- warning: 'accessibilityAttributeNames()' was deprecated in macOS 10.10: Use the NSAccessibility protocol methods instead (see NSAccessibilityProtocols.h) [#DeprecatedDeclaration]
 49 |     }
 50 |     package override func accessibilityAttributeValue(_ attribute: NSAccessibility.Attribute) -> Any? {

/Users/daehyeonmun/orca/workspaces/exact2/fix-300-mounted-clamp/host/apple/Sources/ExactKit/Mac/TextAreaMac.swift:51:59: warning: 'accessibilityAttributeValue' was deprecated in macOS 10.10: Use the NSAccessibility protocol methods instead (see NSAccessibilityProtocols.h) [#DeprecatedDeclaration]
 49 |     }
 50 |     package override func accessibilityAttributeValue(_ attribute: NSAccessibility.Attribute) -> Any? {
 51 |         owner?.ariaAttribute(attribute.rawValue) ?? super.accessibilityAttributeValue(attribute)
    |                                                           `- warning: 'accessibilityAttributeValue' was deprecated in macOS 10.10: Use the NSAccessibility protocol methods instead (see NSAccessibilityProtocols.h) [#DeprecatedDeclaration]
 52 |     }
 53 | 

[#DeprecatedDeclaration]: <https://docs.swift.org/compiler/documentation/diagnostics/deprecated-declaration>
/Users/daehyeonmun/orca/workspaces/exact2/fix-300-mounted-clamp/host/apple/Sources/ExactKit/Accessibility.swift:146:15: warning: 'accessibilityAttributeNames()' was deprecated in macOS 10.10: Use the NSAccessibility protocol methods instead (see NSAccessibilityProtocols.h) [#DeprecatedDeclaration]
144 |     }
145 |     override func accessibilityAttributeNames() -> [NSAccessibility.Attribute] {
146 |         super.accessibilityAttributeNames() + NodeView.ariaAttributes.filter { (controlView?.superview as? NodeView)?.ariaAttribute($0) != nil }.map { .init(rawValue: $0) }
    |               `- warning: 'accessibilityAttributeNames()' was deprecated in macOS 10.10: Use the NSAccessibility protocol methods instead (see NSAccessibilityProtocols.h) [#DeprecatedDeclaration]
147 |     }
148 |     override func accessibilityAttributeValue(_ attribute: NSAccessibility.Attribute) -> Any? {

/Users/daehyeonmun/orca/workspaces/exact2/fix-300-mounted-clamp/host/apple/Sources/ExactKit/Accessibility.swift:149:91: warning: 'accessibilityAttributeValue' was deprecated in macOS 10.10: Use the NSAccessibility protocol methods instead (see NSAccessibilityProtocols.h) [#DeprecatedDeclaration]
147 |     }
148 |     override func accessibilityAttributeValue(_ attribute: NSAccessibility.Attribute) -> Any? {
149 |         (controlView?.superview as? NodeView)?.ariaAttribute(attribute.rawValue) ?? super.accessibilityAttributeValue(attribute)
    |                                                                                           `- warning: 'accessibilityAttributeValue' was deprecated in macOS 10.10: Use the NSAccessibility protocol methods instead (see NSAccessibilityProtocols.h) [#DeprecatedDeclaration]
150 |     }
151 | }

/Users/daehyeonmun/orca/workspaces/exact2/fix-300-mounted-clamp/host/apple/Sources/ExactKit/Accessibility.swift:161:15: warning: 'accessibilityAttributeNames()' was deprecated in macOS 10.10: Use the NSAccessibility protocol methods instead (see NSAccessibilityProtocols.h) [#DeprecatedDeclaration]
159 |     }
160 |     override func accessibilityAttributeNames() -> [NSAccessibility.Attribute] {
161 |         super.accessibilityAttributeNames() + NodeView.ariaAttributes.filter { (controlView?.superview as? NodeView)?.ariaAttribute($0) != nil }.map { .init(rawValue: $0) }
    |               `- warning: 'accessibilityAttributeNames()' was deprecated in macOS 10.10: Use the NSAccessibility protocol methods instead (see NSAccessibilityProtocols.h) [#DeprecatedDeclaration]
162 |     }
163 |     override func accessibilityAttributeValue(_ attribute: NSAccessibility.Attribute) -> Any? {

/Users/daehyeonmun/orca/workspaces/exact2/fix-300-mounted-clamp/host/apple/Sources/ExactKit/Accessibility.swift:164:91: warning: 'accessibilityAttributeValue' was deprecated in macOS 10.10: Use the NSAccessibility protocol methods instead (see NSAccessibilityProtocols.h) [#DeprecatedDeclaration]
162 |     }
163 |     override func accessibilityAttributeValue(_ attribute: NSAccessibility.Attribute) -> Any? {
164 |         (controlView?.superview as? NodeView)?.ariaAttribute(attribute.rawValue) ?? super.accessibilityAttributeValue(attribute)
    |                                                                                           `- warning: 'accessibilityAttributeValue' was deprecated in macOS 10.10: Use the NSAccessibility protocol methods instead (see NSAccessibilityProtocols.h) [#DeprecatedDeclaration]
165 |     }
166 | }

/Users/daehyeonmun/orca/workspaces/exact2/fix-300-mounted-clamp/host/apple/Sources/ExactKit/AgentAccessibility.swift:301:99: warning: 'accessibilityAttributeValue' was deprecated in macOS 10.10: Use the NSAccessibility protocol methods instead (see NSAccessibilityProtocols.h) [#DeprecatedDeclaration]
299 |         if let v = obj as? NSView {
300 |             var f = AxFacts(role: v.accessibilityRole()?.rawValue, subrole: v.accessibilitySubrole()?.rawValue, label: v.accessibilityLabel(), title: v.accessibilityTitle(),
301 |                            help: v.accessibilityHelp(), value: v.accessibilityValue(), enabled: v.accessibilityAttributeValue(.enabled) as? Bool ?? true, focused: v.isAccessibilityFocused(),
    |                                                                                                   `- warning: 'accessibilityAttributeValue' was deprecated in macOS 10.10: Use the NSAccessibility protocol methods instead (see NSAccessibilityProtocols.h) [#DeprecatedDeclaration]
302 |                            selected: v.isAccessibilitySelected(), element: v.isAccessibilityElement(), expanded: v.isAccessibilityExpanded(), frame: v.accessibilityFrame(), identifier: v.accessibilityIdentifier(),
303 |                            children: v.accessibilityChildrenInNavigationOrder() ?? v.accessibilityChildren() ?? [], required: v.isAccessibilityRequired())

/Users/daehyeonmun/orca/workspaces/exact2/fix-300-mounted-clamp/host/apple/Sources/ExactKit/AgentAccessibility.swift:304:24: warning: 'accessibilityAttributeValue' was deprecated in macOS 10.10: Use the NSAccessibility protocol methods instead (see NSAccessibilityProtocols.h) [#DeprecatedDeclaration]
302 |                            selected: v.isAccessibilitySelected(), element: v.isAccessibilityElement(), expanded: v.isAccessibilityExpanded(), frame: v.accessibilityFrame(), identifier: v.accessibilityIdentifier(),
303 |                            children: v.accessibilityChildrenInNavigationOrder() ?? v.accessibilityChildren() ?? [], required: v.isAccessibilityRequired())
304 |             f.aria { v.accessibilityAttributeValue(NSAccessibility.Attribute(rawValue: $0)) }
    |                        `- warning: 'accessibilityAttributeValue' was deprecated in macOS 10.10: Use the NSAccessibility protocol methods instead (see NSAccessibilityProtocols.h) [#DeprecatedDeclaration]
305 |             return f
306 |         }

/Users/daehyeonmun/orca/workspaces/exact2/fix-300-mounted-clamp/host/apple/Sources/ExactKit/AgentAccessibility.swift:309:99: warning: 'accessibilityAttributeValue' was deprecated in macOS 10.10: Use the NSAccessibility protocol methods instead (see NSAccessibilityProtocols.h) [#DeprecatedDeclaration]
307 |         if let e = obj as? NSAccessibilityElement {
308 |             return AxFacts(role: e.accessibilityRole()?.rawValue, subrole: e.accessibilitySubrole()?.rawValue, label: e.accessibilityLabel(), title: e.accessibilityTitle(),
309 |                            help: e.accessibilityHelp(), value: e.accessibilityValue(), enabled: e.accessibilityAttributeValue(.enabled) as? Bool ?? true, focused: e.isAccessibilityFocused(),
    |                                                                                                   `- warning: 'accessibilityAttributeValue' was deprecated in macOS 10.10: Use the NSAccessibility protocol methods instead (see NSAccessibilityProtocols.h) [#DeprecatedDeclaration]
310 |                            selected: e.isAccessibilitySelected(), element: e.isAccessibilityElement(), expanded: e.isAccessibilityExpanded(), frame: e.accessibilityFrame(), identifier: e.accessibilityIdentifier(),
311 |                            children: e.accessibilityChildrenInNavigationOrder() ?? e.accessibilityChildren() ?? [])

/Users/daehyeonmun/orca/workspaces/exact2/fix-300-mounted-clamp/host/apple/Sources/ExactKit/AgentAccessibility.swift:314:44: warning: 'accessibilityAttributeValue' was deprecated in macOS 10.10: Use the NSAccessibility protocol methods instead (see NSAccessibilityProtocols.h) [#DeprecatedDeclaration]
312 |         }
313 |         guard let o = obj as? NSObject else { return nil }
314 |         func a(_ name: String) -> Any? { o.accessibilityAttributeValue(NSAccessibility.Attribute(rawValue: name)) }
    |                                            `- warning: 'accessibilityAttributeValue' was deprecated in macOS 10.10: Use the NSAccessibility protocol methods instead (see NSAccessibilityProtocols.h) [#DeprecatedDeclaration]
315 |         // AXPosition is the top-left corner in global display points, y down from the primary screen's top.
316 |         // A cell fills its control: the control's frame is the cell's.

/Users/daehyeonmun/orca/workspaces/exact2/fix-300-mounted-clamp/host/apple/Sources/ExactKit/AgentAccessibility.swift:330:82: warning: 'accessibilityIsIgnored()' was deprecated in macOS 10.10: Use isAccessibilityElement instead [#DeprecatedDeclaration]
328 |         var f = AxFacts(role: a("AXRole") as? String, subrole: a("AXSubrole") as? String, label: nonEmpty(control?.accessibilityLabel()) ?? a("AXDescription") as? String, title: a("AXTitle") as? String,
329 |                         help: nonEmpty(control?.accessibilityHelp()) ?? a("AXHelp") as? String, value: a("AXValue"), enabled: a("AXEnabled") as? Bool ?? true, focused: a("AXFocused") as? Bool ?? false,
330 |                         selected: a("AXSelected") as? Bool ?? false, element: !o.accessibilityIsIgnored(), expanded: a("AXExpanded") as? Bool ?? false, frame: frame, identifier: a("AXIdentifier") as? String,
    |                                                                                  `- warning: 'accessibilityIsIgnored()' was deprecated in macOS 10.10: Use isAccessibilityElement instead [#DeprecatedDeclaration]
331 |                         children: a("AXChildren") as? [Any] ?? [], required: control?.isAccessibilityRequired() == true || a("AXRequired") as? Bool == true)
332 |         f.aria(a)

/Users/daehyeonmun/orca/workspaces/exact2/fix-300-mounted-clamp/host/apple/Sources/ExactKit/AgentAccessibility.swift:417:47: warning: 'accessibilityAttributeValue' was deprecated in macOS 10.10: Use the NSAccessibility protocol methods instead (see NSAccessibilityProtocols.h) [#DeprecatedDeclaration]
415 |         let secure = f.subrole == NSAccessibility.Subrole.secureTextField.rawValue || obj is NSSecureTextField || obj is NSSecureTextFieldCell
416 |         // A text field with neither description nor title is spoken by its placeholder.
417 |         let placeholder = (obj as? NSObject)?.accessibilityAttributeValue(.placeholderValue) as? String
    |                                               `- warning: 'accessibilityAttributeValue' was deprecated in macOS 10.10: Use the NSAccessibility protocol methods instead (see NSAccessibilityProtocols.h) [#DeprecatedDeclaration]
418 |         let name = [f.label, f.title, placeholder].compactMap { $0 }.first { !$0.isEmpty } ?? ""
419 |         e["name"] = cut(name) ?? ""

[#DeprecatedDeclaration]: <https://docs.swift.org/compiler/documentation/diagnostics/deprecated-declaration>
/Users/daehyeonmun/orca/workspaces/exact2/fix-300-mounted-clamp/host/apple/Sources/ExactKit/Mac/NodeViewMac.swift:334:15: warning: 'accessibilityAttributeNames()' was deprecated in macOS 10.10: Use the NSAccessibility protocol methods instead (see NSAccessibilityProtocols.h) [#DeprecatedDeclaration]
 332 |     /// A control is a leaf, as UIKit makes one: VoiceOver reads its name.
 333 |     package override func accessibilityAttributeNames() -> [NSAccessibility.Attribute] {
 334 |         super.accessibilityAttributeNames() + (["AXLanguage"] + Self.ariaAttributes.filter { ariaAttribute($0) != nil }).map { .init(rawValue: $0) }
     |               `- warning: 'accessibilityAttributeNames()' was deprecated in macOS 10.10: Use the NSAccessibility protocol methods instead (see NSAccessibilityProtocols.h) [#DeprecatedDeclaration]
 335 |     }
 336 |     package override func accessibilityAttributeValue(_ attribute: NSAccessibility.Attribute) -> Any? {

/Users/daehyeonmun/orca/workspaces/exact2/fix-300-mounted-clamp/host/apple/Sources/ExactKit/Mac/NodeViewMac.swift:341:59: warning: 'accessibilityAttributeValue' was deprecated in macOS 10.10: Use the NSAccessibility protocol methods instead (see NSAccessibilityProtocols.h) [#DeprecatedDeclaration]
 339 |             return language.isEmpty ? nil : language
 340 |         }
 341 |         return ariaAttribute(attribute.rawValue) ?? super.accessibilityAttributeValue(attribute)
     |                                                           `- warning: 'accessibilityAttributeValue' was deprecated in macOS 10.10: Use the NSAccessibility protocol methods instead (see NSAccessibilityProtocols.h) [#DeprecatedDeclaration]
 342 |     }
 343 |     /// `aria-hidden` takes the node and its subtree off the tree, as the

/Users/daehyeonmun/orca/workspaces/exact2/fix-300-mounted-clamp/host/apple/Sources/ExactKit/Mac/ShortcutsMac.swift:347:87: warning: string literal is not a valid Objective-C selector
345 |                       claimed.contains(where: { Self.sameChord(host, key: $0.0, $0.1) }) else { continue }
346 |                 unbound.append((host, host.keyEquivalent, host.keyEquivalentModifierMask))
347 |                 if menu === editMenu, Self.editRoles.contains(host.action ?? Selector("")) {
    |                                                                                       `- warning: string literal is not a valid Objective-C selector
348 |                     host.isHidden = true
349 |                     replaced.append(host)

[#DeprecatedDeclaration]: <https://docs.swift.org/compiler/documentation/diagnostics/deprecated-declaration>
[125 / 125] ExactKit
Build complete! (183.24 sec)
Building for debugging...
[Computing dependencies]
[Constructing description]
[Pre-planning 1 / 211]
[Planning deferred tasks]
[36 / 87]
[40 / 87] ExactGroupedLists
[59 / 122] ExactSurfaces
[63 / 122] ExactGroupedLists
[71 / 122] ExactSurfaces
[73 / 122] ExactDrag
[87 / 122] ExactSurfaces
[89 / 122] ExactSurfaces
[90 / 122] ExactSurfaces
[94 / 122] ExactDrag
[95 / 122] ExactGroupedLists
[95 / 122] ExactDrag
[95 / 122] ExactSurfaces
[95 / 122] ExactDrag
[95 / 122] ExactSurfaces
[95 / 122] ExactDrag
[97 / 122] ExactSurfaces
[104 / 123] ExactMarkdown
[106 / 123] ExactComposition
[108 / 125] ExactComposition
[117 / 126] ExactComposition
[118 / 126] ExactMac-product
[120 / 128] ExactSurfaces
[120 / 128] ExactMac-product
[121 / 128] ExactSurfaces
[121 / 128] ExactMac-product
[122 / 128] ExactSurfaces
[126 / 128] ExactMac-product
[127 / 128] ExactMac-product
Build complete! (35.15 sec)
/Users/daehyeonmun/orca/workspaces/exact2/fix-300-mounted-clamp/host/apple/Sources/ExactDrag/MouseTransformDragMac.swift:138:99: warning: 'defer' statement at end of scope always executes immediately; replace with 'do' statement to silence this warning
136 |             // The fling after a zoomed pan belongs to the pan: it neither
137 |             // scrolls the page nor moves the photo (no decay driver).
138 |             if event.momentumPhase.contains(.ended) || event.momentumPhase.contains(.cancelled) { defer { momentum = false } }
    |                                                                                                   `- warning: 'defer' statement at end of scope always executes immediately; replace with 'do' statement to silence this warning
139 |             return momentum
140 |         }
/Users/daehyeonmun/orca/workspaces/exact2/fix-300-mounted-clamp/host/apple/Sources/ExactSurfaces/CanvasInputMac.swift:72:24: warning: result of call to 'input' is unused [#NoUsage]
 70 |         buttons = 0; modifiers.removeAll(); keys.removeAll(); last = nil
 71 |         if let c=view.canvases as? CanvasesHost, let e=c.entries[view.id] {c.cancelControls(e)}
 72 |         view.canvases?.input(view, ["t": "blur"])
    |                        `- warning: result of call to 'input' is unused [#NoUsage]
 73 |     }
 74 |     func key(_ event: NSEvent, down: Bool, source: NodeView) -> Bool {

/Users/daehyeonmun/orca/workspaces/exact2/fix-300-mounted-clamp/host/apple/Sources/ExactSurfaces/CanvasInputMac.swift:90:24: warning: result of call to 'input(_:_:timestamp:)' is unused [#NoUsage]
 88 |         // moves; the surface still hears the name (`End`), as the web does.
 89 |         let key = KeyCodes.named(code) ? KeyCodes.key(code) : (event.characters.flatMap { $0.isEmpty ? nil : $0 } ?? KeyCodes.key(code))
 90 |         view.canvases?.input(view, ["t": "key", "code": code, "key": key, "down": down, "repeat": event.isARepeat], timestamp: event.timestamp)
    |                        `- warning: result of call to 'input(_:_:timestamp:)' is unused [#NoUsage]
 91 |         return !event.modifierFlags.contains(.command)
 92 |     }

/Users/daehyeonmun/orca/workspaces/exact2/fix-300-mounted-clamp/host/apple/Sources/ExactSurfaces/CanvasInputMac.swift:100:24: warning: result of call to 'input(_:_:timestamp:)' is unused [#NoUsage]
 98 |         let down = raw & pair != 0 ? raw & side != 0 : event.modifierFlags.contains(flag) && !modifiers.contains(code)
 99 |         if down { modifiers.insert(code) } else { modifiers.remove(code) }
100 |         view.canvases?.input(view, ["t": "key", "code": code, "key": KeyCodes.key(code), "down": down, "repeat": false], timestamp: event.timestamp)
    |                        `- warning: result of call to 'input(_:_:timestamp:)' is unused [#NoUsage]
101 |         return !event.modifierFlags.contains(.command)
102 |     }

/Users/daehyeonmun/orca/workspaces/exact2/fix-300-mounted-clamp/host/apple/Sources/ExactSurfaces/CanvasInputMac.swift:146:24: warning: result of call to 'input(_:_:timestamp:)' is unused [#NoUsage]
144 |         let (dx, dy) = !moved ? (0, 0) : locked ? (event.deltaX, event.deltaY) : last.map { (point.x - $0.x, point.y - $0.y) } ?? (0, 0)
145 |         last = point
146 |         view.canvases?.input(view, ["t": "pointer", "phase": phase, "id": 1, "x": point.x, "y": point.y, "dx": dx, "dy": dy, "kind": "mouse", "buttons": buttons], timestamp: event.timestamp)
    |                        `- warning: result of call to 'input(_:_:timestamp:)' is unused [#NoUsage]
147 |         return true
148 |     }

/Users/daehyeonmun/orca/workspaces/exact2/fix-300-mounted-clamp/host/apple/Sources/ExactSurfaces/CanvasInputMac.swift:152:24: warning: result of call to 'input(_:_:timestamp:)' is unused [#NoUsage]
150 |         guard let view, fallsThrough(event, view), !view.disabled, !view.inert else { return false }
151 |         let point = view.local(windowPoint(event, view))
152 |         view.canvases?.input(view, ["t": "wheel", "dx": -event.scrollingDeltaX, "dy": -event.scrollingDeltaY, "x": point.x, "y": point.y], timestamp: event.timestamp)
    |                        `- warning: result of call to 'input(_:_:timestamp:)' is unused [#NoUsage]
153 |         return true
154 |     }

[#NoUsage]: <https://docs.swift.org/compiler/documentation/diagnostics/no-usage>
/Users/daehyeonmun/orca/workspaces/exact2/fix-300-mounted-clamp/host/apple/Sources/ExactSurfaces/Canvas2DImage.swift:192:43: warning: cast from '(any CALayerDelegate)?' to unrelated type 'NodeView' always fails
190 |             // Replaced content paints over its box: above the box's own
191 |             // sublayers where AppKit's box is layers (`BoxLayerMac.swift`).
192 |             if let node = parent.delegate as? NodeView, let top = node.boxSublayersTop { parent.insertSublayer(layer, above: top) }
    |                                           `- warning: cast from '(any CALayerDelegate)?' to unrelated type 'NodeView' always fails
193 |             else { parent.insertSublayer(layer, at: 0) }
194 |             #else
/Users/daehyeonmun/orca/workspaces/exact2/fix-300-mounted-clamp/host/apple/Sources/ExactMac/main.swift:598:109: warning: expression implicitly coerced from 'Any?' to 'Any'
596 |     guard agentReadable, !readySent else { return }
597 |     readySent = true
598 |     Agent.reply(["ready": true, "boot": session.bootMs, "views": session.viewCount, "error": planRefusal ?? session.bootError ?? NSNull()])
    |                                                                                                             |                 |- note: provide a default value to avoid this warning
    |                                                                                                             |                 |- note: force-unwrap the value to avoid this warning
    |                                                                                                             |                 `- note: explicitly cast to 'Any' with 'as Any' to silence this warning
    |                                                                                                             `- warning: expression implicitly coerced from 'Any?' to 'Any'
599 |     Agent.startStdio(sessions: [("main", session)])
600 | }
/Users/daehyeonmun/orca/workspaces/exact2/fix-300-mounted-clamp/host/apple/videoarm/VideoArm.swift:482:35: warning: 'tracks(withMediaType:)' was deprecated in macOS 13.0: Use loadTracks(withMediaType:) instead [#DeprecatedDeclaration]
480 | 
481 |     var hdrItem: Bool {
482 |         player.currentItem?.asset.tracks(withMediaType: .video).contains { $0.hasMediaCharacteristic(.containsHDRVideo) } ?? false
    |                                   `- warning: 'tracks(withMediaType:)' was deprecated in macOS 13.0: Use loadTracks(withMediaType:) instead [#DeprecatedDeclaration]
483 |     }
484 | 

/Users/daehyeonmun/orca/workspaces/exact2/fix-300-mounted-clamp/host/apple/videoarm/VideoArm.swift:482:79: warning: 'hasMediaCharacteristic' was deprecated in macOS 13.0: Use load(.mediaCharacteristics) instead [#DeprecatedDeclaration]
480 | 
481 |     var hdrItem: Bool {
482 |         player.currentItem?.asset.tracks(withMediaType: .video).contains { $0.hasMediaCharacteristic(.containsHDRVideo) } ?? false
    |                                                                               `- warning: 'hasMediaCharacteristic' was deprecated in macOS 13.0: Use load(.mediaCharacteristics) instead [#DeprecatedDeclaration]
483 |     }
484 | 

[#DeprecatedDeclaration]: <https://docs.swift.org/compiler/documentation/diagnostics/deprecated-declaration>
host/apple: /private/tmp/exact-issue-300-repro/target/clients/60a1643b7acadaf273780966/com.example.exact-issue-300-repro/macos/aarch64-apple-darwin/embedded/development/standalone/Exact Issue 300 Repro (cargo 189.0 s, swift 39.0 s, arms 0.0 s, modules 0.0 s, package 2.2 s; signed 0F0D033A); GPU: no GPU crate; web arm: libexact_web.dylib
