Command: ['cargo', 'clippy', '--manifest-path', 'game/Cargo.toml', '--workspace', '--all-targets', '--', '-D', 'warnings']
Filesystem     1024-blocks       Used Available Capacity Mounted on
/dev/nvme0n1p4  1810493656 1572048584 146403328      92% /

    Checking cfg-if v1.0.5
    Checking typenum v1.20.1
    Checking itoa v1.0.18
    Checking memchr v2.8.3
   Compiling exact-game-derive v0.1.0 (/home/ccheever/lanes/gamenext/exact2-i1/game/derive)
    Checking cpufeatures v0.2.17
    Checking log v0.4.34
    Checking smallvec v1.16.1
    Checking foldhash v0.2.0
    Checking equivalent v1.0.2
    Checking once_cell v1.21.4
    Checking stable_deref_trait v1.2.1
    Checking rustc-hash v1.1.0
    Checking bit-vec v0.9.1
    Checking unicode-width v0.2.2
    Checking unicode-ident v1.0.26
    Checking static_assertions v1.1.0
    Checking simd-adler32 v0.3.10
    Checking adler2 v2.0.1
    Checking allocator-api2 v0.2.21
    Checking raw-window-handle v0.6.2
    Checking scopeguard v1.2.0
    Checking subtle v2.6.1
    Checking grid v1.0.1
    Checking presser v0.3.1
    Checking renderdoc-sys v1.1.0
    Checking byteorder v1.5.0
    Checking rawpointer v0.2.1
    Checking zeroize v1.9.0
    Checking litemap v0.8.3
    Checking writeable v0.6.4
    Checking utf8_iter v1.0.4
    Checking either v1.18.0
    Checking slab v0.4.12
    Checking downcast-rs v2.0.2
    Checking untrusted v0.9.0
    Checking bytes v1.12.1
    Checking percent-encoding v2.3.2
    Checking base64 v0.23.1
    Checking openssl-probe v0.1.6
    Checking utf8-zero v0.8.1
    Checking base64 v0.22.1
    Checking libloading v0.8.9
    Checking lock_api v0.4.14
    Checking ena v0.14.4
    Checking hexf-parse v0.2.1
    Checking foldhash v0.1.5
    Checking zune-core v0.5.3
    Checking contract-syntax v0.1.0 (/home/ccheever/lanes/gamenext/exact2-i1/contract/syntax)
    Checking signature v2.2.0
    Checking pxfm v0.1.30
   Compiling lanterns-logic v0.1.0 (/home/ccheever/lanes/gamenext/exact2-i1/game/games/lanterns/logic)
    Checking glow v0.17.0
    Checking byteorder-lite v0.1.0
    Checking linebender_resource_handle v0.1.1
    Checking urlencoding v2.1.3
    Checking base64 v0.13.1
    Checking color v0.3.3
    Checking svg_fmt v0.4.5
    Checking serde_core v1.0.229
    Checking libm v0.2.16
    Checking zmij v1.0.23
    Checking libc v0.2.189
    Checking codespan-reporting v0.13.1
    Checking crc32fast v1.5.2
    Checking miniz_oxide v0.9.1
    Checking miniz_oxide v0.8.9
    Checking fdeflate v0.3.7
    Checking bit-set v0.10.0
    Checking rustls-pki-types v1.15.1
    Checking icu_normalizer_data v2.3.0
    Checking icu_properties_data v2.3.0
    Checking httparse v1.10.1
    Checking bit-set v0.9.1
    Checking lazy_static v1.5.0
    Checking tap v1.0.1
    Checking linux-raw-sys v0.9.4
    Checking linux-raw-sys v0.12.1
    Checking roxmltree v0.20.0
    Checking funty v2.0.0
    Checking yazi v0.2.1
    Checking strict-num v0.1.1
    Checking zeno v0.3.3
    Checking futures-core v0.3.34
    Checking tinyvec v1.13.3
    Checking arrayref v0.3.9
    Checking self_cell v1.3.0
    Checking unicode-linebreak v0.1.5
    Checking unicode-script v0.5.8
    Checking unicode-segmentation v1.13.3
    Checking smol_str v0.3.6
    Checking sys-locale v0.3.2
    Checking unicode-bidi v0.3.18
    Checking rangemap v1.8.0
    Checking slotmap v1.1.1
    Checking hashbrown v0.16.1
    Checking ash v0.38.0+1.3.281
    Checking matrixmultiply v0.3.11
    Checking hash32 v0.3.1
    Checking form_urlencoded v1.2.2
    Checking hashbrown v0.15.5
    Checking dlib v0.5.3
    Checking ed25519 v2.2.3
    Checking rustc-hash v2.1.3
    Checking zune-jpeg v0.5.15
    Checking wyz v0.5.1
    Checking radium v0.7.0
    Checking drm-fourcc v2.2.0
    Checking bytemuck v1.25.2
    Checking thiserror v2.0.20
    Checking zerocopy v0.8.57
    Checking profiling v1.0.18
    Checking zerofrom v0.1.8
    Checking heapless v0.8.0
    Checking wayland-sys v0.31.11
    Checking http v1.5.0
    Checking drm-sys v0.8.1
    Checking exact-plan v0.1.0 (/home/ccheever/lanes/gamenext/exact2-i1/plan)
   Compiling exact-game v0.1.0 (/home/ccheever/lanes/gamenext/exact2-i1/game/engine)
    Checking generic-array v0.14.7
    Checking rustls-pemfile v2.2.0
    Checking webpki-roots v1.0.9
   Compiling exact-game-app v0.1.0 (/home/ccheever/lanes/gamenext/exact2-i1/game/app)
    Checking yoke v0.8.3
    Checking flate2 v1.1.10
    Checking bitvec v1.1.1
    Checking rustls-native-certs v0.7.3
    Checking safe_arch v1.2.0
    Checking font-types v0.12.5
    Checking font-types v0.11.3
    Checking tiny-skia-path v0.12.0
    Checking fontconfig-parser v0.5.8
    Checking zerovec v0.11.8
    Checking zerotrie v0.2.5
   Compiling asset-fixture-linux v0.1.0 (/home/ccheever/lanes/gamenext/exact2-i1/game/.shells/682178d6082d3f8fc5b77435-linux)
   Compiling beacons-web v0.1.0 (/home/ccheever/lanes/gamenext/exact2-i1/game/.shells/d3679e06b82168ec6c85c47d-web)
   Compiling greybox-linux v0.1.0 (/home/ccheever/lanes/gamenext/exact2-i1/game/.shells/439038419b445eab74ca29b4-linux)
   Compiling bench-cubes-apple v0.1.0 (/home/ccheever/lanes/gamenext/exact2-i1/game/.shells/565d29c341e2cf9e9f788d19-apple)
   Compiling greybox-apple v0.1.0 (/home/ccheever/lanes/gamenext/exact2-i1/game/.shells/439038419b445eab74ca29b4-apple)
   Compiling lanterns-linux v0.1.0 (/home/ccheever/lanes/gamenext/exact2-i1/game/.shells/2612b96c8d96cbdb9fe4f02c-linux)
   Compiling lanterns-apple v0.1.0 (/home/ccheever/lanes/gamenext/exact2-i1/game/.shells/2612b96c8d96cbdb9fe4f02c-apple)
   Compiling asset-fixture-apple v0.1.0 (/home/ccheever/lanes/gamenext/exact2-i1/game/.shells/682178d6082d3f8fc5b77435-apple)
   Compiling bench-cubes-linux v0.1.0 (/home/ccheever/lanes/gamenext/exact2-i1/game/.shells/565d29c341e2cf9e9f788d19-linux)
   Compiling bench-cubes-web v0.1.0 (/home/ccheever/lanes/gamenext/exact2-i1/game/.shells/565d29c341e2cf9e9f788d19-web)
   Compiling asset-fixture-web v0.1.0 (/home/ccheever/lanes/gamenext/exact2-i1/game/.shells/682178d6082d3f8fc5b77435-web)
   Compiling greybox-web v0.1.0 (/home/ccheever/lanes/gamenext/exact2-i1/game/.shells/439038419b445eab74ca29b4-web)
   Compiling lanterns-web v0.1.0 (/home/ccheever/lanes/gamenext/exact2-i1/game/.shells/2612b96c8d96cbdb9fe4f02c-web)
   Compiling beacons-apple v0.1.0 (/home/ccheever/lanes/gamenext/exact2-i1/game/.shells/d3679e06b82168ec6c85c47d-apple)
   Compiling beacons-linux v0.1.0 (/home/ccheever/lanes/gamenext/exact2-i1/game/.shells/d3679e06b82168ec6c85c47d-linux)
    Checking read-fonts v0.41.0
    Checking block-buffer v0.10.4
    Checking crypto-common v0.1.7
    Checking wide v1.7.1
    Checking digest v0.10.7
    Checking num-traits v0.2.19
    Checking exact-motion v0.1.0 (/home/ccheever/lanes/gamenext/exact2-i1/motion)
    Checking core_maths v0.1.1
    Checking read-fonts v0.37.0
    Checking ttf-parser v0.25.1
    Checking ureq-proto v0.6.2
    Checking tinystr v0.8.4
    Checking potential_utf v0.1.6
    Checking sha2 v0.10.9
    Checking curve25519-dalek v4.1.3
    Checking icu_collections v2.3.0
    Checking icu_locale_core v2.3.0
    Checking parking_lot_core v0.9.12
    Checking getrandom v0.2.17
    Checking socket2 v0.6.5
    Checking khronos-egl v6.0.0
    Checking memmap2 v0.9.11
    Checking ring v0.17.14
    Checking approx v0.5.1
    Checking ordered-float v5.5.0
    Checking num-integer v0.1.47
    Checking rstar v0.13.0
    Checking euclid v0.22.14
    Checking parking_lot v0.12.5
    Checking ed25519-dalek v2.2.0
    Checking futures-intrusive v0.5.0
    Checking num-rational v0.4.2
    Checking serde v1.0.229
    Checking serde_json v1.0.151
    Checking glam v0.33.7
    Checking bitflags v2.13.2
    Checking hashbrown v0.17.1
    Checking spirv v0.4.0+sdk-1.4.341.0
    Checking png v0.18.1
    Checking gpu-descriptor-types v0.2.0
    Checking wgpu-types v29.0.4
    Checking rustix v1.1.4
    Checking nix v0.29.0
    Checking guillotiere v0.7.0
    Checking icu_provider v2.3.1
    Checking gpu-descriptor v0.3.2
    Checking arrayvec v0.7.8
    Checking exact-route v0.1.0 (/home/ccheever/lanes/gamenext/exact2-i1/route)
    Checking num-complex v0.4.6
    Checking serde_arrays v0.2.0
    Checking bincode v1.3.3
    Checking icu_properties v2.3.0
    Checking icu_normalizer v2.3.0
    Checking indexmap v2.14.2
    Checking moxcms v0.8.1
    Checking taffy v0.9.2 (/home/ccheever/lanes/gamenext/exact2-i1/vendor/taffy)
    Checking polycool v0.4.0
    Checking gltf-json v1.4.1
    Checking exact-update v0.1.0 (/home/ccheever/lanes/gamenext/exact2-i1/update)
    Checking kurbo v0.13.1
    Checking contract-types v0.1.0 (/home/ccheever/lanes/gamenext/exact2-i1/contract/types)
    Checking tiny-skia v0.12.0
    Checking rustls-webpki v0.103.15
    Checking naga-types v30.0.1
    Checking fontdb v0.23.0
    Checking wgpu-types v30.0.1
    Checking contract-analyze v0.1.0 (/home/ccheever/lanes/gamenext/exact2-i1/contract/analyze)
    Checking evdev v0.13.2
    Checking idna_adapter v1.2.2
    Checking rustls v0.23.44
    Checking idna v1.1.0
    Checking exact-kernel v0.1.0 (/home/ccheever/lanes/gamenext/exact2-i1/kernel)
    Checking peniko v0.6.1
    Checking url v2.5.8
    Checking half v2.7.1
    Checking drm-ffi v0.9.1
    Checking drm v0.15.0
    Checking naga v30.0.1
    Checking naga v29.0.4
    Checking exact-runner v0.1.0 (/home/ccheever/lanes/gamenext/exact2-i1/runner)
    Checking contract-lower v0.1.0 (/home/ccheever/lanes/gamenext/exact2-i1/contract/lower)
   Compiling exact-game-bake v0.1.0 (/home/ccheever/lanes/gamenext/exact2-i1/game/bake)
    Checking image v0.25.10
    Checking exact-data v0.1.0 (/home/ccheever/lanes/gamenext/exact2-i1/data)
    Checking simba v0.10.2
   Compiling lanterns-gpu v0.1.0 (/home/ccheever/lanes/gamenext/exact2-i1/game/.shells/2612b96c8d96cbdb9fe4f02c-gpu)
   Compiling asset-fixture-gpu v0.1.0 (/home/ccheever/lanes/gamenext/exact2-i1/game/.shells/682178d6082d3f8fc5b77435-gpu)
   Compiling greybox-gpu v0.1.0 (/home/ccheever/lanes/gamenext/exact2-i1/game/.shells/439038419b445eab74ca29b4-gpu)
   Compiling beacons-gpu v0.1.0 (/home/ccheever/lanes/gamenext/exact2-i1/game/.shells/d3679e06b82168ec6c85c47d-gpu)
   Compiling bench-cubes-gpu v0.1.0 (/home/ccheever/lanes/gamenext/exact2-i1/game/.shells/565d29c341e2cf9e9f788d19-gpu)
    Checking harfrust v0.5.2
    Checking skrifa v0.40.0
    Checking ureq v3.4.0
error: failed to run custom build command for `asset-fixture-gpu v0.1.0 (/home/ccheever/lanes/gamenext/exact2-i1/game/.shells/682178d6082d3f8fc5b77435-gpu)`

Caused by:
  process didn't exit successfully: `/home/ccheever/lanes/gamenext/exact2-i1/game/target/debug/build/asset-fixture-gpu-0f9f58100ed4ca09/build-script-build` (exit status: 101)
  --- stdout
  cargo:rerun-if-changed=../../games/asset-fixture/art

  --- stderr

  thread 'main' (961015) panicked at .shells/682178d6082d3f8fc5b77435-gpu/build.rs:2:60:
  bake art: "generated asset `crate.model` collides with an authored asset"
  note: run with `RUST_BACKTRACE=1` environment variable to display a backtrace
warning: build failed, waiting for other jobs to finish...
