Command: ['cargo', 'clippy', '--workspace', '--all-targets', '--', '-D', 'warnings']
Filesystem     1024-blocks       Used Available Capacity Mounted on
/dev/nvme0n1p4  1810493656 1575033864 143418048      92% /

    Checking arrayvec v0.7.8
    Checking cfg-if v1.0.4
    Checking bitflags v2.13.1
    Checking grid v1.0.1
    Checking log v0.4.34
    Checking once_cell v1.21.4
    Checking subtle v2.6.1
    Checking typenum v1.20.1
    Checking cpufeatures v0.2.17
    Checking foldhash v0.2.0
    Checking itoa v1.0.18
    Checking memchr v2.8.3
    Checking equivalent v1.0.2
    Checking unicode-width v0.2.2
    Checking rustc-hash v1.1.0
    Checking bit-vec v0.9.1
    Checking unicode-ident v1.0.24
    Checking smallvec v1.15.2
    Checking signature v2.2.0
    Checking contract-syntax v0.1.0 (/home/ccheever/lanes/gamenext/exact2-i1/contract/syntax)
    Checking stable_deref_trait v1.2.1
    Checking litemap v0.8.3
    Checking zeroize v1.9.0
    Checking writeable v0.6.4
    Checking utf8_iter v1.0.4
    Checking untrusted v0.9.0
    Checking percent-encoding v2.3.2
    Checking bytes v1.12.1
    Checking base64 v0.22.1
    Checking base64 v0.23.1
    Checking utf8-zero v0.8.1
    Checking openssl-probe v0.1.6
    Checking wasmi_collections v2.0.0
   Compiling exact-logic v0.1.0 (/home/ccheever/lanes/gamenext/exact2-i1/logic)
    Checking spin v0.9.9
    Checking hashbrown v0.17.1
    Checking spirv v0.4.0+sdk-1.4.341.0
    Checking ed25519 v2.2.3
    Checking libloading v0.8.9
    Checking raw-window-handle v0.6.2
    Checking allocator-api2 v0.2.21
    Checking scopeguard v1.2.0
    Checking presser v0.3.1
    Checking fallible-iterator v0.3.0
    Checking fallible-streaming-iterator v0.1.9
    Checking profiling v1.0.18
    Checking renderdoc-sys v1.1.0
    Checking static_assertions v1.1.0
    Checking simd-adler32 v0.3.10
    Checking foldhash v0.1.5
    Checking hexf-parse v0.2.1
    Checking gpu-descriptor-types v0.2.0
    Checking adler2 v2.0.1
    Checking polycool v0.4.0
    Checking glow v0.17.0
    Checking linebender_resource_handle v0.1.1
    Checking color v0.3.3
    Checking svg_fmt v0.4.5
    Checking libm v0.2.16
    Checking serde_core v1.0.229
    Checking zmij v1.0.23
    Checking codespan-reporting v0.13.1
    Checking bit-set v0.10.0
    Checking libc v0.2.189
    Checking rustls-pki-types v1.15.1
    Checking icu_properties_data v2.3.0
    Checking icu_normalizer_data v2.3.0
    Checking httparse v1.10.1
    Checking form_urlencoded v1.2.2
   Compiling exact-js v0.1.0 (/home/ccheever/lanes/gamenext/exact2-i1/js)
    Checking wasmparser v0.228.0
    Checking lock_api v0.4.14
    Checking bit-set v0.9.1
    Checking dlib v0.5.3
    Checking linux-raw-sys v0.12.1
    Checking linux-raw-sys v0.9.4
    Checking roxmltree v0.20.0
    Checking tinyvec_macros v0.1.1
    Checking tap v1.0.1
    Checking strict-num v0.1.1
    Checking arrayref v0.3.9
    Checking funty v2.0.0
    Checking zeno v0.3.3
    Checking futures-core v0.3.34
    Checking yazi v0.2.1
    Checking smol_str v0.3.6
    Checking unicode-linebreak v0.1.5
    Checking unicode-bidi v0.3.18
    Checking slotmap v1.1.1
   Compiling exact-motion v0.1.0 (/home/ccheever/lanes/gamenext/exact2-i1/motion)
    Checking ash v0.38.0+1.3.281
    Checking hashbrown v0.15.5
    Checking crc32fast v1.5.1
    Checking miniz_oxide v0.9.1
    Checking kurbo v0.13.1
    Checking miniz_oxide v0.8.9
    Checking fdeflate v0.3.7
    Checking radium v0.7.0
    Checking unicode-script v0.5.8
    Checking rangemap v1.8.0
    Checking sys-locale v0.3.2
    Checking self_cell v1.3.0
    Checking rustc-hash v2.1.3
    Checking unicode-segmentation v1.13.3
    Checking base64ct v1.8.3
    Checking rand_core v0.6.4
    Checking leb128fmt v0.1.0
    Checking bumpalo v3.20.3
    Checking hashbrown v0.16.1
    Checking libsqlite3-sys v0.38.2
    Checking wayland-sys v0.31.11
    Checking wyz v0.5.1
    Checking tinyvec v1.12.0
    Checking drm-fourcc v2.2.0
    Checking thiserror v2.0.20
    Checking zerocopy v0.8.56
    Checking http v1.5.0
    Checking rustls-pemfile v2.2.0
    Checking webpki-roots v1.0.9
    Checking bytemuck v1.25.2
    Checking generic-array v0.14.7
    Checking indexmap v2.14.1
   Compiling exact-route v0.1.0 (/home/ccheever/lanes/gamenext/exact2-i1/route)
    Checking zerofrom v0.1.8
    Checking hashlink v0.12.1
    Checking drm-sys v0.8.1
    Checking wasm-encoder v0.259.0
   Compiling exact-plan v0.1.0 (/home/ccheever/lanes/gamenext/exact2-i1/plan)
   Compiling exact-kernel v0.1.0 (/home/ccheever/lanes/gamenext/exact2-i1/kernel)
    Checking rustix v1.1.4
    Checking fontconfig-parser v0.5.8
warning: exact-js@0.1.0: exact-js: no Hermes for linux at /home/ccheever/lanes/gamenext/exact2-i1/js/../../ibex/linux/lib — the executor is a stub that refuses to load (EXACT_HERMES_DIR supplies headers/macOS; EXACT_HERMES_IOS_DIR supplies iOS builds; Linux: ./scripts/build-hermes-linux.sh in ibex, or HERMES_LIB_DIR; see LLP 1027 D6)
   Compiling exact-gpu-reflect v0.1.0 (/home/ccheever/lanes/gamenext/exact2-i1/gpu/reflect)
   Compiling exact-update v0.1.0 (/home/ccheever/lanes/gamenext/exact2-i1/update)
    Checking rustls-native-certs v0.7.3
    Checking password-hash v0.5.0
    Checking yoke v0.8.3
    Checking bitvec v1.1.1
    Checking flate2 v1.1.10
    Checking taffy v0.9.2 (/home/ccheever/lanes/gamenext/exact2-i1/vendor/taffy)
    Checking font-types v0.12.4
    Checking wgpu-types v29.0.4
    Checking font-types v0.11.3
    Checking tiny-skia-path v0.12.0
    Checking gpu-descriptor v0.3.2
    Checking zerovec v0.11.8
    Checking zerotrie v0.2.5
    Checking rusqlite v0.40.2
    Checking num-traits v0.2.19
    Checking wasmi_core v2.0.0
    Checking core_maths v0.1.1
    Checking png v0.18.1
    Checking ttf-parser v0.25.1
    Checking block-buffer v0.10.4
    Checking crypto-common v0.1.7
    Checking read-fonts v0.41.0
    Checking read-fonts v0.37.0
    Checking peniko v0.6.1
    Checking digest v0.10.7
    Checking naga-types v30.0.1
    Checking ureq-proto v0.6.2
   Compiling caltrain-gpu v0.1.0 (/home/ccheever/lanes/gamenext/exact2-i1/apps/caltrain/gpu)
   Compiling weatherlight-gpu v0.1.0 (/home/ccheever/lanes/gamenext/exact2-i1/apps/weatherlight/gpu)
    Checking wgpu-types v30.0.1
    Checking sha2 v0.10.9
    Checking curve25519-dalek v4.1.3
    Checking blake2 v0.10.6
    Checking tinystr v0.8.4
    Checking potential_utf v0.1.6
    Checking wasmi_ir v2.0.0
    Checking icu_collections v2.3.0
    Checking icu_locale_core v2.3.0
    Checking wast v259.0.0
    Checking argon2 v0.5.3
    Checking ordered-float v5.5.0
    Checking euclid v0.22.14
    Checking getrandom v0.2.17
    Checking socket2 v0.6.5
    Checking parking_lot_core v0.9.12
    Checking khronos-egl v6.0.0
    Checking memmap2 v0.9.11
    Checking nix v0.29.0
    Checking getrandom v0.3.4
    Checking tiny-skia v0.12.0
    Checking ring v0.17.14
    Checking parking_lot v0.12.5
    Checking ed25519-dalek v2.2.0
    Checking futures-intrusive v0.5.0
    Checking serde v1.0.229
    Checking serde_json v1.0.151
    Checking guillotiere v0.7.0
    Checking icu_provider v2.3.1
    Checking markdown-parse v0.1.0 (/home/ccheever/lanes/gamenext/exact2-i1/apps/markdown/parse)
   Compiling contract-types v0.1.0 (/home/ccheever/lanes/gamenext/exact2-i1/contract/types)
   Compiling exact-js-value v0.1.0 (/home/ccheever/lanes/gamenext/exact2-i1/js/value)
    Checking icu_properties v2.3.0
    Checking icu_normalizer v2.3.0
    Checking drm-ffi v0.9.1
    Checking drm v0.15.0
    Checking evdev v0.13.2
    Checking snapback4-core v0.1.14 (/home/ccheever/lanes/gamenext/snapback-sb4/snapback4/crates/snapback4-core)
    Checking exact-filesystem v0.1.0 (/home/ccheever/lanes/gamenext/exact2-i1/filesystem)
    Checking fontdb v0.23.0
    Checking rustls-webpki v0.103.15
   Compiling contract-analyze v0.1.0 (/home/ccheever/lanes/gamenext/exact2-i1/contract/analyze)
    Checking wasmi v2.0.0
    Checking rustls v0.23.43
    Checking exact-runner v0.1.0 (/home/ccheever/lanes/gamenext/exact2-i1/runner)
    Checking idna_adapter v1.2.2
    Checking idna v1.1.0
    Checking contract-lower v0.1.0 (/home/ccheever/lanes/gamenext/exact2-i1/contract/lower)
    Checking url v2.5.8
    Checking half v2.7.1
    Checking naga v30.0.1
    Checking naga v29.0.4
    Checking exact-data v0.1.0 (/home/ccheever/lanes/gamenext/exact2-i1/data)
    Checking caltrain-data v0.1.0 (/home/ccheever/lanes/gamenext/exact2-i1/apps/caltrain/data)
    Checking exact-logic-abi v0.1.0 (/home/ccheever/lanes/gamenext/exact2-i1/logic/abi)
    Checking exact-js-web v0.1.0 (/home/ccheever/lanes/gamenext/exact2-i1/js/web)
    Checking llp-data v0.1.0 (/home/ccheever/lanes/gamenext/exact2-i1/apps/llp/data)
    Checking markdown-data v0.1.0 (/home/ccheever/lanes/gamenext/exact2-i1/apps/markdown/data)
    Checking update-lab-data v0.1.0 (/home/ccheever/lanes/gamenext/exact2-i1/apps/update-lab/data)
    Checking fieldnotes-data v0.1.0 (/home/ccheever/lanes/gamenext/exact2-i1/apps/fieldnotes/data)
    Checking caltrain-logic v0.1.0 (/home/ccheever/lanes/gamenext/exact2-i1/apps/caltrain/logic)
    Checking update-lab-logic v0.1.0 (/home/ccheever/lanes/gamenext/exact2-i1/apps/update-lab/logic)
   Compiling contract v0.1.0 (/home/ccheever/lanes/gamenext/exact2-i1/contract/cli)
    Checking harfrust v0.5.2
    Checking skrifa v0.40.0
   Compiling exact-js-bake v0.1.0 (/home/ccheever/lanes/gamenext/exact2-i1/js/bake)
    Checking ureq v3.4.0
    Checking snapback4-device v0.1.14 (/home/ccheever/lanes/gamenext/snapback-sb4/snapback4/crates/snapback4-device)
    Checking snapback4-lang v0.1.14 (/home/ccheever/lanes/gamenext/snapback-sb4/snapback4/crates/snapback4-lang)
    Checking wat v1.259.0
   Compiling caltrain-web v0.1.0 (/home/ccheever/lanes/gamenext/exact2-i1/apps/caltrain/web)
   Compiling llp-apple v0.1.0 (/home/ccheever/lanes/gamenext/exact2-i1/apps/llp/apple)
   Compiling markdown-apple v0.1.0 (/home/ccheever/lanes/gamenext/exact2-i1/apps/markdown/apple)
   Compiling caltrain-linux v0.1.0 (/home/ccheever/lanes/gamenext/exact2-i1/apps/caltrain/linux)
   Compiling llp-web v0.1.0 (/home/ccheever/lanes/gamenext/exact2-i1/apps/llp/web)
   Compiling caltrain-apple v0.1.0 (/home/ccheever/lanes/gamenext/exact2-i1/apps/caltrain/apple)
   Compiling markdown-web v0.1.0 (/home/ccheever/lanes/gamenext/exact2-i1/apps/markdown/web)
    Checking skrifa v0.44.0
   Compiling fieldnotes-apple v0.1.0 (/home/ccheever/lanes/gamenext/exact2-i1/apps/fieldnotes/apple)
   Compiling weatherlight-apple v0.1.0 (/home/ccheever/lanes/gamenext/exact2-i1/apps/weatherlight/apple)
   Compiling fieldnotes-web v0.1.0 (/home/ccheever/lanes/gamenext/exact2-i1/apps/fieldnotes/web)
   Compiling messages-linux v0.1.0 (/home/ccheever/lanes/gamenext/exact2-i1/apps/messages/linux)
   Compiling messages-apple v0.1.0 (/home/ccheever/lanes/gamenext/exact2-i1/apps/messages/apple)
   Compiling weatherlight-web v0.1.0 (/home/ccheever/lanes/gamenext/exact2-i1/apps/weatherlight/web)
   Compiling messages-web v0.1.0 (/home/ccheever/lanes/gamenext/exact2-i1/apps/messages/web)
   Compiling update-lab-apple v0.1.0 (/home/ccheever/lanes/gamenext/exact2-i1/apps/update-lab/apple)
   Compiling update-lab-web v0.1.0 (/home/ccheever/lanes/gamenext/exact2-i1/apps/update-lab/web)
    Checking ibex2 v0.1.0 (/home/ccheever/lanes/gamenext/ibex/crates/ibex2)
error: failed to run custom build command for `weatherlight-apple v0.1.0 (/home/ccheever/lanes/gamenext/exact2-i1/apps/weatherlight/apple)`

Caused by:
  process didn't exit successfully: `/home/ccheever/lanes/gamenext/exact2-i1/target/debug/build/weatherlight-apple-5614fd2b1c360ad8/build-script-build` (exit status: 101)
  --- stderr

  thread 'main' (978008) panicked at apps/weatherlight/apple/build.rs:6:64:
  bake Weatherlight: "TypeScript bake requires the lean Hermes executor on this producer"
  note: run with `RUST_BACKTRACE=1` environment variable to display a backtrace
warning: build failed, waiting for other jobs to finish...
error: failed to run custom build command for `fieldnotes-web v0.1.0 (/home/ccheever/lanes/gamenext/exact2-i1/apps/fieldnotes/web)`

Caused by:
  process didn't exit successfully: `/home/ccheever/lanes/gamenext/exact2-i1/target/debug/build/fieldnotes-web-c9758c31fd436f6e/build-script-build` (exit status: 101)
  --- stderr

  thread 'main' (978031) panicked at apps/fieldnotes/web/build.rs:7:6:
  bake Fieldnotes: "TypeScript bake requires the lean Hermes executor on this producer"
  note: run with `RUST_BACKTRACE=1` environment variable to display a backtrace
error: failed to run custom build command for `fieldnotes-apple v0.1.0 (/home/ccheever/lanes/gamenext/exact2-i1/apps/fieldnotes/apple)`

Caused by:
  process didn't exit successfully: `/home/ccheever/lanes/gamenext/exact2-i1/target/debug/build/fieldnotes-apple-653a548ac2ae5c6e/build-script-build` (exit status: 101)
  --- stderr

  thread 'main' (978033) panicked at apps/fieldnotes/apple/build.rs:11:6:
  bake Fieldnotes: "TypeScript bake requires the lean Hermes executor on this producer"
  note: run with `RUST_BACKTRACE=1` environment variable to display a backtrace
