    Finished `host-dev` profile [optimized] target(s) in 0.26s
host/apple: baked L=0; Swift embedded composition
Building for debugging...
[Planning deferred tasks]
[1 / 1]
[2 / 9] ExactKit
[16 / 89]
[26 / 89]
[28 / 89]
[35 / 89]
[40 / 89]
[46 / 89]
[51 / 89]
[52 / 89]
[69 / 89]
[75 / 89]
[81 / 89]
[82 / 89]
[83 / 89] ExactKit
[88 / 93] ExactComposition
[91 / 95] ExactMac-product
[94 / 95] ExactMac-product
Build complete! (6.40 sec)
local client: /Users/daehyeonmun/orca/workspaces/exact2/t3-code-terminal-drawer/target/clients/a68f797431941fe48fdce6c7/com.exact.t3code.macos/macos/T3 Code (Exact).app
  No development opening link: build with --url <dev server URL> to register one.
host/apple: target/clients/a68f797431941fe48fdce6c7/com.exact.t3code.macos/macos/aarch64-apple-darwin/embedded/development/standalone/ExactMac (cargo 0.8 s, swift 7.1 s, arms 0.4 s, modules 0.0 s, package 1.2 s; signed 0F0D033A); GPU: no GPU crate; web arm: libexact_web.dylib; modules: libexact_modules.dylib
