   Compiling syn v3.0.6
   Compiling syn v2.0.119
    Checking bitflags v2.13.2
    Checking smallvec v1.16.1
    Checking once_cell v1.21.4
   Compiling exact-game-derive v0.1.0 (/home/ccheever/lanes/game/exact2-wt-game/game/derive)
   Compiling libm v0.2.16
   Compiling foldhash v0.2.0
    Checking libc v0.2.189
   Compiling bit-vec v0.9.1
   Compiling equivalent v1.0.2
   Compiling rustc-hash v1.1.0
   Compiling unicode-width v0.2.2
   Compiling log v0.4.34
   Compiling hashbrown v0.17.1
    Checking spirv v0.4.0+sdk-1.4.341.0
   Compiling slotmap v1.1.1
   Compiling grid v1.0.1
   Compiling subtle v2.6.1
   Compiling codespan-reporting v0.13.1
   Compiling contract-syntax v0.1.0 (/home/ccheever/lanes/game/exact2-wt-game/contract/syntax)
   Compiling signature v2.2.0
   Compiling ed25519 v2.2.3
   Compiling bit-set v0.10.0
    Checking raw-window-handle v0.6.2
    Checking zeroize v1.9.0
    Checking litemap v0.8.3
    Checking writeable v0.6.4
   Compiling taffy v0.9.2 (/home/ccheever/lanes/game/exact2-wt-game/vendor/taffy)
    Checking rustls-pki-types v1.15.1
    Checking utf8_iter v1.0.4
    Checking icu_properties_data v2.3.0
    Checking icu_normalizer_data v2.3.0
   Compiling indexmap v2.14.2
    Checking untrusted v0.9.0
    Checking percent-encoding v2.3.2
    Checking bytes v1.12.1
   Compiling num-traits v0.2.19
   Compiling exact-motion v0.1.0 (/home/ccheever/lanes/game/exact2-wt-game/motion)
    Checking httparse v1.10.1
    Checking parking_lot_core v0.9.12
    Checking getrandom v0.2.17
    Checking http v1.5.0
    Checking base64 v0.23.1
    Checking parking_lot v0.12.5
    Checking ring v0.17.14
    Checking form_urlencoded v1.2.2
    Checking rustls-pemfile v2.2.0
    Checking webpki-roots v1.0.9
   Compiling ibex2 v0.1.0 (/home/ccheever/lanes/game/ibex/crates/ibex2)
    Checking utf8-zero v0.8.1
    Checking openssl-probe v0.1.6
    Checking socket2 v0.6.5
    Checking base64 v0.22.1
    Checking rustls-native-certs v0.7.3
    Checking bit-set v0.9.1
    Checking simd-adler32 v0.3.10
    Checking ureq-proto v0.6.2
    Checking hexf-parse v0.2.1
    Checking foldhash v0.1.5
    Checking dlib v0.5.3
    Checking gpu-descriptor-types v0.2.0
    Checking hashbrown v0.15.5
    Checking core_maths v0.1.1
    Checking adler2 v2.0.1
    Checking wayland-sys v0.31.11
    Checking khronos-egl v6.0.0
   Compiling hashbrown v0.16.1
    Checking linebender_resource_handle v0.1.1
    Checking glow v0.17.0
    Checking miniz_oxide v0.9.1
    Checking gpu-descriptor v0.3.2
    Checking crc32fast v1.5.2
    Checking euclid v0.22.14
    Checking color v0.3.3
    Checking rustls-webpki v0.103.15
    Checking svg_fmt v0.4.5
    Checking rstar v0.13.0
    Checking flate2 v1.1.10
    Checking miniz_oxide v0.8.9
    Checking fdeflate v0.3.7
    Checking guillotiere v0.7.0
    Checking rustls v0.23.44
    Checking linux-raw-sys v0.12.1
    Checking linux-raw-sys v0.9.4
    Checking tap v1.0.1
    Checking roxmltree v0.20.0
    Checking wyz v0.5.1
    Checking radium v0.7.0
    Checking png v0.18.1
    Checking drm-sys v0.8.1
    Checking ttf-parser v0.25.1
    Checking rustix v1.1.4
    Checking memmap2 v0.9.11
    Checking arrayref v0.3.9
    Checking funty v2.0.0
    Checking zeno v0.3.3
   Compiling synstructure v0.13.2
    Checking futures-core v0.3.34
    Checking fontconfig-parser v0.5.8
    Checking strict-num v0.1.1
    Checking yazi v0.2.1
    Checking tinyvec v1.13.3
    Checking bitvec v1.1.1
    Checking futures-intrusive v0.5.0
    Checking nix v0.29.0
    Checking drm-fourcc v2.2.0
    Checking rustc-hash v2.1.3
    Checking sys-locale v0.3.2
    Checking unicode-bidi v0.3.18
    Checking unicode-linebreak v0.1.5
    Checking rangemap v1.8.0
    Checking unicode-segmentation v1.13.3
    Checking self_cell v1.3.0
    Checking smol_str v0.3.6
    Checking unicode-script v0.5.8
    Checking drm-ffi v0.9.1
    Checking fontdb v0.23.0
    Checking evdev v0.13.2
    Checking ureq v3.4.0
   Compiling serde_derive v1.0.229
   Compiling thiserror-impl v2.0.20
   Compiling bytemuck_derive v1.12.1
   Compiling zerovec-derive v0.11.6
   Compiling displaydoc v0.2.7
   Compiling zerocopy-derive v0.8.57
   Compiling curve25519-dalek-derive v0.1.1
   Compiling profiling-procmacros v1.0.18
   Compiling zerofrom-derive v0.1.7
   Compiling yoke-derive v0.8.2
   Compiling nalgebra-macros v0.3.0
    Checking thiserror v2.0.20
   Compiling naga-types v30.0.1
    Checking gpu-allocator v0.28.0
    Checking profiling v1.0.18
   Compiling num-derive v0.4.2
    Checking bytemuck v1.25.2
    Checking wgpu-types v30.0.1
    Checking safe_arch v1.2.0
    Checking font-types v0.12.5
   Compiling curve25519-dalek v4.1.3
    Checking read-fonts v0.41.0
   Compiling ed25519-dalek v2.2.0
   Compiling serde v1.0.229
   Compiling exact-update v0.1.0 (/home/ccheever/lanes/game/exact2-wt-game/update)
    Checking wide v1.7.1
    Checking arrayvec v0.7.8
   Compiling exact-route v0.1.0 (/home/ccheever/lanes/game/exact2-wt-game/route)
   Compiling exact-plan v0.1.0 (/home/ccheever/lanes/game/exact2-wt-game/plan)
   Compiling exact-kernel v0.1.0 (/home/ccheever/lanes/game/exact2-wt-game/kernel)
    Checking num-complex v0.4.6
    Checking wgpu-types v29.0.4
    Checking polycool v0.4.0
    Checking kurbo v0.13.1
   Compiling zerocopy v0.8.57
    Checking skrifa v0.44.0
    Checking font-types v0.11.3
    Checking read-fonts v0.37.0
    Checking simba v0.10.2
    Checking peniko v0.6.1
    Checking serde_arrays v0.2.0
    Checking bincode v1.3.3
    Checking tiny-skia-path v0.12.0
    Checking exact-game v0.1.0 (/home/ccheever/lanes/game/exact2-wt-game/game/engine)
    Checking contract-types v0.1.0 (/home/ccheever/lanes/game/exact2-wt-game/contract/types)
    Checking tiny-skia v0.12.0
    Checking contract-analyze v0.1.0 (/home/ccheever/lanes/game/exact2-wt-game/contract/analyze)
    Checking vello_encoding v0.10.0
    Checking half v2.7.1
    Checking naga v30.0.1
    Checking naga v29.0.4
    Checking nalgebra v0.35.0
    Checking exact-runner v0.1.0 (/home/ccheever/lanes/game/exact2-wt-game/runner)
    Checking contract-lower v0.1.0 (/home/ccheever/lanes/game/exact2-wt-game/contract/lower)
    Checking exact-data v0.1.0 (/home/ccheever/lanes/game/exact2-wt-game/data)
    Checking zerofrom v0.1.8
    Checking yoke v0.8.3
    Checking greybox-logic v0.1.0 (/home/ccheever/lanes/game/exact2-wt-game/game/games/greybox/logic)
    Checking zerovec v0.11.8
    Checking zerotrie v0.2.5
    Checking beacons-logic v0.1.0 (/home/ccheever/lanes/game/exact2-wt-game/game/games/beacons/logic)
    Checking swash v0.2.10
    Checking tinystr v0.8.4
    Checking potential_utf v0.1.6
    Checking icu_locale_core v2.3.0
    Checking icu_collections v2.3.0
    Checking skrifa v0.40.0
    Checking icu_provider v2.3.1
    Checking icu_properties v2.3.0
    Checking icu_normalizer v2.3.0
    Checking harfrust v0.5.2
    Checking idna_adapter v1.2.2
    Checking drm v0.15.0
    Checking exact-game-audio v0.1.0 (/home/ccheever/lanes/game/exact2-wt-game/game/audio)
    Checking idna v1.1.0
    Checking bench-cubes-logic v0.1.0 (/home/ccheever/lanes/game/exact2-wt-game/game/bench/cubes/logic)
    Checking url v2.5.8
    Checking exact-gpu-reflect v0.1.0 (/home/ccheever/lanes/game/exact2-wt-game/gpu/reflect)
    Checking wgpu-naga-bridge v30.0.1
    Checking wgpu-hal v30.0.1
    Checking contract v0.1.0 (/home/ccheever/lanes/game/exact2-wt-game/contract/cli)
    Checking exact-web v0.1.0 (/home/ccheever/lanes/game/exact2-wt-game/host/web)
    Checking exact-game-app v0.1.0 (/home/ccheever/lanes/game/exact2-wt-game/game/app)
    Checking exact-apple v0.1.0 (/home/ccheever/lanes/game/exact2-wt-game/host/apple)
    Checking cosmic-text v0.19.0
    Checking wgpu-naga-bridge v29.0.4
    Checking wgpu-hal v29.0.4
    Checking wgpu-core-deps-windows-linux-android v30.0.1
    Checking glamx v0.3.0
    Checking wgpu-core v30.0.1
    Checking parry3d v0.30.2
    Checking wgpu-core-deps-windows-linux-android v29.0.4
    Checking wgpu-core v29.0.4
    Checking rapier3d v0.35.3
    Checking wgpu v30.0.1
    Checking exact-gpu v0.1.0 (/home/ccheever/lanes/game/exact2-wt-game/gpu)
    Checking wgpu v29.0.4
    Checking exact-game-render v0.1.0 (/home/ccheever/lanes/game/exact2-wt-game/game/render)
    Checking bench-cubes-gpu v0.1.0 (/home/ccheever/lanes/game/exact2-wt-game/game/.shells/565d29c341e2cf9e9f788d19-gpu)
    Checking beacons-gpu v0.1.0 (/home/ccheever/lanes/game/exact2-wt-game/game/.shells/d3679e06b82168ec6c85c47d-gpu)
    Checking greybox-gpu v0.1.0 (/home/ccheever/lanes/game/exact2-wt-game/game/.shells/439038419b445eab74ca29b4-gpu)
   Compiling vello_shaders v0.10.0
   Compiling beacons-linux v0.1.0 (/home/ccheever/lanes/game/exact2-wt-game/game/.shells/d3679e06b82168ec6c85c47d-linux)
    Checking exact-game-physics v0.1.0 (/home/ccheever/lanes/game/exact2-wt-game/game/physics)
   Compiling bench-cubes-apple v0.1.0 (/home/ccheever/lanes/game/exact2-wt-game/game/.shells/565d29c341e2cf9e9f788d19-apple)
   Compiling greybox-apple v0.1.0 (/home/ccheever/lanes/game/exact2-wt-game/game/.shells/439038419b445eab74ca29b4-apple)
   Compiling beacons-apple v0.1.0 (/home/ccheever/lanes/game/exact2-wt-game/game/.shells/d3679e06b82168ec6c85c47d-apple)
   Compiling greybox-linux v0.1.0 (/home/ccheever/lanes/game/exact2-wt-game/game/.shells/439038419b445eab74ca29b4-linux)
   Compiling bench-cubes-web v0.1.0 (/home/ccheever/lanes/game/exact2-wt-game/game/.shells/565d29c341e2cf9e9f788d19-web)
   Compiling beacons-web v0.1.0 (/home/ccheever/lanes/game/exact2-wt-game/game/.shells/d3679e06b82168ec6c85c47d-web)
   Compiling bench-cubes-linux v0.1.0 (/home/ccheever/lanes/game/exact2-wt-game/game/.shells/565d29c341e2cf9e9f788d19-linux)
   Compiling greybox-web v0.1.0 (/home/ccheever/lanes/game/exact2-wt-game/game/.shells/439038419b445eab74ca29b4-web)
    Checking vello v0.10.0
    Checking exact-linux v0.1.0 (/home/ccheever/lanes/game/exact2-wt-game/host/linux)
    Finished `dev` profile [optimized + debuginfo] target(s) in 26.42s
