    Checking cfg-if v1.0.5
    Checking typenum v1.20.1
    Checking itoa v1.0.18
    Checking memchr v2.8.3
   Compiling exact-game-derive v0.1.0 (/home/ccheever/lanes/gamenext/exact2-i1/game/derive)
    Checking cpufeatures v0.2.17
    Checking log v0.4.34
    Checking smallvec v1.16.1
    Checking foldhash v0.2.0
    Checking equivalent v1.0.2
    Checking once_cell v1.21.4
    Checking rustc-hash v1.1.0
    Checking bit-vec v0.9.1
    Checking unicode-width v0.2.2
    Checking unicode-ident v1.0.26
    Checking stable_deref_trait v1.2.1
    Checking static_assertions v1.1.0
    Checking simd-adler32 v0.3.10
    Checking raw-window-handle v0.6.2
    Checking allocator-api2 v0.2.21
    Checking adler2 v2.0.1
    Checking scopeguard v1.2.0
    Checking subtle v2.6.1
    Checking grid v1.0.1
    Checking presser v0.3.1
    Checking renderdoc-sys v1.1.0
    Checking libloading v0.8.9
    Checking byteorder v1.5.0
    Checking zeroize v1.9.0
    Checking writeable v0.6.4
    Checking litemap v0.8.3
    Checking utf8_iter v1.0.4
    Checking untrusted v0.9.0
    Checking bytes v1.12.1
    Checking percent-encoding v2.3.2
    Checking base64 v0.23.1
    Checking utf8-zero v0.8.1
    Checking openssl-probe v0.1.6
    Checking base64 v0.22.1
    Checking rawpointer v0.2.1
    Checking downcast-rs v2.0.2
    Checking either v1.18.0
    Checking slab v0.4.12
    Checking hexf-parse v0.2.1
    Checking foldhash v0.1.5
    Checking contract-syntax v0.1.0 (/home/ccheever/lanes/gamenext/exact2-i1/contract/syntax)
    Checking signature v2.2.0
    Checking serde_core v1.0.229
    Checking libm v0.2.16
    Checking zmij v1.0.23
    Checking libc v0.2.189
    Checking crc32fast v1.5.2
    Checking miniz_oxide v0.9.1
    Checking lock_api v0.4.14
    Checking fdeflate v0.3.7
    Checking ash v0.38.0+1.3.281
    Checking miniz_oxide v0.8.9
    Checking bit-set v0.10.0
    Checking rustls-pki-types v1.15.1
    Checking ena v0.14.4
    Checking bit-set v0.9.1
    Checking dlib v0.5.3
    Checking pxfm v0.1.30
    Checking zune-core v0.5.3
    Checking glow v0.17.0
    Checking linebender_resource_handle v0.1.1
    Checking color v0.3.3
    Checking svg_fmt v0.4.5
    Checking byteorder-lite v0.1.0
    Checking base64 v0.13.1
    Checking lazy_static v1.5.0
    Checking urlencoding v2.1.3
    Checking tap v1.0.1
    Checking linux-raw-sys v0.12.1
    Checking roxmltree v0.20.0
    Checking linux-raw-sys v0.9.4
    Checking futures-core v0.3.34
    Checking codespan-reporting v0.13.1
    Checking slotmap v1.1.1
    Checking hashbrown v0.16.1
    Checking icu_normalizer_data v2.3.0
    Checking icu_properties_data v2.3.0
    Checking httparse v1.10.1
    Checking form_urlencoded v1.2.2
    Checking hash32 v0.3.1
    Checking matrixmultiply v0.3.11
    Checking hashbrown v0.15.5
    Checking ed25519 v2.2.3
    Checking arrayref v0.3.9
    Checking zeno v0.3.3
    Checking tinyvec v1.13.3
    Checking yazi v0.2.1
    Checking strict-num v0.1.1
    Checking funty v2.0.0
    Checking rustc-hash v2.1.3
    Checking unicode-linebreak v0.1.5
    Checking smol_str v0.3.6
    Checking unicode-bidi v0.3.18
    Checking unicode-script v0.5.8
    Checking rangemap v1.8.0
    Checking sys-locale v0.3.2
    Checking unicode-segmentation v1.13.3
    Checking self_cell v1.3.0
    Checking wayland-sys v0.31.11
    Checking radium v0.7.0
    Checking wyz v0.5.1
    Checking drm-fourcc v2.2.0
    Checking bytemuck v1.25.2
    Checking thiserror v2.0.20
    Checking zerocopy v0.8.57
    Checking profiling v1.0.18
    Checking heapless v0.8.0
    Checking zune-jpeg v0.5.15
    Checking zerofrom v0.1.8
    Checking webpki-roots v1.0.9
    Checking rustls-pemfile v2.2.0
    Checking exact-plan v0.1.0 (/home/ccheever/lanes/gamenext/exact2-i1/plan)
   Compiling vello_shaders v0.10.0
   Compiling exact-game v0.1.0 (/home/ccheever/lanes/gamenext/exact2-i1/game/engine)
    Checking drm-sys v0.8.1
    Checking generic-array v0.14.7
    Checking http v1.5.0
   Compiling exact-game-app v0.1.0 (/home/ccheever/lanes/gamenext/exact2-i1/game/app)
    Checking flate2 v1.1.10
    Checking yoke v0.8.3
    Checking rustls-native-certs v0.7.3
    Checking safe_arch v1.2.0
    Checking font-types v0.12.5
    Checking font-types v0.11.3
    Checking tiny-skia-path v0.12.0
    Checking fontconfig-parser v0.5.8
    Checking zerovec v0.11.8
    Checking zerotrie v0.2.5
    Checking bitvec v1.1.1
   Compiling bench-cubes-apple v0.1.0 (/home/ccheever/lanes/gamenext/exact2-i1/game/.shells/565d29c341e2cf9e9f788d19-apple)
   Compiling bench-cubes-web v0.1.0 (/home/ccheever/lanes/gamenext/exact2-i1/game/.shells/565d29c341e2cf9e9f788d19-web)
   Compiling beacons-apple v0.1.0 (/home/ccheever/lanes/gamenext/exact2-i1/game/.shells/d3679e06b82168ec6c85c47d-apple)
   Compiling lanterns-linux v0.1.0 (/home/ccheever/lanes/gamenext/exact2-i1/game/.shells/2612b96c8d96cbdb9fe4f02c-linux)
   Compiling greybox-apple v0.1.0 (/home/ccheever/lanes/gamenext/exact2-i1/game/.shells/439038419b445eab74ca29b4-apple)
   Compiling beacons-linux v0.1.0 (/home/ccheever/lanes/gamenext/exact2-i1/game/.shells/d3679e06b82168ec6c85c47d-linux)
   Compiling asset-fixture-apple v0.1.0 (/home/ccheever/lanes/gamenext/exact2-i1/game/.shells/682178d6082d3f8fc5b77435-apple)
   Compiling greybox-linux v0.1.0 (/home/ccheever/lanes/gamenext/exact2-i1/game/.shells/439038419b445eab74ca29b4-linux)
   Compiling beacons-web v0.1.0 (/home/ccheever/lanes/gamenext/exact2-i1/game/.shells/d3679e06b82168ec6c85c47d-web)
   Compiling greybox-web v0.1.0 (/home/ccheever/lanes/gamenext/exact2-i1/game/.shells/439038419b445eab74ca29b4-web)
   Compiling lanterns-apple v0.1.0 (/home/ccheever/lanes/gamenext/exact2-i1/game/.shells/2612b96c8d96cbdb9fe4f02c-apple)
   Compiling asset-fixture-web v0.1.0 (/home/ccheever/lanes/gamenext/exact2-i1/game/.shells/682178d6082d3f8fc5b77435-web)
   Compiling bench-cubes-linux v0.1.0 (/home/ccheever/lanes/gamenext/exact2-i1/game/.shells/565d29c341e2cf9e9f788d19-linux)
   Compiling lanterns-web v0.1.0 (/home/ccheever/lanes/gamenext/exact2-i1/game/.shells/2612b96c8d96cbdb9fe4f02c-web)
   Compiling asset-fixture-linux v0.1.0 (/home/ccheever/lanes/gamenext/exact2-i1/game/.shells/682178d6082d3f8fc5b77435-linux)
    Checking read-fonts v0.41.0
    Checking block-buffer v0.10.4
    Checking crypto-common v0.1.7
    Checking wide v1.7.1
    Checking num-traits v0.2.19
    Checking exact-motion v0.1.0 (/home/ccheever/lanes/gamenext/exact2-i1/motion)
    Checking core_maths v0.1.1
    Checking digest v0.10.7
    Checking read-fonts v0.37.0
    Checking ttf-parser v0.25.1
    Checking tinystr v0.8.4
error: failed to run custom build command for `beacons-apple v0.1.0 (/home/ccheever/lanes/gamenext/exact2-i1/game/.shells/d3679e06b82168ec6c85c47d-apple)`

Caused by:
  process didn't exit successfully: `/home/ccheever/lanes/gamenext/exact2-i1/game/target/debug/build/beacons-apple-6cb21b3ec3f539ef/build-script-build` (exit status: 101)
  --- stdout
  cargo:rerun-if-env-changed=EXACT_ASSET_ROOTS
  cargo:rerun-if-changed=/home/ccheever/lanes/gamenext/exact2-i1/game/.shells/d3679e06b82168ec6c85c47d-apple/../../games/beacons/app.contract
  cargo:rerun-if-changed=/home/ccheever/lanes/gamenext/exact2-i1/game/.shells/d3679e06b82168ec6c85c47d-apple/../../games/beacons/app.json

  --- stderr

  thread 'main' (3925863) panicked at app/src/lib.rs:42:29:
  app.contract: 1:1 [contract-use-unreadable] `use sceneContent from "./.scene/scene.contract"`: /home/ccheever/lanes/gamenext/exact2-i1/game/.shells/d3679e06b82168ec6c85c47d-apple/../../games/beacons/./.scene/scene.contract: No such file or directory (os error 2)
  note: run with `RUST_BACKTRACE=1` environment variable to display a backtrace
warning: build failed, waiting for other jobs to finish...
error: failed to run custom build command for `beacons-web v0.1.0 (/home/ccheever/lanes/gamenext/exact2-i1/game/.shells/d3679e06b82168ec6c85c47d-web)`

Caused by:
  process didn't exit successfully: `/home/ccheever/lanes/gamenext/exact2-i1/game/target/debug/build/beacons-web-f89b2d2a0f490d1a/build-script-build` (exit status: 101)
  --- stdout
  cargo:rerun-if-env-changed=EXACT_ASSET_ROOTS
  cargo:rerun-if-changed=/home/ccheever/lanes/gamenext/exact2-i1/game/.shells/d3679e06b82168ec6c85c47d-web/../../games/beacons/app.contract
  cargo:rerun-if-changed=/home/ccheever/lanes/gamenext/exact2-i1/game/.shells/d3679e06b82168ec6c85c47d-web/../../games/beacons/app.json

  --- stderr

  thread 'main' (3925876) panicked at app/src/lib.rs:42:29:
  app.contract: 1:1 [contract-use-unreadable] `use sceneContent from "./.scene/scene.contract"`: /home/ccheever/lanes/gamenext/exact2-i1/game/.shells/d3679e06b82168ec6c85c47d-web/../../games/beacons/./.scene/scene.contract: No such file or directory (os error 2)
  note: run with `RUST_BACKTRACE=1` environment variable to display a backtrace
