BUILD asset-fixture linux
   Compiling asset-fixture-logic v0.1.0 (/home/ccheever/lanes/gamenext/exact2-i1/game/games/asset-fixture/logic)
   Compiling asset-fixture-gpu v0.1.0 (/home/ccheever/lanes/gamenext/exact2-i1/game/.shells/682178d6082d3f8fc5b77435-gpu)
    Finished `release` profile [optimized] target(s) in 3.64s
   Compiling asset-fixture-linux v0.1.0 (/home/ccheever/lanes/gamenext/exact2-i1/game/.shells/682178d6082d3f8fc5b77435-linux)
    Finished `release` profile [optimized] target(s) in 13.71s
tap play
{"tapped":2,"at":[640,33.5],"epoch":2,"incarnation":1,"clock":0,"target":"play","delivery":"platform","carrier":"linux","mode":"agent"}
PASS clock issued after Play while bytes are outstanding: {"requested":false,"delivered":false}
clock 1000
{"clock":1000,"world":[{"canvas":4,"changing":[],"hash":"0x8f6d518f39634478","ownership":{"clock":"controlled","contamination":0,"handoff":"clock owner human/agent","inputSource":"unavailable","owner":"agent"},"quiescent":true,"tick":60}],"epoch":2,"incarnation":1}
state 
{
  "capabilities": {
    "build": {
      "host": "763f2dbc12da972eefc340a42c613f18",
      "lastSuccessfulSwap": null,
      "loadedGame": {
        "app": "com.exact.asset-fixture",
        "cohort": "763f2dbc12da972eefc340a42c613f18",
        "name": "libasset_fixture_gpu.so",
        "sha256": "1e06d6bc05bdd09aee8c920905f587d15139e00ead2b0a9e422bace4a1ab198b",
        "trust": "development"
      },
      "phase": "launch",
      "planDigest": {
        "unavailable": true
      },
      "requestedGame": {
        "app": "com.exact.asset-fixture",
        "cohort": "763f2dbc12da972eefc340a42c613f18",
        "name": "libasset_fixture_gpu.so",
        "sha256": "1e06d6bc05bdd09aee8c920905f587d15139e00ead2b0a9e422bace4a1ab198b",
        "trust": "development"
      }
    },
    "carrier": {
      "active": "stdio-headless",
      "available": [
        "stdio-headless"
      ],
      "delivery": {
        "canvasKey": "recognized",
        "device": false,
        "heldContact": false,
        "tap": "recognized"
      },
      "eof": "exit",
      "scope": "launch"
    },
    "clockOwnership": false,
    "detach": false,
    "handoff": false,
    "host": "linux",
    "inputProvenance": {
      "reason": "GPU input ABI does not carry source attestation",
      "unavailable": true
    },
    "reload": {
      "game": "rebuild-relaunch",
      "liveGameReplacement": false,
      "ui": "restart-with-compatible-slot-carry",
      "worldCarry": "explicit-save-restore",
      "worldOnUIReload": {
        "reason": "surface instances are rebound by view id; transactional game carry is not implemented",
        "unavailable": true
      }
    }
  },
  "clock": 1000,
  "delivery": {
    "E": [
      "native"
    ],
    "L": "0",
    "compatibilityId": "763f2dbc12da972eefc340a42c613f18",
    "embeddedSeq": 0,
    "interpreted": [],
    "seq": 0,
    "staged": false,
    "stream": "embedded",
    "sunset": ""
  },
  "derives": {},
  "epoch": 2,
  "focus": {
    "logical": null
  },
  "incarnation": 1,
  "keyboard": {
    "unavailable": true
  },
  "logic": {
    "ready": true,
    "revision": null,
    "rustExecutor": null
  },
  "navigation": {
    "unavailable": true
  },
  "ownership": {
    "clock": "controlled",
    "launchMode": "agent",
    "owner": "agent",
    "scope": "launch"
  },
  "pending": [],
  "resources": {},
  "slots": {
    "playing": true
  },
  "store": [],
  "world": [
    {
      "args": [],
      "audio": {
        "sources": [],
        "voices": []
      },
      "canvas": 4,
      "capture": null,
      "clockState": {
        "hostMicros": 1000000,
        "worldMicros": 1000000
      },
      "device": false,
      "entities": 3,
      "hash": "0x8f6d518f39634478",
      "hz": 60,
      "input": {
        "actions": {},
        "forwarded": [],
        "held": []
      },
      "loading": [],
      "name": "world",
      "ownership": {
        "clock": "controlled",
        "contamination": 0,
        "handoff": "clock owner human/agent",
        "inputSource": "unavailable",
        "owner": "agent"
      },
      "paused": false,
      "perf": {
        "draws": 0,
        "encodeMs": {
          "count": 0,
          "max": 0,
          "mean": 0,
          "p50": 0,
          "p95": 0,
          "p99": 0
        },
        "feedMs": {
          "count": 0,
          "max": 0,
          "mean": 0,
          "p50": 0,
          "p95": 0,
          "p99": 0
        },
        "frameMs": {
          "count": 0,
          "max": 0,
          "mean": 0,
          "p50": 0,
          "p95": 0,
          "p99": 0
        },
        "instances": 0,
        "pixels": [
          0,
          0
        ],
        "tickMs": {
          "count": 0,
          "max": 0,
          "mean": 0,
          "p50": 0,
          "p95": 0,
          "p99": 0
        },
        "ticksPerFrame": {
          "count": 0,
          "max": 0,
          "mean": 0,
          "p50": 0,
          "p95": 0,
          "p99": 0
        },
        "triangles": 0,
        "wallClock": true
      },
      "published": {
        "ready": true,
        "tick": 59
      },
      "resources": {},
      "restored": false,
      "seed": 0,
      "tick": 60
    }
  ]
}
PASS immediate clock waits for declared asset delivery: {"requested":false,"delivered":false,"clockWallMs":0.7976159999998345}
PASS setup ran and exactly 60 deterministic ticks completed: {"args":[],"audio":{"sources":[],"voices":[]},"canvas":4,"capture":null,"clockState":{"hostMicros":1000000,"worldMicros":1000000},"device":false,"entities":3,"hash":"0x8f6d518f39634478","hz":60,"input":{"actions":{},"forwarded":[],"held":[]},"loading":[],"name":"world","ownership":{"clock":"controlled","contamination":0,"handoff":"clock owner human/agent","inputSource":"unavailable","owner":"agent"},"paused":false,"perf":{"draws":0,"encodeMs":{"count":0,"max":0,"mean":0,"p50":0,"p95":0,"p99":0},"feedMs":{"count":0,"max":0,"mean":0,"p50":0,"p95":0,"p99":0},"frameMs":{"count":0,"max":0,"mean":0,"p50":0,"p95":0,"p99":0},"instances":0,"pixels":[0,0],"tickMs":{"count":0,"max":0,"mean":0,"p50":0,"p95":0,"p99":0},"ticksPerFrame":{"count":0,"max":0,"mean":0,"p50":0,"p95":0,"p99":0},"triangles":0,"wallClock":true},"published":{"ready":true,"tick":59},"resources":{},"restored":false,"seed":0,"tick":60}
PASS native and web simulation hash agrees: "0x8f6d518f39634478"
layout world:crate
#0 crate world 0,0.6,0 · screen 546.8456,282.4326 182.4337×173.7739 · depth 4.9234 · in frustum
PASS model bounds available to layout: {"entity":{"bounds":{"max":[0.5,1.1,0.5],"min":[-0.5,0.1,-0.5]},"depth":4.9234,"facing":{"forward":[0,0,-1],"towardCamera":-0.7718},"id":0,"name":"crate","screen":{"h":173.7739,"w":182.4337,"x":546.8456,"y":282.4326},"visible":{"behindCamera":false,"distance":4.9234,"inFrustum":true,"occluded":{"unavailable":true},"occluders":[]},"world":{"position":[0,0.6,0],"rotation":[0,0,0,1],"scale":[1,1,1]}},"tick":60,"epoch":2,"incarnation":1,"clock":1000}
screenshot /home/ccheever/lanes/gamenext/exact2-i1/game/games/asset-fixture/artifacts/crate-linux.png
{"h":720,"note":"Contract painted; canvas rectangles are flat (no device)","screenshot":"/home/ccheever/lanes/gamenext/exact2-i1/game/games/asset-fixture/artifacts/crate-linux.png","w":1280,"epoch":2,"incarnation":1,"clock":1000}
screenshot /home/ccheever/lanes/gamenext/exact2-i1/game/games/asset-fixture/artifacts/crate.world world save
{"bytes":5181,"hash":"0x8f6d518f39634478","tick":60,"epoch":2,"incarnation":1,"clock":1000,"screenshot":"/home/ccheever/lanes/gamenext/exact2-i1/game/games/asset-fixture/artifacts/crate.world"}
asset model bytes: 3904; baked assets: []
PASS all recorded children exited: []
PROOF PASS asset-fixture linux: 0 failures; 18.782 s
