   Compiling proc-macro2 v1.0.107
   Compiling quote v1.0.47
   Compiling unicode-ident v1.0.24
   Compiling cfg-if v1.0.4
   Compiling version_check v0.9.5
   Compiling libm v0.2.16
   Compiling subtle v2.6.1
   Compiling typenum v1.20.1
   Compiling cpufeatures v0.2.17
   Compiling arrayvec v0.7.8
   Compiling cfg_aliases v0.2.2
   Compiling log v0.4.34
   Compiling foldhash v0.2.0
   Compiling itoa v1.0.18
   Compiling serde_core v1.0.229
   Compiling zmij v1.0.23
   Compiling serde_json v1.0.151
   Compiling serde v1.0.229
   Compiling memchr v2.8.3
   Compiling thiserror v2.0.20
   Compiling autocfg v1.5.1
   Compiling equivalent v1.0.2
   Compiling zerocopy v0.8.56
   Compiling rustc-hash v1.1.0
   Compiling bit-vec v0.9.1
   Compiling unicode-width v0.2.2
   Compiling grid v1.0.1
   Compiling bitflags v2.13.1
   Compiling once_cell v1.21.4
   Compiling shlex v2.0.1
   Compiling find-msvc-tools v0.1.11
   Compiling semver v1.0.28
   Compiling signature v2.2.0
   Compiling contract-syntax v0.1.0 (/home/ccheever/lanes/gamenext/exact2-i1/contract/syntax)
   Compiling stable_deref_trait v1.2.1
   Compiling litemap v0.8.3
   Compiling writeable v0.6.4
   Compiling utf8_iter v1.0.4
   Compiling zeroize v1.9.0
   Compiling pkg-config v0.3.34
   Compiling icu_normalizer_data v2.3.0
   Compiling icu_properties_data v2.3.0
   Compiling untrusted v0.9.0
   Compiling libc v0.2.189
   Compiling httparse v1.10.1
   Compiling percent-encoding v2.3.2
   Compiling rustls v0.23.43
   Compiling bytes v1.12.1
   Compiling smallvec v1.15.2
   Compiling base64 v0.23.1
   Compiling utf8-zero v0.8.1
   Compiling base64 v0.22.1
   Compiling openssl-probe v0.1.6
   Compiling vcpkg v0.2.15
   Compiling fallible-iterator v0.3.0
   Compiling fallible-streaming-iterator v0.1.9
   Compiling wasmparser v0.228.0
   Compiling wasmi_ir v2.0.0
   Compiling wasmi v2.0.0
   Compiling exact-logic v0.1.0 (/home/ccheever/lanes/gamenext/exact2-i1/logic)
   Compiling wasmi_collections v2.0.0
   Compiling spin v0.9.9
   Compiling raw-window-handle v0.6.2
   Compiling parking_lot_core v0.9.12
   Compiling allocator-api2 v0.2.21
   Compiling scopeguard v1.2.0
   Compiling ash v0.38.0+1.3.281
   Compiling getrandom v0.3.4
   Compiling presser v0.3.1
   Compiling profiling v1.0.18
   Compiling renderdoc-sys v1.1.0
   Compiling rand_core v0.6.4
   Compiling base64ct v1.8.3
   Compiling hexf-parse v0.2.1
   Compiling static_assertions v1.1.0
   Compiling litrs v1.0.0
   Compiling simd-adler32 v0.3.10
   Compiling khronos-egl v6.0.0
   Compiling foldhash v0.1.5
   Compiling adler2 v2.0.1
   Compiling crc32fast v1.5.1
   Compiling linebender_resource_handle v0.1.1
   Compiling glow v0.17.0
   Compiling rustix v1.1.4
   Compiling radium v0.7.0
   Compiling svg_fmt v0.4.5
   Compiling drm-sys v0.8.1
   Compiling color v0.3.3
   Compiling tap v1.0.1
   Compiling drm-fourcc v2.2.0
   Compiling linux-raw-sys v0.12.1
   Compiling roxmltree v0.20.0
   Compiling naga v30.0.1
   Compiling libloading v0.8.9
   Compiling naga v29.0.4
   Compiling hashbrown v0.17.1
   Compiling wgpu-hal v29.0.4
   Compiling polycool v0.4.0
   Compiling hashbrown v0.16.1
   Compiling wgpu-hal v30.0.1
   Compiling generic-array v0.14.7
   Compiling slotmap v1.1.1
   Compiling wgpu-core v29.0.4
   Compiling form_urlencoded v1.2.2
   Compiling lock_api v0.4.14
   Compiling bit-set v0.10.0
   Compiling cc v1.4.4
   Compiling rustls-pki-types v1.15.1
   Compiling bit-set v0.9.1
   Compiling nix v0.29.0
   Compiling wgpu v29.0.4
   Compiling num-traits v0.2.19
   Compiling rustc_version v0.4.1
   Compiling dlib v0.5.3
   Compiling linux-raw-sys v0.9.4
   Compiling tinyvec_macros v0.1.1
   Compiling wyz v0.5.1
   Compiling wgpu-core v30.0.1
   Compiling arrayref v0.3.9
   Compiling funty v2.0.0
   Compiling yazi v0.2.1
   Compiling zeno v0.3.3
   Compiling strict-num v0.1.1
   Compiling futures-core v0.3.34
   Compiling wgpu v30.0.1
   Compiling codespan-reporting v0.13.1
   Compiling ed25519 v2.2.3
   Compiling http v1.5.0
   Compiling spirv v0.4.0+sdk-1.4.341.0
   Compiling password-hash v0.5.0
   Compiling wayland-sys v0.31.11
   Compiling hashbrown v0.15.5
   Compiling gpu-descriptor-types v0.2.0
   Compiling kurbo v0.13.1
   Compiling miniz_oxide v0.9.1
   Compiling fdeflate v0.3.7
   Compiling miniz_oxide v0.8.9
   Compiling fontconfig-parser v0.5.8
   Compiling rangemap v1.8.0
   Compiling unicode-script v0.5.8
   Compiling unicode-segmentation v1.13.3
   Compiling sys-locale v0.3.2
   Compiling smol_str v0.3.6
   Compiling unicode-linebreak v0.1.5
   Compiling rustc-hash v2.1.3
   Compiling self_cell v1.3.0
   Compiling unicode-bidi v0.3.18
   Compiling indexmap v2.14.1
   Compiling webpki-roots v1.0.9
   Compiling rustls-pemfile v2.2.0
   Compiling hashlink v0.12.1
   Compiling document-features v0.2.12
   Compiling tinyvec v1.12.0
   Compiling curve25519-dalek v4.1.3
   Compiling rustls-native-certs v0.7.3
   Compiling bitvec v1.1.1
   Compiling flate2 v1.1.10
   Compiling gpu-descriptor v0.3.2
   Compiling syn v3.0.4
   Compiling syn v2.0.119
   Compiling ureq-proto v0.6.2
   Compiling ring v0.17.14
   Compiling libsqlite3-sys v0.38.2
   Compiling exact-js v0.1.0 (/home/ccheever/lanes/gamenext/exact2-i1/js)
   Compiling exact-motion v0.1.0 (/home/ccheever/lanes/gamenext/exact2-i1/motion)
   Compiling wasmi_core v2.0.0
   Compiling core_maths v0.1.1
   Compiling crypto-common v0.1.7
   Compiling block-buffer v0.10.4
   Compiling taffy v0.9.2 (/home/ccheever/lanes/gamenext/exact2-i1/vendor/taffy)
   Compiling png v0.18.1
   Compiling ttf-parser v0.25.1
   Compiling digest v0.10.7
   Compiling peniko v0.6.1
warning: exact-js@0.1.0: exact-js: no Hermes for linux at /home/ccheever/lanes/gamenext/exact2-i1/js/../../ibex/linux/lib — the executor is a stub that refuses to load (EXACT_HERMES_DIR supplies headers/macOS; EXACT_HERMES_IOS_DIR supplies iOS builds; Linux: ./scripts/build-hermes-linux.sh in ibex, or HERMES_LIB_DIR; see LLP 1027 D6)
   Compiling sha2 v0.10.9
   Compiling blake2 v0.10.6
   Compiling getrandom v0.2.17
   Compiling socket2 v0.6.5
   Compiling argon2 v0.5.3
   Compiling ibex2 v0.1.0 (/home/ccheever/lanes/gamenext/ibex/crates/ibex2)
   Compiling ordered-float v5.5.0
   Compiling euclid v0.22.14
   Compiling memmap2 v0.9.11
   Compiling parking_lot v0.12.5
   Compiling guillotiere v0.7.0
   Compiling futures-intrusive v0.5.0
   Compiling drm-ffi v0.9.1
   Compiling serde_derive v1.0.229
   Compiling thiserror-impl v2.0.20
   Compiling zerovec-derive v0.11.6
   Compiling displaydoc v0.2.7
   Compiling bytemuck_derive v1.12.0
   Compiling fontdb v0.23.0
   Compiling evdev v0.13.2
   Compiling exact-filesystem v0.1.0 (/home/ccheever/lanes/gamenext/exact2-i1/filesystem)
   Compiling bytemuck v1.25.2
   Compiling naga-types v30.0.1
   Compiling font-types v0.12.4
   Compiling wgpu-types v29.0.4
   Compiling font-types v0.11.3
   Compiling wgpu-types v30.0.1
   Compiling tiny-skia-path v0.12.0
   Compiling drm v0.15.0
   Compiling synstructure v0.13.2
   Compiling read-fonts v0.41.0
   Compiling read-fonts v0.37.0
   Compiling tiny-skia v0.12.0
   Compiling zerocopy-derive v0.8.56
   Compiling curve25519-dalek-derive v0.1.1
   Compiling zerofrom-derive v0.1.7
   Compiling yoke-derive v0.8.2
   Compiling rustls-webpki v0.103.15
   Compiling zerofrom v0.1.8
   Compiling yoke v0.8.3
   Compiling zerovec v0.11.8
   Compiling zerotrie v0.2.5
   Compiling exact-route v0.1.0 (/home/ccheever/lanes/gamenext/exact2-i1/route)
   Compiling ed25519-dalek v2.2.0
   Compiling exact-plan v0.1.0 (/home/ccheever/lanes/gamenext/exact2-i1/plan)
   Compiling exact-kernel v0.1.0 (/home/ccheever/lanes/gamenext/exact2-i1/kernel)
   Compiling exact-update v0.1.0 (/home/ccheever/lanes/gamenext/exact2-i1/update)
   Compiling tinystr v0.8.4
   Compiling potential_utf v0.1.6
   Compiling icu_collections v2.3.0
   Compiling icu_locale_core v2.3.0
   Compiling contract-types v0.1.0 (/home/ccheever/lanes/gamenext/exact2-i1/contract/types)
   Compiling exact-js-value v0.1.0 (/home/ccheever/lanes/gamenext/exact2-i1/js/value)
   Compiling markdown-parse v0.1.0 (/home/ccheever/lanes/gamenext/exact2-i1/apps/markdown/parse)
   Compiling icu_provider v2.3.1
   Compiling icu_properties v2.3.0
   Compiling icu_normalizer v2.3.0
   Compiling contract-analyze v0.1.0 (/home/ccheever/lanes/gamenext/exact2-i1/contract/analyze)
   Compiling exact-runner v0.1.0 (/home/ccheever/lanes/gamenext/exact2-i1/runner)
   Compiling contract-lower v0.1.0 (/home/ccheever/lanes/gamenext/exact2-i1/contract/lower)
   Compiling idna_adapter v1.2.2
   Compiling idna v1.1.0
   Compiling url v2.5.8
   Compiling ureq v3.4.0
   Compiling exact-data v0.1.0 (/home/ccheever/lanes/gamenext/exact2-i1/data)
   Compiling exact-logic-abi v0.1.0 (/home/ccheever/lanes/gamenext/exact2-i1/logic/abi)
   Compiling caltrain-data v0.1.0 (/home/ccheever/lanes/gamenext/exact2-i1/apps/caltrain/data)
   Compiling llp-data v0.1.0 (/home/ccheever/lanes/gamenext/exact2-i1/apps/llp/data)
   Compiling markdown-data v0.1.0 (/home/ccheever/lanes/gamenext/exact2-i1/apps/markdown/data)
   Compiling exact-js-web v0.1.0 (/home/ccheever/lanes/gamenext/exact2-i1/js/web)
   Compiling update-lab-data v0.1.0 (/home/ccheever/lanes/gamenext/exact2-i1/apps/update-lab/data)
   Compiling fieldnotes-data v0.1.0 (/home/ccheever/lanes/gamenext/exact2-i1/apps/fieldnotes/data)
   Compiling caltrain-logic v0.1.0 (/home/ccheever/lanes/gamenext/exact2-i1/apps/caltrain/logic)
   Compiling update-lab-logic v0.1.0 (/home/ccheever/lanes/gamenext/exact2-i1/apps/update-lab/logic)
   Compiling half v2.7.1
   Compiling rusqlite v0.40.2
   Compiling skrifa v0.40.0
   Compiling harfrust v0.5.2
   Compiling skrifa v0.44.0
   Compiling snapback4-core v0.1.14 (/home/ccheever/lanes/gamenext/snapback-sb4/snapback4/crates/snapback4-core)
   Compiling gpu-allocator v0.28.0
   Compiling ibex2-sqlite v0.1.0 (/home/ccheever/lanes/gamenext/ibex/crates/ibex2-sqlite)
   Compiling exact-apple v0.1.0 (/home/ccheever/lanes/gamenext/exact2-i1/host/apple)
   Compiling exact-data-host v0.1.0 (/home/ccheever/lanes/gamenext/exact2-i1/data/host)
   Compiling exact-apple-update v0.1.0 (/home/ccheever/lanes/gamenext/exact2-i1/host/apple-update)
   Compiling vello_encoding v0.10.0
   Compiling swash v0.2.10
   Compiling snapback4-lang v0.1.14 (/home/ccheever/lanes/gamenext/snapback-sb4/snapback4/crates/snapback4-lang)
   Compiling exact-gpu-reflect v0.1.0 (/home/ccheever/lanes/gamenext/exact2-i1/gpu/reflect)
   Compiling cosmic-text v0.19.0
   Compiling snapback4-device v0.1.14 (/home/ccheever/lanes/gamenext/snapback-sb4/snapback4/crates/snapback4-device)
   Compiling contract v0.1.0 (/home/ccheever/lanes/gamenext/exact2-i1/contract/cli)
   Compiling vello_shaders v0.10.0
   Compiling weatherlight-gpu v0.1.0 (/home/ccheever/lanes/gamenext/exact2-i1/apps/weatherlight/gpu)
   Compiling caltrain-gpu v0.1.0 (/home/ccheever/lanes/gamenext/exact2-i1/apps/caltrain/gpu)
   Compiling exact-js-bake v0.1.0 (/home/ccheever/lanes/gamenext/exact2-i1/js/bake)
   Compiling caltrain-web v0.1.0 (/home/ccheever/lanes/gamenext/exact2-i1/apps/caltrain/web)
   Compiling llp-apple v0.1.0 (/home/ccheever/lanes/gamenext/exact2-i1/apps/llp/apple)
   Compiling caltrain-linux v0.1.0 (/home/ccheever/lanes/gamenext/exact2-i1/apps/caltrain/linux)
   Compiling caltrain-apple v0.1.0 (/home/ccheever/lanes/gamenext/exact2-i1/apps/caltrain/apple)
   Compiling llp-web v0.1.0 (/home/ccheever/lanes/gamenext/exact2-i1/apps/llp/web)
   Compiling markdown-apple v0.1.0 (/home/ccheever/lanes/gamenext/exact2-i1/apps/markdown/apple)
   Compiling markdown-web v0.1.0 (/home/ccheever/lanes/gamenext/exact2-i1/apps/markdown/web)
   Compiling weatherlight-apple v0.1.0 (/home/ccheever/lanes/gamenext/exact2-i1/apps/weatherlight/apple)
   Compiling update-lab-web v0.1.0 (/home/ccheever/lanes/gamenext/exact2-i1/apps/update-lab/web)
   Compiling fieldnotes-apple v0.1.0 (/home/ccheever/lanes/gamenext/exact2-i1/apps/fieldnotes/apple)
   Compiling update-lab-apple v0.1.0 (/home/ccheever/lanes/gamenext/exact2-i1/apps/update-lab/apple)
   Compiling weatherlight-web v0.1.0 (/home/ccheever/lanes/gamenext/exact2-i1/apps/weatherlight/web)
   Compiling fieldnotes-web v0.1.0 (/home/ccheever/lanes/gamenext/exact2-i1/apps/fieldnotes/web)
   Compiling wgpu-naga-bridge v30.0.1
   Compiling messages-web v0.1.0 (/home/ccheever/lanes/gamenext/exact2-i1/apps/messages/web)
   Compiling messages-linux v0.1.0 (/home/ccheever/lanes/gamenext/exact2-i1/apps/messages/linux)
   Compiling messages-apple v0.1.0 (/home/ccheever/lanes/gamenext/exact2-i1/apps/messages/apple)
   Compiling exact-snapback4 v0.1.0 (/home/ccheever/lanes/gamenext/exact2-i1/snapback4)
error: failed to run custom build command for `fieldnotes-apple v0.1.0 (/home/ccheever/lanes/gamenext/exact2-i1/apps/fieldnotes/apple)`

Caused by:
  process didn't exit successfully: `/home/ccheever/lanes/gamenext/exact2-i1/target/debug/build/fieldnotes-apple-497b758cb7addf43/build-script-build` (exit status: 101)
  --- stderr

  thread 'main' (4047768) panicked at apps/fieldnotes/apple/build.rs:11:6:
  bake Fieldnotes: "TypeScript bake requires the lean Hermes executor on this producer"
  note: run with `RUST_BACKTRACE=1` environment variable to display a backtrace
warning: build failed, waiting for other jobs to finish...
error: failed to run custom build command for `update-lab-web v0.1.0 (/home/ccheever/lanes/gamenext/exact2-i1/apps/update-lab/web)`

Caused by:
  process didn't exit successfully: `/home/ccheever/lanes/gamenext/exact2-i1/target/debug/build/update-lab-web-f71074c30b4517ca/build-script-build` (exit status: 101)
  --- stderr

  thread 'main' (4047792) panicked at apps/update-lab/web/build.rs:3:10:
  bake Update Lab: "TypeScript bake requires the lean Hermes executor on this producer"
  note: run with `RUST_BACKTRACE=1` environment variable to display a backtrace
