Filesystem      Size  Used Avail Use% Mounted on
/dev/nvme0n1p4  1.7T  1.5T  138G  92% /
BUILD skinned-fixture linux
Filesystem     1024-blocks       Used Available Capacity Mounted on
/dev/nvme0n1p4  1810493656 1574037592 144414320      92% /
   Compiling skinned-fixture-logic v0.1.0 (/home/ccheever/lanes/gamenext/exact2-i1/game/games/skinned-fixture/logic)
   Compiling skinned-fixture-gpu v0.1.0 (/home/ccheever/lanes/gamenext/exact2-i1/game/.shells/dbbd1c519c2e08c19941931f-gpu)
    Finished `release` profile [optimized] target(s) in 7.18s
   Compiling skinned-fixture-linux v0.1.0 (/home/ccheever/lanes/gamenext/exact2-i1/game/.shells/dbbd1c519c2e08c19941931f-linux)
    Finished `release` profile [optimized] target(s) in 13.72s
tap play
{"tapped":5,"at":[640,422.5],"epoch":2,"incarnation":1,"clock":0,"target":"play","delivery":"platform","carrier":"linux","mode":"agent"}
clock +0
{"clock":0,"world":[{"canvas":7,"changing":["not observed"],"hash":"0x819c3f36fecc4193","ownership":{"clock":"controlled","contamination":0,"handoff":"clock owner human/agent","inputSource":"unavailable","owner":"agent"},"quiescent":false,"settleAt":100,"tick":0}],"epoch":2,"incarnation":1}
clock +750
{"clock":750,"world":[{"canvas":7,"changing":["published.tick","fox.Animator","fox.Pose","fox.SocketPose","fox.Transform","charm.Transform"],"hash":"0x1f9f91652dc258e6","ownership":{"clock":"controlled","contamination":0,"handoff":"clock owner human/agent","inputSource":"unavailable","owner":"agent"},"quiescent":false,"settleAt":850,"tick":45}],"epoch":3,"incarnation":1}
state world:*
{
  "entities": [
    {
      "components": {
        "Animator": {
          "current": 1,
          "fade_duration": 0.5,
          "fade_time": 0.25,
          "from": {
            "bytes": 1040,
            "hash": "0x2a40e877e7458b5f"
          },
          "from_motion": [
            0,
            0,
            0
          ],
          "params": [
            [
              "speed",
              {
                "Number": [
                  1.6
                ]
              }
            ]
          ],
          "playback": {
            "crossed": [],
            "motion_root": [
              "b_Root_00"
            ],
            "root_motion": [
              0,
              0,
              0.6080369
            ]
          },
          "since": 0.25,
          "states": [
            {
              "fade": 0,
              "looping": true,
              "name": "survey",
              "paused": false,
              "play": {
                "Clip": [
                  "Survey"
                ]
              },
              "speed": 1,
              "transitions": [
                [
                  "travel",
                  {
                    "Arg": [
                      "speed",
                      {
                        "Gt": {}
                      },
                      {
                        "Number": [
                          0.5
                        ]
                      }
                    ]
                  }
                ]
              ]
            },
            {
              "fade": 0.5,
              "looping": true,
              "name": "travel",
              "paused": false,
              "play": {
                "Blend": [
                  {
                    "axis": 0,
                    "clips": [
                      [
                        0,
                        "Survey"
                      ],
                      [
                        1,
                        "Walk"
                      ],
                      [
                        3,
                        "Run"
                      ]
                    ],
                    "parameter": "speed",
                    "playback": {
                      "crossed": [],
                      "motion_root": [],
                      "root_motion": [
                        0,
                        0,
                        0
                      ]
                    }
                  }
                ]
              },
              "speed": 1,
              "transitions": []
            }
          ]
        },
        "Mesh": {
          "Asset": [
            "fox.model"
          ]
        },
        "Pose": {
          "bounds": [
            -314.13297,
            -301.662,
            -389.63525,
            314.13297,
            380.44745,
            368.1651
          ],
          "crossed": [],
          "local": {
            "bytes": 1040,
            "hash": "0x9c6b4ebd4535e3a5"
          },
          "phase": 0.44278413,
          "previous": {
            "bytes": 1040,
            "hash": "0xe1b9991d69ab599b"
          },
          "root_motion": [
            0,
            0,
            0.6080369
          ],
          "stepped": [
            44
          ]
        },
        "Socket": [
          "b_Head_05"
        ],
        "SocketPose": [
          {
            "position": [
              -1.2108656,
              57.322777,
              38.70331
            ],
            "rotation": [
              -0.11682378,
              0.76578844,
              0.10145802,
              -0.6242007
            ],
            "scale": [
              1,
              1,
              1
            ]
          }
        ],
        "Transform": {
          "position": [
            -0.036214516,
            0,
            -1.6839576
          ],
          "rotation": [
            0,
            -0.16795024,
            0,
            0.9857955
          ],
          "scale": [
            0.025,
            0.025,
            0.025
          ]
        }
      },
      "id": 0,
      "name": "fox"
    },
    {
      "components": {
        "Material": {
          "color": [
            1,
            0.65,
            0.1,
            1
          ],
          "emissive": [
            0,
            0,
            0
          ],
          "grid_spacing": 0,
          "metallic": 0,
          "roughness": 0.5
        },
        "Mesh": {
          "Sphere": {
            "radius": 0.12
          }
        },
        "SocketFollow": {
          "authored": [
            {
              "position": [
                0,
                0,
                0
              ],
              "rotation": [
                0,
                0,
                0,
                1
              ],
              "scale": [
                1,
                1,
                1
              ]
            }
          ],
          "offset": {
            "position": [
              0,
              8,
              0
            ],
            "rotation": [
              0,
              0,
              0,
              1
            ],
            "scale": [
              40,
              40,
              40
            ]
          },
          "target": {
            "Name": [
              "fox"
            ]
          }
        },
        "Transform": {
          "position": [
            -0.41498592,
            1.6234928,
            -0.7275977
          ],
          "rotation": [
            -0.13220425,
            0.85974544,
            0.08039627,
            -0.4867199
          ],
          "scale": [
            0.99999994,
            1,
            1
          ]
        }
      },
      "id": 1,
      "name": "charm"
    },
    {
      "components": {
        "Material": {
          "color": [
            0.13,
            0.21,
            0.22,
            1
          ],
          "emissive": [
            0,
            0,
            0
          ],
          "grid_spacing": 1,
          "metallic": 0,
          "roughness": 0.5
        },
        "Mesh": {
          "Plane": {
            "depth": 18,
            "width": 18
          }
        },
        "Transform": {
          "position": [
            0,
            0,
            0
          ],
          "rotation": [
            0,
            0,
            0,
            1
          ],
          "scale": [
            1,
            1,
            1
          ]
        }
      },
      "id": 2,
      "name": null
    },
    {
      "components": {
        "Camera": {
          "active": true,
          "far": 1000,
          "fov_y_degrees": 60,
          "near": 0.1
        },
        "Transform": {
          "position": [
            6,
            3.4,
            7
          ],
          "rotation": [
            -0.123811424,
            0.34390986,
            0.045800827,
            0.92967683
          ],
          "scale": [
            1,
            1,
            1
          ]
        }
      },
      "id": 3,
      "name": "camera"
    },
    {
      "components": {
        "DirectionalLight": {
          "color": [
            1,
            1,
            1
          ],
          "illuminance": 10000,
          "shadows": true
        },
        "Transform": {
          "position": [
            4,
            7,
            3
          ],
          "rotation": [
            -0.40927342,
            0.3976479,
            0.20463674,
            0.7952958
          ],
          "scale": [
            1,
            1,
            1
          ]
        }
      },
      "id": 4,
      "name": null
    }
  ],
  "hash": "0x1f9f91652dc258e6",
  "tick": 45,
  "truncated": false,
  "epoch": 3,
  "incarnation": 1,
  "clock": 750
}
PASS save is mid-transition at tick 45
screenshot /home/ccheever/lanes/gamenext/exact2-i1/game/games/skinned-fixture/artifacts/fox-45.world world save
{"bytes":12460,"hash":"0x1f9f91652dc258e6","tick":45,"epoch":3,"incarnation":1,"clock":750,"screenshot":"/home/ccheever/lanes/gamenext/exact2-i1/game/games/skinned-fixture/artifacts/fox-45.world"}
clock +0
{"clock":750,"world":[{"canvas":7,"changing":["published.tick","fox.Animator","fox.Pose","fox.SocketPose","fox.Transform","charm.Transform"],"hash":"0x1f9f91652dc258e6","ownership":{"clock":"controlled","contamination":0,"handoff":"clock owner human/agent","inputSource":"unavailable","owner":"agent"},"quiescent":false,"settleAt":850,"tick":45}],"epoch":3,"incarnation":1}
clock +250
{"clock":1000,"world":[{"canvas":7,"changing":["published.tick","fox.Animator","fox.Pose","fox.SocketPose","fox.Transform","charm.Transform"],"hash":"0xb863e854ca85b74e","ownership":{"clock":"controlled","contamination":0,"handoff":"clock owner human/agent","inputSource":"unavailable","owner":"agent"},"quiescent":false,"settleAt":1100,"tick":60}],"epoch":4,"incarnation":1}
state world:fox  true
{
  "entity": {
    "id": 0,
    "name": "fox"
  },
  "pose": [
    {
      "name": "_rootJoint",
      "world": [
        0.022511179,
        0,
        0.010874138,
        0,
        0,
        0.025,
        0,
        0,
        -0.010874138,
        0,
        0.022511179,
        0,
        -0.17344874,
        0,
        -1.362588,
        1
      ]
    },
    {
      "name": "b_Root_00",
      "world": [
        0.022511179,
        0,
        0.010874138,
        0,
        0.010874136,
        -9.238719e-8,
        -0.022511175,
        0,
        4.0185242e-8,
        0.024999997,
        -8.318978e-8,
        0,
        -0.17344874,
        0,
        -1.362588,
        1
      ]
    },
    {
      "name": "b_Hip_01",
      "world": [
        -0.0038726805,
        0.022421723,
        0.010357045,
        0,
        0.010160599,
        0.011001703,
        -0.020018104,
        0,
        -0.022511432,
        0.001108402,
        -0.010816973,
        0,
        0.10473257,
        1.0670356,
        -1.9778988,
        1
      ]
    },
    {
      "name": "b_Spine01_02",
      "world": [
        -0.010868053,
        -0.0030892163,
        0.02230117,
        0,
        -0.00034788996,
        0.024783624,
        0.003263555,
        0,
        -0.022511428,
        0.0011084052,
        -0.01081698,
        0,
        0.054966316,
        1.3551681,
        -1.8448046,
        1
      ]
    },
    {
      "name": "b_Spine02_03",
      "world": [
        -0.0107362745,
        -0.0036331264,
        0.022283014,
        0,
        -0.00057710335,
        0.024710285,
        0.0037508232,
        0,
        -0.022569876,
        0.0010964103,
        -0.010695726,
        0,
        -0.18038952,
        1.2882658,
        -1.3618565,
        1
      ]
    },
    {
      "name": "b_Neck_04",
      "world": [
        -0.01034106,
        0.006046281,
        0.021943219,
        0,
        0.002934101,
        0.02425481,
        -0.0053004827,
        0,
        -0.022571076,
        0.00038284014,
        -0.010742437,
        0,
        -0.45576575,
        1.1950793,
        -0.7903163,
        1
      ]
    },
    {
      "name": "b_Head_05",
      "world": [
        -0.010864386,
        -0.0037911665,
        0.022194412,
        0,
        -0.0012950818,
        0.024707483,
        0.0035864848,
        0,
        -0.022478608,
        0.00040885495,
        -0.010933665,
        0,
        -0.59409773,
        1.2759602,
        -0.49678254,
        1
      ]
    },
    {
      "name": "b_RightUpperArm_06",
      "world": [
        0.0047489223,
        -0.022694789,
        -0.009348483,
        0,
        -0.009719056,
        -0.010482266,
        0.020510048,
        0,
        -0.022538582,
        -0.00026168805,
        -0.010814057,
        0,
        -0.535698,
        1.1218575,
        -1.0362982,
        1
      ]
    },
    {
      "name": "b_RightForeArm_07",
      "world": [
        -0.0030983135,
        -0.02378939,
        0.0070331595,
        0,
        -0.010364015,
        0.0076809116,
        0.021414736,
        0,
        -0.022538582,
        -0.00026168852,
        -0.010814059,
        0,
        -0.4262585,
        0.5988531,
        -1.2517351,
        1
      ]
    },
    {
      "name": "b_RightHand_08",
      "world": [
        -0.004976972,
        -0.022342835,
        0.010051239,
        0,
        -0.009042268,
        0.011207595,
        0.020435931,
        0,
        -0.022769874,
        0.0004329219,
        -0.0103123905,
        0,
        -0.48469806,
        0.13740583,
        -1.1187693,
        1
      ]
    },
    {
      "name": "b_LeftUpperArm_09",
      "world": [
        0.0062543424,
        -0.020998007,
        -0.012040216,
        0,
        -0.009197686,
        -0.013564571,
        0.018878685,
        0,
        -0.02238941,
        -0.00029326588,
        -0.011118824,
        0,
        -0.22117412,
        1.1065782,
        -0.8872471,
        1
      ]
    },
    {
      "name": "b_LeftForeArm_010",
      "world": [
        -0.008062794,
        -0.016787542,
        0.016678417,
        0,
        -0.0076619606,
        0.01852275,
        0.014939946,
        0,
        -0.022389408,
        -0.00029326737,
        -0.0111188255,
        0,
        -0.07704207,
        0.6226767,
        -1.1647153,
        1
      ]
    },
    {
      "name": "b_LeftHand_011",
      "world": [
        0.0009377578,
        -0.024917196,
        -0.0018038448,
        0,
        -0.011499958,
        -0.0020330406,
        0.0221047,
        0,
        -0.022178175,
        6.1155555e-7,
        -0.011538128,
        0,
        -0.23193903,
        0.2951327,
        -0.84416795,
        1
      ]
    },
    {
      "name": "b_Tail01_012",
      "world": [
        0.010189829,
        -0.00652971,
        -0.021875339,
        0,
        -0.0037951472,
        -0.024106732,
        0.0054279417,
        0,
        -0.022511426,
        0.0011084125,
        -0.010816984,
        0,
        0.25038418,
        1.3381342,
        -2.2532382,
        1
      ]
    },
    {
      "name": "b_Tail02_013",
      "world": [
        0.0108625,
        0.0011676551,
        -0.022486504,
        0,
        -0.0004917532,
        -0.02494811,
        -0.0015330282,
        0,
        -0.022511426,
        0.0011084125,
        -0.010816984,
        0,
        0.3768595,
        1.257088,
        -2.5247533,
        1
      ]
    },
    {
      "name": "b_Tail03_014",
      "world": [
        0.010411841,
        -0.0049734064,
        -0.0221779,
        0,
        -0.003135181,
        -0.024475232,
        0.004016715,
        0,
        -0.022511426,
        0.0011084125,
        -0.010816984,
        0,
        0.64017004,
        1.2853923,
        -3.0698333,
        1
      ]
    },
    {
      "name": "b_LeftLeg01_015",
      "world": [
        -0.00676265,
        -0.015160287,
        0.01869311,
        0,
        -0.0061033783,
        0.019862534,
        0.013900669,
        0,
        -0.023281224,
        -0.0008034302,
        -0.009074092,
        0,
        0.29531807,
        1.2239481,
        -1.9558434,
        1
      ]
    },
    {
      "name": "b_LeftLeg02_016",
      "world": [
        0.005039015,
        -0.021881605,
        -0.010991077,
        0,
        -0.0075890063,
        -0.012064408,
        0.020539165,
        0,
        -0.023281222,
        -0.00080343115,
        -0.009074092,
        0,
        0.16720527,
        0.936749,
        -1.6017178,
        1
      ]
    },
    {
      "name": "b_LeftFoot01_017",
      "world": [
        -0.0026644482,
        -0.02367592,
        0.007573074,
        0,
        -0.008162343,
        0.00802745,
        0.022224678,
        0,
        -0.023479288,
        -0.00010390061,
        -0.008585589,
        0,
        0.25761935,
        0.54413146,
        -1.7989287,
        1
      ]
    },
    {
      "name": "b_LeftFoot02_018",
      "world": [
        -0.008545835,
        -0.002138938,
        0.023396453,
        0,
        -0.0008317984,
        0.024908118,
        0.0019733123,
        0,
        -0.023479288,
        -0.00010390061,
        -0.008585589,
        0,
        0.21557444,
        0.17052679,
        -1.679426,
        1
      ]
    },
    {
      "name": "b_RightLeg01_019",
      "world": [
        -0.00095998804,
        -0.024882767,
        -0.002219535,
        0,
        -0.0117277615,
        -0.0015123081,
        0.022026638,
        0,
        -0.022057608,
        0.0018870184,
        -0.011614692,
        0,
        -0.018391475,
        1.2393945,
        -2.106584,
        1
      ]
    },
    {
      "name": "b_RightLeg02_020",
      "world": [
        0.0105163725,
        -0.007909207,
        -0.02125677,
        0,
        -0.005278999,
        -0.023640713,
        0.0061845463,
        0,
        -0.022057608,
        0.0018870182,
        -0.011614693,
        0,
        -0.036577657,
        0.7680109,
        -2.1486316,
        1
      ]
    },
    {
      "name": "b_RightFoot01_021",
      "world": [
        0.0038917009,
        -0.023844738,
        -0.006425184,
        0,
        -0.012751885,
        -0.0075105587,
        0.020148965,
        0,
        -0.021148147,
        0.00014077894,
        -0.013331771,
        0,
        0.15211558,
        0.6260976,
        -2.5300376,
        1
      ]
    },
    {
      "name": "b_RightFoot02_022",
      "world": [
        -0.0101216175,
        -0.016440991,
        0.015882278,
        0,
        -0.008678064,
        0.018832792,
        0.013964853,
        0,
        -0.021148147,
        0.00014077894,
        -0.013331771,
        0,
        0.21352643,
        0.24982917,
        -2.6314268,
        1
      ]
    }
  ],
  "tick": 60,
  "epoch": 4,
  "incarnation": 1,
  "clock": 1000
}
state world:fox pose
{"entity":{"id":0,"name":"fox"},"pose":[{"name":"_rootJoint","world":[0.022511179,0,0.010874138,0,0,0.025,0,0,-0.010874138,0,0.022511179,0,-0.17344874,0,-1.362588,1]},{"name":"b_Root_00","world":[0.022511179,0,0.010874138,0,0.010874136,-9.238719e-8,-0.022511175,0,4.0185242e-8,0.024999997,-8.318978e-8,0,-0.17344874,0,-1.362588,1]},{"name":"b_Hip_01","world":[-0.0038726805,0.022421723,0.010357045,0,0.010160599,0.011001703,-0.020018104,0,-0.022511432,0.001108402,-0.010816973,0,0.10473257,1.0670356,-1.9778988,1]},{"name":"b_Spine01_02","world":[-0.010868053,-0.0030892163,0.02230117,0,-0.00034788996,0.024783624,0.003263555,0,-0.022511428,0.0011084052,-0.01081698,0,0.054966316,1.3551681,-1.8448046,1]},{"name":"b_Spine02_03","world":[-0.0107362745,-0.0036331264,0.022283014,0,-0.00057710335,0.024710285,0.0037508232,0,-0.022569876,0.0010964103,-0.010695726,0,-0.18038952,1.2882658,-1.3618565,1]},{"name":"b_Neck_04","world":[-0.01034106,0.006046281,0.021943219,0,0.002934101,0.02425481,-0.0053004827,0,-0.022571076,0.00038284014,-0.010742437,0,-0.45576575,1.1950793,-0.7903163,1]},{"name":"b_Head_05","world":[-0.010864386,-0.0037911665,0.022194412,0,-0.0012950818,0.024707483,0.0035864848,0,-0.022478608,0.00040885495,-0.010933665,0,-0.59409773,1.2759602,-0.49678254,1]},{"name":"b_RightUpperArm_06","world":[0.0047489223,-0.022694789,-0.009348483,0,-0.009719056,-0.010482266,0.020510048,0,-0.022538582,-0.00026168805,-0.010814057,0,-0.535698,1.1218575,-1.0362982,1]},{"name":"b_RightForeArm_07","world":[-0.0030983135,-0.02378939,0.0070331595,0,-0.010364015,0.0076809116,0.021414736,0,-0.022538582,-0.00026168852,-0.010814059,0,-0.4262585,0.5988531,-1.2517351,1]},{"name":"b_RightHand_08","world":[-0.004976972,-0.022342835,0.010051239,0,-0.009042268,0.011207595,0.020435931,0,-0.022769874,0.0004329219,-0.0103123905,0,-0.48469806,0.13740583,-1.1187693,1]},{"name":"b_LeftUpperArm_09","world":[0.0062543424,-0.020998007,-0.012040216,0,-0.009197686,-0.013564571,0.018878685,0,-0.02238941,-0.00029326588,-0.011118824,0,-0.22117412,1.1065782,-0.8872471,1]},{"name":"b_LeftForeArm_010","world":[-0.008062794,-0.016787542,0.016678417,0,-0.0076619606,0.01852275,0.014939946,0,-0.022389408,-0.00029326737,-0.0111188255,0,-0.07704207,0.6226767,-1.1647153,1]},{"name":"b_LeftHand_011","world":[0.0009377578,-0.024917196,-0.0018038448,0,-0.011499958,-0.0020330406,0.0221047,0,-0.022178175,6.1155555e-7,-0.011538128,0,-0.23193903,0.2951327,-0.84416795,1]},{"name":"b_Tail01_012","world":[0.010189829,-0.00652971,-0.021875339,0,-0.0037951472,-0.024106732,0.0054279417,0,-0.022511426,0.0011084125,-0.010816984,0,0.25038418,1.3381342,-2.2532382,1]},{"name":"b_Tail02_013","world":[0.0108625,0.0011676551,-0.022486504,0,-0.0004917532,-0.02494811,-0.0015330282,0,-0.022511426,0.0011084125,-0.010816984,0,0.3768595,1.257088,-2.5247533,1]},{"name":"b_Tail03_014","world":[0.010411841,-0.0049734064,-0.0221779,0,-0.003135181,-0.024475232,0.004016715,0,-0.022511426,0.0011084125,-0.010816984,0,0.64017004,1.2853923,-3.0698333,1]},{"name":"b_LeftLeg01_015","world":[-0.00676265,-0.015160287,0.01869311,0,-0.0061033783,0.019862534,0.013900669,0,-0.023281224,-0.0008034302,-0.009074092,0,0.29531807,1.2239481,-1.9558434,1]},{"name":"b_LeftLeg02_016","world":[0.005039015,-0.021881605,-0.010991077,0,-0.0075890063,-0.012064408,0.020539165,0,-0.023281222,-0.00080343115,-0.009074092,0,0.16720527,0.936749,-1.6017178,1]},{"name":"b_LeftFoot01_017","world":[-0.0026644482,-0.02367592,0.007573074,0,-0.008162343,0.00802745,0.022224678,0,-0.023479288,-0.00010390061,-0.008585589,0,0.25761935,0.54413146,-1.7989287,1]},{"name":"b_LeftFoot02_018","world":[-0.008545835,-0.002138938,0.023396453,0,-0.0008317984,0.024908118,0.0019733123,0,-0.023479288,-0.00010390061,-0.008585589,0,0.21557444,0.17052679,-1.679426,1]},{"name":"b_RightLeg01_019","world":[-0.00095998804,-0.024882767,-0.002219535,0,-0.0117277615,-0.0015123081,0.022026638,0,-0.022057608,0.0018870184,-0.011614692,0,-0.018391475,1.2393945,-2.106584,1]},{"name":"b_RightLeg02_020","world":[0.0105163725,-0.007909207,-0.02125677,0,-0.005278999,-0.023640713,0.0061845463,0,-0.022057608,0.0018870182,-0.011614693,0,-0.036577657,0.7680109,-2.1486316,1]},{"name":"b_RightFoot01_021","world":[0.0038917009,-0.023844738,-0.006425184,0,-0.012751885,-0.0075105587,0.020148965,0,-0.021148147,0.00014077894,-0.013331771,0,0.15211558,0.6260976,-2.5300376,1]},{"name":"b_RightFoot02_022","world":[-0.0101216175,-0.016440991,0.015882278,0,-0.008678064,0.018832792,0.013964853,0,-0.021148147,0.00014077894,-0.013331771,0,0.21352643,0.24982917,-2.6314268,1]}],"tick":60,"epoch":4,"incarnation":1,"clock":1000}
PASS all 24 joint world transforms match the native tick-60 pin
state world:*
{
  "entities": [
    {
      "components": {
        "Animator": {
          "current": 1,
          "fade_duration": 0.5,
          "fade_time": 0.5,
          "from": {
            "bytes": 1040,
            "hash": "0x2a40e877e7458b5f"
          },
          "from_motion": [
            0,
            0,
            0
          ],
          "params": [
            [
              "speed",
              {
                "Number": [
                  1.6
                ]
              }
            ]
          ],
          "playback": {
            "crossed": [],
            "motion_root": [
              "b_Root_00"
            ],
            "root_motion": [
              0,
              0,
              1.2160755
            ]
          },
          "since": 0.5000002,
          "states": [
            {
              "fade": 0,
              "looping": true,
              "name": "survey",
              "paused": false,
              "play": {
                "Clip": [
                  "Survey"
                ]
              },
              "speed": 1,
              "transitions": [
                [
                  "travel",
                  {
                    "Arg": [
                      "speed",
                      {
                        "Gt": {}
                      },
                      {
                        "Number": [
                          0.5
                        ]
                      }
                    ]
                  }
                ]
              ]
            },
            {
              "fade": 0.5,
              "looping": true,
              "name": "travel",
              "paused": false,
              "play": {
                "Blend": [
                  {
                    "axis": 0,
                    "clips": [
                      [
                        0,
                        "Survey"
                      ],
                      [
                        1,
                        "Walk"
                      ],
                      [
                        3,
                        "Run"
                      ]
                    ],
                    "parameter": "speed",
                    "playback": {
                      "crossed": [],
                      "motion_root": [],
                      "root_motion": [
                        0,
                        0,
                        0
                      ]
                    }
                  }
                ]
              },
              "speed": 1,
              "transitions": []
            }
          ]
        },
        "Mesh": {
          "Asset": [
            "fox.model"
          ]
        },
        "Pose": {
          "bounds": [
            -314.13297,
            -301.662,
            -389.63525,
            314.13297,
            380.44745,
            368.1651
          ],
          "crossed": [],
          "local": {
            "bytes": 1040,
            "hash": "0x3f5d46e62415ff9a"
          },
          "phase": 0.7392272,
          "previous": {
            "bytes": 1040,
            "hash": "0xbf659d923405238a"
          },
          "root_motion": [
            0,
            0,
            1.2160755
          ],
          "stepped": [
            59
          ]
        },
        "Socket": [
          "b_Head_05"
        ],
        "SocketPose": [
          {
            "position": [
              -0.08706677,
              51.038406,
              38.503193
            ],
            "rotation": [
              -0.048091456,
              0.7064294,
              0.05947673,
              -0.7036385
            ],
            "scale": [
              0.99999976,
              0.9999998,
              0.99999994
            ]
          }
        ],
        "Transform": {
          "position": [
            -0.17344874,
            0,
            -1.362588
          ],
          "rotation": [
            0,
            -0.22310635,
            0,
            0.9747941
          ],
          "scale": [
            0.025,
            0.025,
            0.025
          ]
        }
      },
      "id": 0,
      "name": "fox"
    },
    {
      "components": {
        "Material": {
          "color": [
            1,
            0.65,
            0.1,
            1
          ],
          "emissive": [
            0,
            0,
            0
          ],
          "grid_spacing": 0,
          "metallic": 0,
          "roughness": 0.5
        },
        "Mesh": {
          "Sphere": {
            "radius": 0.12
          }
        },
        "SocketFollow": {
          "authored": [
            {
              "position": [
                0,
                0,
                0
              ],
              "rotation": [
                0,
                0,
                0,
                1
              ],
              "scale": [
                1,
                1,
                1
              ]
            }
          ],
          "offset": {
            "position": [
              0,
              8,
              0
            ],
            "rotation": [
              0,
              0,
              0,
              1
            ],
            "scale": [
              40,
              40,
              40
            ]
          },
          "target": {
            "Name": [
              "fox"
            ]
          }
        },
        "Transform": {
          "position": [
            -0.6044584,
            1.47362,
            -0.46809068
          ],
          "rotation": [
            -0.06014891,
            0.84560955,
            0.04724805,
            -0.5282938
          ],
          "scale": [
            0.99999964,
            0.9999998,
            0.99999994
          ]
        }
      },
      "id": 1,
      "name": "charm"
    },
    {
      "components": {
        "Material": {
          "color": [
            0.13,
            0.21,
            0.22,
            1
          ],
          "emissive": [
            0,
            0,
            0
          ],
          "grid_spacing": 1,
          "metallic": 0,
          "roughness": 0.5
        },
        "Mesh": {
          "Plane": {
            "depth": 18,
            "width": 18
          }
        },
        "Transform": {
          "position": [
            0,
            0,
            0
          ],
          "rotation": [
            0,
            0,
            0,
            1
          ],
          "scale": [
            1,
            1,
            1
          ]
        }
      },
      "id": 2,
      "name": null
    },
    {
      "components": {
        "Camera": {
          "active": true,
          "far": 1000,
          "fov_y_degrees": 60,
          "near": 0.1
        },
        "Transform": {
          "position": [
            6,
            3.4,
            7
          ],
          "rotation": [
            -0.123811424,
            0.34390986,
            0.045800827,
            0.92967683
          ],
          "scale": [
            1,
            1,
            1
          ]
        }
      },
      "id": 3,
      "name": "camera"
    },
    {
      "components": {
        "DirectionalLight": {
          "color": [
            1,
            1,
            1
          ],
          "illuminance": 10000,
          "shadows": true
        },
        "Transform": {
          "position": [
            4,
            7,
            3
          ],
          "rotation": [
            -0.40927342,
            0.3976479,
            0.20463674,
            0.7952958
          ],
          "scale": [
            1,
            1,
            1
          ]
        }
      },
      "id": 4,
      "name": null
    }
  ],
  "hash": "0xb863e854ca85b74e",
  "tick": 60,
  "truncated": false,
  "epoch": 4,
  "incarnation": 1,
  "clock": 1000
}
PASS tick-60 cross-host hash
layout world:fox
#0 fox world -0.1734,0,-1.3626 · screen -33826.3203,-39290.8008 38673.7188×54239.9297 · depth 10.8955 · in frustum
PASS animated bounds are available through layout: {"max":[11.135,9.5112,10.3412],"min":[-11.2484,-7.5415,-13.5497]}
clock +0
{"clock":1000,"world":[{"canvas":7,"changing":["published.tick","fox.Animator","fox.Pose","fox.SocketPose","fox.Transform","charm.Transform"],"hash":"0xb863e854ca85b74e","ownership":{"clock":"controlled","contamination":0,"handoff":"clock owner human/agent","inputSource":"unavailable","owner":"agent"},"quiescent":false,"settleAt":1100,"tick":60}],"epoch":4,"incarnation":1}
clock +1000
{"clock":2000,"world":[{"canvas":7,"changing":["published.tick","fox.Animator","fox.Pose","fox.SocketPose","fox.Transform","charm.Transform"],"hash":"0x409341e24939d7c2","ownership":{"clock":"controlled","contamination":0,"handoff":"clock owner human/agent","inputSource":"unavailable","owner":"agent"},"quiescent":false,"settleAt":2100,"tick":120}],"epoch":5,"incarnation":1}
state world:*
{
  "entities": [
    {
      "components": {
        "Animator": {
          "current": 1,
          "fade_duration": 0.5,
          "fade_time": 0.5,
          "from": {
            "bytes": 1040,
            "hash": "0x2a40e877e7458b5f"
          },
          "from_motion": [
            0,
            0,
            0
          ],
          "params": [
            [
              "speed",
              {
                "Number": [
                  1.6
                ]
              }
            ]
          ],
          "playback": {
            "crossed": [],
            "motion_root": [
              "b_Root_00"
            ],
            "root_motion": [
              0,
              0,
              1.2160755
            ]
          },
          "since": 1.4999993,
          "states": [
            {
              "fade": 0,
              "looping": true,
              "name": "survey",
              "paused": false,
              "play": {
                "Clip": [
                  "Survey"
                ]
              },
              "speed": 1,
              "transitions": [
                [
                  "travel",
                  {
                    "Arg": [
                      "speed",
                      {
                        "Gt": {}
                      },
                      {
                        "Number": [
                          0.5
                        ]
                      }
                    ]
                  }
                ]
              ]
            },
            {
              "fade": 0.5,
              "looping": true,
              "name": "travel",
              "paused": false,
              "play": {
                "Blend": [
                  {
                    "axis": 0,
                    "clips": [
                      [
                        0,
                        "Survey"
                      ],
                      [
                        1,
                        "Walk"
                      ],
                      [
                        3,
                        "Run"
                      ]
                    ],
                    "parameter": "speed",
                    "playback": {
                      "crossed": [],
                      "motion_root": [],
                      "root_motion": [
                        0,
                        0,
                        0
                      ]
                    }
                  }
                ]
              },
              "speed": 1,
              "transitions": []
            }
          ]
        },
        "Mesh": {
          "Asset": [
            "fox.model"
          ]
        },
        "Pose": {
          "bounds": [
            -314.13297,
            -301.662,
            -389.63525,
            314.13297,
            380.44745,
            368.1651
          ],
          "crossed": [],
          "local": {
            "bytes": 1040,
            "hash": "0x61485e5f5ec06507"
          },
          "phase": 0.9249989,
          "previous": {
            "bytes": 1040,
            "hash": "0x4837d156edb9fab1"
          },
          "root_motion": [
            0,
            0,
            1.2160755
          ],
          "stepped": [
            119
          ]
        },
        "Socket": [
          "b_Head_05"
        ],
        "SocketPose": [
          {
            "position": [
              0.045541957,
              55.038826,
              39.035305
            ],
            "rotation": [
              -0.06152605,
              0.70453817,
              0.064808525,
              -0.7040173
            ],
            "scale": [
              1,
              1,
              1
            ]
          }
        ],
        "Transform": {
          "position": [
            -1.3090284,
            0,
            0.045278545
          ],
          "rotation": [
            0,
            -0.43496552,
            0,
            0.90044713
          ],
          "scale": [
            0.025,
            0.025,
            0.025
          ]
        }
      },
      "id": 0,
      "name": "fox"
    },
    {
      "components": {
        "Material": {
          "color": [
            1,
            0.65,
            0.1,
            1
          ],
          "emissive": [
            0,
            0,
            0
          ],
          "grid_spacing": 0,
          "metallic": 0,
          "roughness": 0.5
        },
        "Mesh": {
          "Sphere": {
            "radius": 0.12
          }
        },
        "SocketFollow": {
          "authored": [
            {
              "position": [
                0,
                0,
                0
              ],
              "rotation": [
                0,
                0,
                0,
                1
              ],
              "scale": [
                1,
                1,
                1
              ]
            }
          ],
          "offset": {
            "position": [
              0,
              8,
              0
            ],
            "rotation": [
              0,
              0,
              0,
              1
            ],
            "scale": [
              40,
              40,
              40
            ]
          },
          "target": {
            "Name": [
              "fox"
            ]
          }
        },
        "Transform": {
          "position": [
            -2.1000679,
            1.5727764,
            0.6756261
          ],
          "rotation": [
            -0.08359043,
            0.9406226,
            0.03159494,
            -0.32748055
          ],
          "scale": [
            1,
            1,
            0.99999994
          ]
        }
      },
      "id": 1,
      "name": "charm"
    },
    {
      "components": {
        "Material": {
          "color": [
            0.13,
            0.21,
            0.22,
            1
          ],
          "emissive": [
            0,
            0,
            0
          ],
          "grid_spacing": 1,
          "metallic": 0,
          "roughness": 0.5
        },
        "Mesh": {
          "Plane": {
            "depth": 18,
            "width": 18
          }
        },
        "Transform": {
          "position": [
            0,
            0,
            0
          ],
          "rotation": [
            0,
            0,
            0,
            1
          ],
          "scale": [
            1,
            1,
            1
          ]
        }
      },
      "id": 2,
      "name": null
    },
    {
      "components": {
        "Camera": {
          "active": true,
          "far": 1000,
          "fov_y_degrees": 60,
          "near": 0.1
        },
        "Transform": {
          "position": [
            6,
            3.4,
            7
          ],
          "rotation": [
            -0.123811424,
            0.34390986,
            0.045800827,
            0.92967683
          ],
          "scale": [
            1,
            1,
            1
          ]
        }
      },
      "id": 3,
      "name": "camera"
    },
    {
      "components": {
        "DirectionalLight": {
          "color": [
            1,
            1,
            1
          ],
          "illuminance": 10000,
          "shadows": true
        },
        "Transform": {
          "position": [
            4,
            7,
            3
          ],
          "rotation": [
            -0.40927342,
            0.3976479,
            0.20463674,
            0.7952958
          ],
          "scale": [
            1,
            1,
            1
          ]
        }
      },
      "id": 4,
      "name": null
    }
  ],
  "hash": "0x409341e24939d7c2",
  "tick": 120,
  "truncated": false,
  "epoch": 5,
  "incarnation": 1,
  "clock": 2000
}
PASS tick-120 cross-host hash: "0x409341e24939d7c2"
screenshot /home/ccheever/lanes/gamenext/exact2-i1/game/games/skinned-fixture/artifacts/fox-120-reference-linux.world world save
{"bytes":18172,"hash":"0x409341e24939d7c2","tick":120,"epoch":5,"incarnation":1,"clock":2000,"screenshot":"/home/ccheever/lanes/gamenext/exact2-i1/game/games/skinned-fixture/artifacts/fox-120-reference-linux.world"}
logs 
t=0 boot: 6 nodes, epoch 1
t=0 trust roots: the system's trust store (121 roots)
t=0 press view 5 (play) → epoch 2 (+4 −5 ~1)
t=0 surface world (1 asked again) → epoch 2 (+0 −0 ~0)
t=750 surface world (1 asked again) → epoch 3 (+0 −0 ~1)
t=1000 surface world (1 asked again) → epoch 4 (+0 −0 ~1)
t=2000 surface world (1 asked again) → epoch 5 (+0 −0 ~1)
world t=0 tick=0 spawn #0
world t=0 tick=0 spawn #1
world t=0 tick=0 spawn #2
world t=0 tick=0 spawn #3
world t=0 tick=0 spawn #4
world t=0 tick=0 publish motion: {"Str":["survey"]}
world t=0 tick=0 publish tick: {"Number":[1.0]}
world t=16 tick=1 publish tick: {"Number":[2.0]}
world t=33 tick=2 publish tick: {"Number":[3.0]}
world t=50 tick=3 publish tick: {"Number":[4.0]}
world t=66 tick=4 publish tick: {"Number":[5.0]}
world t=83 tick=5 publish tick: {"Number":[6.0]}
world t=100 tick=6 publish tick: {"Number":[7.0]}
world t=116 tick=7 publish tick: {"Number":[8.0]}
world t=133 tick=8 publish tick: {"Number":[9.0]}
world t=150 tick=9 publish tick: {"Number":[10.0]}
world t=166 tick=10 publish tick: {"Number":[11.0]}
world t=183 tick=11 publish tick: {"Number":[12.0]}
world t=200 tick=12 publish tick: {"Number":[13.0]}
world t=216 tick=13 publish tick: {"Number":[14.0]}
world t=233 tick=14 publish tick: {"Number":[15.0]}
world t=250 tick=15 publish tick: {"Number":[16.0]}
world t=266 tick=16 publish tick: {"Number":[17.0]}
world t=283 tick=17 publish tick: {"Number":[18.0]}
world t=300 tick=18 publish tick: {"Number":[19.0]}
world t=316 tick=19 publish tick: {"Number":[20.0]}
world t=333 tick=20 publish tick: {"Number":[21.0]}
world t=350 tick=21 publish tick: {"Number":[22.0]}
world t=366 tick=22 publish tick: {"Number":[23.0]}
world t=383 tick=23 publish tick: {"Number":[24.0]}
world t=400 tick=24 publish tick: {"Number":[25.0]}
world t=416 tick=25 publish tick: {"Number":[26.0]}
world t=433 tick=26 publish tick: {"Number":[27.0]}
world t=450 tick=27 publish tick: {"Number":[28.0]}
world t=466 tick=28 publish tick: {"Number":[29.0]}
world t=483 tick=29 publish tick: {"Number":[30.0]}
world t=500 tick=30 publish motion: {"Str":["travel"]}
world t=500 tick=30 publish tick: {"Number":[31.0]}
world t=516 tick=31 publish tick: {"Number":[32.0]}
world t=533 tick=32 publish tick: {"Number":[33.0]}
world t=550 tick=33 publish tick: {"Number":[34.0]}
world t=566 tick=34 publish tick: {"Number":[35.0]}
world t=583 tick=35 publish tick: {"Number":[36.0]}
world t=600 tick=36 publish tick: {"Number":[37.0]}
world t=616 tick=37 publish tick: {"Number":[38.0]}
world t=633 tick=38 publish tick: {"Number":[39.0]}
world t=650 tick=39 publish tick: {"Number":[40.0]}
world t=666 tick=40 publish tick: {"Number":[41.0]}
world t=683 tick=41 publish tick: {"Number":[42.0]}
world t=700 tick=42 publish tick: {"Number":[43.0]}
world t=716 tick=43 publish tick: {"Number":[44.0]}
world t=733 tick=44 publish tick: {"Number":[45.0]}
world t=750 tick=45 publish tick: {"Number":[46.0]}
world t=766 tick=46 publish tick: {"Number":[47.0]}
world t=783 tick=47 publish tick: {"Number":[48.0]}
world t=800 tick=48 publish tick: {"Number":[49.0]}
world t=816 tick=49 publish tick: {"Number":[50.0]}
world t=833 tick=50 publish tick: {"Number":[51.0]}
world t=850 tick=51 publish tick: {"Number":[52.0]}
world t=866 tick=52 publish tick: {"Number":[53.0]}
world t=883 tick=53 publish tick: {"Number":[54.0]}
world t=900 tick=54 publish tick: {"Number":[55.0]}
world t=916 tick=55 publish tick: {"Number":[56.0]}
world t=933 tick=56 publish tick: {"Number":[57.0]}
world t=950 tick=57 publish tick: {"Number":[58.0]}
world t=966 tick=58 publish tick: {"Number":[59.0]}
world t=983 tick=59 publish tick: {"Number":[60.0]}
world t=1000 tick=60 animation fox travel step
world t=1000 tick=60 fox footstep
world t=1000 tick=60 publish tick: {"Number":[61.0]}
world t=1016 tick=61 publish tick: {"Number":[62.0]}
world t=1033 tick=62 publish tick: {"Number":[63.0]}
world t=1050 tick=63 publish tick: {"Number":[64.0]}
world t=1066 tick=64 publish tick: {"Number":[65.0]}
world t=1083 tick=65 publish tick: {"Number":[66.0]}
world t=1100 tick=66 publish tick: {"Number":[67.0]}
world t=1116 tick=67 publish tick: {"Number":[68.0]}
world t=1133 tick=68 publish tick: {"Number":[69.0]}
world t=1150 tick=69 publish tick: {"Number":[70.0]}
world t=1166 tick=70 publish tick: {"Number":[71.0]}
world t=1183 tick=71 publish tick: {"Number":[72.0]}
world t=1200 tick=72 publish tick: {"Number":[73.0]}
world t=1216 tick=73 publish tick: {"Number":[74.0]}
world t=1233 tick=74 publish tick: {"Number":[75.0]}
world t=1250 tick=75 publish tick: {"Number":[76.0]}
world t=1266 tick=76 publish tick: {"Number":[77.0]}
world t=1283 tick=77 publish tick: {"Number":[78.0]}
world t=1300 tick=78 publish tick: {"Number":[79.0]}
world t=1316 tick=79 publish tick: {"Number":[80.0]}
world t=1333 tick=80 publish tick: {"Number":[81.0]}
world t=1350 tick=81 publish tick: {"Number":[82.0]}
world t=1366 tick=82 publish tick: {"Number":[83.0]}
world t=1383 tick=83 publish tick: {"Number":[84.0]}
world t=1400 tick=84 publish tick: {"Number":[85.0]}
world t=1416 tick=85 animation fox travel step
world t=1416 tick=85 fox footstep
world t=1416 tick=85 publish tick: {"Number":[86.0]}
world t=1433 tick=86 publish tick: {"Number":[87.0]}
world t=1450 tick=87 publish tick: {"Number":[88.0]}
world t=1466 tick=88 publish tick: {"Number":[89.0]}
world t=1483 tick=89 publish tick: {"Number":[90.0]}
world t=1500 tick=90 publish tick: {"Number":[91.0]}
world t=1516 tick=91 publish tick: {"Number":[92.0]}
world t=1533 tick=92 publish tick: {"Number":[93.0]}
world t=1550 tick=93 publish tick: {"Number":[94.0]}
world t=1566 tick=94 publish tick: {"Number":[95.0]}
world t=1583 tick=95 publish tick: {"Number":[96.0]}
world t=1600 tick=96 publish tick: {"Number":[97.0]}
world t=1616 tick=97 publish tick: {"Number":[98.0]}
world t=1633 tick=98 publish tick: {"Number":[99.0]}
world t=1650 tick=99 publish tick: {"Number":[100.0]}
world t=1666 tick=100 publish tick: {"Number":[101.0]}
world t=1683 tick=101 publish tick: {"Number":[102.0]}
world t=1700 tick=102 publish tick: {"Number":[103.0]}
world t=1716 tick=103 publish tick: {"Number":[104.0]}
world t=1733 tick=104 publish tick: {"Number":[105.0]}
world t=1750 tick=105 publish tick: {"Number":[106.0]}
world t=1766 tick=106 publish tick: {"Number":[107.0]}
world t=1783 tick=107 publish tick: {"Number":[108.0]}
world t=1800 tick=108 publish tick: {"Number":[109.0]}
world t=1816 tick=109 publish tick: {"Number":[110.0]}
world t=1833 tick=110 publish tick: {"Number":[111.0]}
world t=1850 tick=111 animation fox travel step
world t=1850 tick=111 fox footstep
world t=1850 tick=111 publish tick: {"Number":[112.0]}
world t=1866 tick=112 publish tick: {"Number":[113.0]}
world t=1883 tick=113 publish tick: {"Number":[114.0]}
world t=1900 tick=114 publish tick: {"Number":[115.0]}
world t=1916 tick=115 publish tick: {"Number":[116.0]}
world t=1933 tick=116 publish tick: {"Number":[117.0]}
world t=1950 tick=117 publish tick: {"Number":[118.0]}
world t=1966 tick=118 publish tick: {"Number":[119.0]}
world t=1983 tick=119 publish tick: {"Number":[120.0]}
PASS fixture consumes step markers
PASS clip root motion advances the fox
tap play
{"tapped":5,"at":[640,422.5],"epoch":3,"incarnation":1,"clock":0,"target":"play","delivery":"platform","carrier":"linux","mode":"agent"}
state world:*
{
  "entities": [
    {
      "components": {
        "Animator": {
          "current": 1,
          "fade_duration": 0.5,
          "fade_time": 0.25,
          "from": {
            "bytes": 1040,
            "hash": "0x2a40e877e7458b5f"
          },
          "from_motion": [
            0,
            0,
            0
          ],
          "params": [
            [
              "speed",
              {
                "Number": [
                  1.6
                ]
              }
            ]
          ],
          "playback": {
            "crossed": [],
            "motion_root": [
              "b_Root_00"
            ],
            "root_motion": [
              0,
              0,
              0.6080369
            ]
          },
          "since": 0.25,
          "states": [
            {
              "fade": 0,
              "looping": true,
              "name": "survey",
              "paused": false,
              "play": {
                "Clip": [
                  "Survey"
                ]
              },
              "speed": 1,
              "transitions": [
                [
                  "travel",
                  {
                    "Arg": [
                      "speed",
                      {
                        "Gt": {}
                      },
                      {
                        "Number": [
                          0.5
                        ]
                      }
                    ]
                  }
                ]
              ]
            },
            {
              "fade": 0.5,
              "looping": true,
              "name": "travel",
              "paused": false,
              "play": {
                "Blend": [
                  {
                    "axis": 0,
                    "clips": [
                      [
                        0,
                        "Survey"
                      ],
                      [
                        1,
                        "Walk"
                      ],
                      [
                        3,
                        "Run"
                      ]
                    ],
                    "parameter": "speed",
                    "playback": {
                      "crossed": [],
                      "motion_root": [],
                      "root_motion": [
                        0,
                        0,
                        0
                      ]
                    }
                  }
                ]
              },
              "speed": 1,
              "transitions": []
            }
          ]
        },
        "Mesh": {
          "Asset": [
            "fox.model"
          ]
        },
        "Pose": {
          "bounds": [
            -314.13297,
            -301.662,
            -389.63525,
            314.13297,
            380.44745,
            368.1651
          ],
          "crossed": [],
          "local": {
            "bytes": 1040,
            "hash": "0x9c6b4ebd4535e3a5"
          },
          "phase": 0.44278413,
          "previous": {
            "bytes": 1040,
            "hash": "0xe1b9991d69ab599b"
          },
          "root_motion": [
            0,
            0,
            0.6080369
          ],
          "stepped": [
            44
          ]
        },
        "Socket": [
          "b_Head_05"
        ],
        "SocketPose": [
          {
            "position": [
              -1.2108656,
              57.322777,
              38.70331
            ],
            "rotation": [
              -0.11682378,
              0.76578844,
              0.10145802,
              -0.6242007
            ],
            "scale": [
              1,
              1,
              1
            ]
          }
        ],
        "Transform": {
          "position": [
            -0.036214516,
            0,
            -1.6839576
          ],
          "rotation": [
            0,
            -0.16795024,
            0,
            0.9857955
          ],
          "scale": [
            0.025,
            0.025,
            0.025
          ]
        }
      },
      "id": 0,
      "name": "fox"
    },
    {
      "components": {
        "Material": {
          "color": [
            1,
            0.65,
            0.1,
            1
          ],
          "emissive": [
            0,
            0,
            0
          ],
          "grid_spacing": 0,
          "metallic": 0,
          "roughness": 0.5
        },
        "Mesh": {
          "Sphere": {
            "radius": 0.12
          }
        },
        "SocketFollow": {
          "authored": [
            {
              "position": [
                0,
                0,
                0
              ],
              "rotation": [
                0,
                0,
                0,
                1
              ],
              "scale": [
                1,
                1,
                1
              ]
            }
          ],
          "offset": {
            "position": [
              0,
              8,
              0
            ],
            "rotation": [
              0,
              0,
              0,
              1
            ],
            "scale": [
              40,
              40,
              40
            ]
          },
          "target": {
            "Name": [
              "fox"
            ]
          }
        },
        "Transform": {
          "position": [
            -0.41498592,
            1.6234928,
            -0.7275977
          ],
          "rotation": [
            -0.13220425,
            0.85974544,
            0.08039627,
            -0.4867199
          ],
          "scale": [
            0.99999994,
            1,
            1
          ]
        }
      },
      "id": 1,
      "name": "charm"
    },
    {
      "components": {
        "Material": {
          "color": [
            0.13,
            0.21,
            0.22,
            1
          ],
          "emissive": [
            0,
            0,
            0
          ],
          "grid_spacing": 1,
          "metallic": 0,
          "roughness": 0.5
        },
        "Mesh": {
          "Plane": {
            "depth": 18,
            "width": 18
          }
        },
        "Transform": {
          "position": [
            0,
            0,
            0
          ],
          "rotation": [
            0,
            0,
            0,
            1
          ],
          "scale": [
            1,
            1,
            1
          ]
        }
      },
      "id": 2,
      "name": null
    },
    {
      "components": {
        "Camera": {
          "active": true,
          "far": 1000,
          "fov_y_degrees": 60,
          "near": 0.1
        },
        "Transform": {
          "position": [
            6,
            3.4,
            7
          ],
          "rotation": [
            -0.123811424,
            0.34390986,
            0.045800827,
            0.92967683
          ],
          "scale": [
            1,
            1,
            1
          ]
        }
      },
      "id": 3,
      "name": "camera"
    },
    {
      "components": {
        "DirectionalLight": {
          "color": [
            1,
            1,
            1
          ],
          "illuminance": 10000,
          "shadows": true
        },
        "Transform": {
          "position": [
            4,
            7,
            3
          ],
          "rotation": [
            -0.40927342,
            0.3976479,
            0.20463674,
            0.7952958
          ],
          "scale": [
            1,
            1,
            1
          ]
        }
      },
      "id": 4,
      "name": null
    }
  ],
  "hash": "0x1f9f91652dc258e6",
  "tick": 45,
  "truncated": false,
  "epoch": 3,
  "incarnation": 1,
  "clock": 0
}
PASS fresh process restores mid-transition exactly
clock +0
{"clock":0,"world":[{"canvas":7,"changing":["not observed"],"hash":"0x1f9f91652dc258e6","ownership":{"clock":"controlled","contamination":0,"handoff":"clock owner human/agent","inputSource":"unavailable","owner":"agent"},"quiescent":false,"settleAt":100,"tick":45}],"epoch":3,"incarnation":1}
clock +1250
{"clock":1250,"world":[{"canvas":7,"changing":["published.tick","fox.Animator","fox.Pose","fox.SocketPose","fox.Transform","charm.Transform"],"hash":"0x409341e24939d7c2","ownership":{"clock":"controlled","contamination":0,"handoff":"clock owner human/agent","inputSource":"unavailable","owner":"agent"},"quiescent":false,"settleAt":1350,"tick":120}],"epoch":4,"incarnation":1}
state world:*
{
  "entities": [
    {
      "components": {
        "Animator": {
          "current": 1,
          "fade_duration": 0.5,
          "fade_time": 0.5,
          "from": {
            "bytes": 1040,
            "hash": "0x2a40e877e7458b5f"
          },
          "from_motion": [
            0,
            0,
            0
          ],
          "params": [
            [
              "speed",
              {
                "Number": [
                  1.6
                ]
              }
            ]
          ],
          "playback": {
            "crossed": [],
            "motion_root": [
              "b_Root_00"
            ],
            "root_motion": [
              0,
              0,
              1.2160755
            ]
          },
          "since": 1.4999993,
          "states": [
            {
              "fade": 0,
              "looping": true,
              "name": "survey",
              "paused": false,
              "play": {
                "Clip": [
                  "Survey"
                ]
              },
              "speed": 1,
              "transitions": [
                [
                  "travel",
                  {
                    "Arg": [
                      "speed",
                      {
                        "Gt": {}
                      },
                      {
                        "Number": [
                          0.5
                        ]
                      }
                    ]
                  }
                ]
              ]
            },
            {
              "fade": 0.5,
              "looping": true,
              "name": "travel",
              "paused": false,
              "play": {
                "Blend": [
                  {
                    "axis": 0,
                    "clips": [
                      [
                        0,
                        "Survey"
                      ],
                      [
                        1,
                        "Walk"
                      ],
                      [
                        3,
                        "Run"
                      ]
                    ],
                    "parameter": "speed",
                    "playback": {
                      "crossed": [],
                      "motion_root": [],
                      "root_motion": [
                        0,
                        0,
                        0
                      ]
                    }
                  }
                ]
              },
              "speed": 1,
              "transitions": []
            }
          ]
        },
        "Mesh": {
          "Asset": [
            "fox.model"
          ]
        },
        "Pose": {
          "bounds": [
            -314.13297,
            -301.662,
            -389.63525,
            314.13297,
            380.44745,
            368.1651
          ],
          "crossed": [],
          "local": {
            "bytes": 1040,
            "hash": "0x61485e5f5ec06507"
          },
          "phase": 0.9249989,
          "previous": {
            "bytes": 1040,
            "hash": "0x4837d156edb9fab1"
          },
          "root_motion": [
            0,
            0,
            1.2160755
          ],
          "stepped": [
            119
          ]
        },
        "Socket": [
          "b_Head_05"
        ],
        "SocketPose": [
          {
            "position": [
              0.045541957,
              55.038826,
              39.035305
            ],
            "rotation": [
              -0.06152605,
              0.70453817,
              0.064808525,
              -0.7040173
            ],
            "scale": [
              1,
              1,
              1
            ]
          }
        ],
        "Transform": {
          "position": [
            -1.3090284,
            0,
            0.045278545
          ],
          "rotation": [
            0,
            -0.43496552,
            0,
            0.90044713
          ],
          "scale": [
            0.025,
            0.025,
            0.025
          ]
        }
      },
      "id": 0,
      "name": "fox"
    },
    {
      "components": {
        "Material": {
          "color": [
            1,
            0.65,
            0.1,
            1
          ],
          "emissive": [
            0,
            0,
            0
          ],
          "grid_spacing": 0,
          "metallic": 0,
          "roughness": 0.5
        },
        "Mesh": {
          "Sphere": {
            "radius": 0.12
          }
        },
        "SocketFollow": {
          "authored": [
            {
              "position": [
                0,
                0,
                0
              ],
              "rotation": [
                0,
                0,
                0,
                1
              ],
              "scale": [
                1,
                1,
                1
              ]
            }
          ],
          "offset": {
            "position": [
              0,
              8,
              0
            ],
            "rotation": [
              0,
              0,
              0,
              1
            ],
            "scale": [
              40,
              40,
              40
            ]
          },
          "target": {
            "Name": [
              "fox"
            ]
          }
        },
        "Transform": {
          "position": [
            -2.1000679,
            1.5727764,
            0.6756261
          ],
          "rotation": [
            -0.08359043,
            0.9406226,
            0.03159494,
            -0.32748055
          ],
          "scale": [
            1,
            1,
            0.99999994
          ]
        }
      },
      "id": 1,
      "name": "charm"
    },
    {
      "components": {
        "Material": {
          "color": [
            0.13,
            0.21,
            0.22,
            1
          ],
          "emissive": [
            0,
            0,
            0
          ],
          "grid_spacing": 1,
          "metallic": 0,
          "roughness": 0.5
        },
        "Mesh": {
          "Plane": {
            "depth": 18,
            "width": 18
          }
        },
        "Transform": {
          "position": [
            0,
            0,
            0
          ],
          "rotation": [
            0,
            0,
            0,
            1
          ],
          "scale": [
            1,
            1,
            1
          ]
        }
      },
      "id": 2,
      "name": null
    },
    {
      "components": {
        "Camera": {
          "active": true,
          "far": 1000,
          "fov_y_degrees": 60,
          "near": 0.1
        },
        "Transform": {
          "position": [
            6,
            3.4,
            7
          ],
          "rotation": [
            -0.123811424,
            0.34390986,
            0.045800827,
            0.92967683
          ],
          "scale": [
            1,
            1,
            1
          ]
        }
      },
      "id": 3,
      "name": "camera"
    },
    {
      "components": {
        "DirectionalLight": {
          "color": [
            1,
            1,
            1
          ],
          "illuminance": 10000,
          "shadows": true
        },
        "Transform": {
          "position": [
            4,
            7,
            3
          ],
          "rotation": [
            -0.40927342,
            0.3976479,
            0.20463674,
            0.7952958
          ],
          "scale": [
            1,
            1,
            1
          ]
        }
      },
      "id": 4,
      "name": null
    }
  ],
  "hash": "0x409341e24939d7c2",
  "tick": 120,
  "truncated": false,
  "epoch": 4,
  "incarnation": 1,
  "clock": 1250
}
PASS fresh-process continuation is identical at tick 120
screenshot /home/ccheever/lanes/gamenext/exact2-i1/game/games/skinned-fixture/artifacts/fox-120-linux.world world save
{"bytes":18172,"hash":"0x409341e24939d7c2","tick":120,"epoch":4,"incarnation":1,"clock":1250,"screenshot":"/home/ccheever/lanes/gamenext/exact2-i1/game/games/skinned-fixture/artifacts/fox-120-linux.world"}
PASS fresh continuation saves byte-identically
PASS literal CLI state world:fox pose forwards pose:true: ".0000076102165,0,-0.17418896,0.39836162,-2.748441,1]},{\"name\":\"b_RightFoot02_022\",\"world\":[0.000007681286,-0.0021662677,0.024905968,0,-4.96685e-7,0.024905976,0.002166267,0,-0.025,-0.0000011603389,0.0000076102165,0,-0.17413318,0.024615204,-2.6221771,1]}],\"tick\":0,\"epoch\":2,\"incarnation\":1,\"clock\":0}\n"
PASS all recorded children exited: []
PROOF PASS skinned-fixture linux: 0 failures; 22.900 s
