1791686122.183545 down at=1083,643 clicks=1 hit=NodeView: responder=ExactWindow marked=false source=- key=true
1791686122.241551 up at=1083,643 clicks=1 hit=NodeView: responder=NodeView marked=false source=- key=true
1791686125.600596 down at=128,544 clicks=1 hit=NodeView:settings-integrations responder=ExactWindow marked=false source=- key=true
1791686125.6670709 up at=128,544 clicks=1 hit=NodeView:settings-integrations responder=NodeView marked=false source=- key=true
1791686127.628454 down at=1118,498 clicks=1 hit=NodeView: responder=NodeView marked=false source=- key=true
1791686127.6931329 up at=1118,498 clicks=1 hit=NodeView: responder=NodeView marked=false source=- key=true
1791686135.8508592 down at=1069,396 clicks=1 hit=NodeView: responder=NodeView marked=false source=- key=true
1791686135.917067 up at=1069,396 clicks=1 hit=NodeView: responder=NodeView marked=false source=- key=true
1791686170.645747 down at=1118,498 clicks=1 hit=NodeView: responder=NodeView marked=false source=- key=true
1791686170.709651 up at=1118,498 clicks=1 hit=NodeView: responder=NodeView marked=false source=- key=true
1791686171.958171 down at=1068,368 clicks=1 hit=NodeView: responder=NodeView marked=false source=- key=true
1791686172.016336 up at=1068,368 clicks=1 hit=NodeView: responder=NodeView marked=false source=- key=true
1791686179.899475 down at=826,360 clicks=1 hit=NodeView: responder=NodeView marked=false source=- key=true
1791686179.9657001 up at=826,360 clicks=1 hit=NodeView: responder=NodeView marked=false source=- key=true
1791686204.986676 down at=826,360 clicks=1 hit=NodeView: responder=NodeView marked=false source=- key=true
1791686205.044794 up at=826,360 clicks=1 hit=NodeView: responder=NodeView marked=false source=- key=true
1791686216.752285 down at=1118,498 clicks=1 hit=NodeView: responder=NodeView marked=false source=- key=true
1791686216.817483 up at=1118,498 clicks=1 hit=NodeView: responder=NodeView marked=false source=- key=true
1791686218.0655541 down at=1068,284 clicks=1 hit=NodeView: responder=NodeView marked=false source=- key=true
1791686218.1319551 up at=1068,284 clicks=1 hit=NodeView: responder=NodeView marked=false source=- key=true
1791686234.352804 down at=445,368 clicks=1 hit=NodeView: responder=NodeView marked=false source=- key=true
1791686234.4192948 up at=445,368 clicks=1 hit=NodeView: responder=NodeView marked=false source=- key=true
1791686235.656594 down at=836,292 clicks=1 hit=NodeView: responder=NodeView marked=false source=- key=true
1791686235.723064 up at=836,292 clicks=1 hit=NodeView: responder=NodeView marked=false source=- key=true
1791686259.543688 down at=1118,498 clicks=1 hit=NodeView: responder=NodeView marked=false source=- key=true
1791686259.5988111 up at=1118,498 clicks=1 hit=NodeView: responder=NodeView marked=false source=- key=true
1791686260.840322 down at=1068,461 clicks=1 hit=NodeView: responder=NodeView marked=false source=- key=true
1791686260.906806 up at=1068,461 clicks=1 hit=NodeView: responder=NodeView marked=false source=- key=true
1791686268.7711 down at=1150,391 clicks=1 hit=NodeView: responder=NodeView marked=false source=- key=true
1791686268.832787 up at=1150,391 clicks=1 hit=NodeView: responder=NodeView marked=false source=- key=true
1791686276.872926 down at=1026,300 clicks=1 hit=NodeView: responder=NodeView marked=false source=- key=true
1791686276.939636 up at=1026,300 clicks=1 hit=NodeView: responder=NodeView marked=false source=- key=true
