macos before fold.p20.before {"t":"p-20","y":302,"h":31}
macos before fold.plain.before {"t":"plain","y":34,"h":606,"sy":400}
macos before fold.p20.after {"t":"p-20","y":254,"h":31}
macos before fold.plain.after {"t":"plain","y":34,"h":606,"sy":400}
macos before fold.shift -48
macos before insert.p20.before {"t":"p-20","y":302,"h":31}
macos before insert.plain.before {"t":"plain","y":34,"h":606,"sy":400}
macos before insert.p20.after {"t":"p-20","y":507,"h":31}
macos before insert.plain.after {"t":"plain","y":34,"h":606,"sy":400}
macos before insert.shift 205
macos before top-insert.p20.before {"t":"p-20","y":702,"h":31}
macos before top-insert.plain.before {"t":"plain","y":34,"h":606,"sy":0}
macos before top-insert.p20.after {"t":"p-20","y":907,"h":31}
macos before top-insert.plain.after {"t":"plain","y":34,"h":606,"sy":0}
macos before top-insert.shift 205
macos after fold.p20.before {"t":"p-20","y":302,"h":31}
macos after fold.plain.before {"t":"plain","y":34,"h":606,"sy":400}
macos after fold.p20.after {"t":"p-20","y":302,"h":31}
macos after fold.plain.after {"t":"plain","y":34,"h":606,"sy":352}
macos after fold.shift 0
macos after insert.p20.before {"t":"p-20","y":302,"h":31}
macos after insert.plain.before {"t":"plain","y":34,"h":606,"sy":400}
macos after insert.p20.after {"t":"p-20","y":302,"h":31}
macos after insert.plain.after {"t":"plain","y":34,"h":606,"sy":605}
macos after insert.shift 0
macos after top-insert.p20.before {"t":"p-20","y":702,"h":31}
macos after top-insert.plain.before {"t":"plain","y":34,"h":606,"sy":0}
macos after top-insert.p20.after {"t":"p-20","y":907,"h":31}
macos after top-insert.plain.after {"t":"plain","y":34,"h":606,"sy":0}
macos after top-insert.shift 205
web chrome fold.p20.before {"t":"p-20","y":302,"h":31}
web chrome fold.plain.before {"t":"plain","y":34,"h":606,"sy":400}
web chrome fold.p20.after {"t":"p-20","y":302,"h":31}
web chrome fold.plain.after {"t":"plain","y":34,"h":606,"sy":352}
web chrome fold.shift 0
web chrome insert.p20.before {"t":"p-20","y":302,"h":31}
web chrome insert.plain.before {"t":"plain","y":34,"h":606,"sy":400}
web chrome insert.p20.after {"t":"p-20","y":302,"h":31}
web chrome insert.plain.after {"t":"plain","y":34,"h":606,"sy":605}
web chrome insert.shift 0
web chrome top-insert.p20.before {"t":"p-20","y":702,"h":31}
web chrome top-insert.plain.before {"t":"plain","y":34,"h":606,"sy":0}
web chrome top-insert.p20.after {"t":"p-20","y":907,"h":31}
web chrome top-insert.plain.after {"t":"plain","y":34,"h":606,"sy":0}
web chrome top-insert.shift 205
