    Blocking waiting for file lock on build directory
    Finished `test` profile [unoptimized + debuginfo] target(s) in 18.94s
     Running unittests src/lib.rs (target/debug/deps/calendar_data-9cd9c18a132d2b24)
     Running tests/persistence.rs (target/debug/deps/persistence-053fff20889ac695)
     Running unittests src/lib.rs (target/debug/deps/caltrain-b264fbcb61cd5710)
     Running tests/app.rs (target/debug/deps/app-672721da0444b224)
     Running unittests src/lib.rs (target/debug/deps/caltrain_data-b1189678e79718ab)
     Running unittests src/lib.rs (target/debug/deps/carousel_data-750a26b54093fce9)
     Running unittests src/lib.rs (target/debug/deps/completion_storm_data-759afa70e29f4fa6)
     Running tests/settlement.rs (target/debug/deps/settlement-9c54473b118d3125)
     Running unittests src/lib.rs (target/debug/deps/contract-d373638e9259d596)
     Running unittests src/main.rs (target/debug/deps/contract-4e21e0ff8c988df8)
     Running tests/it/main.rs (target/debug/deps/it-613c63829e7c5919)
     Running unittests src/lib.rs (target/debug/deps/contract_analyze-7c3e28fd44e1afd4)
     Running unittests src/lib.rs (target/debug/deps/contract_lower-1802fe72f2662b19)
     Running unittests src/lib.rs (target/debug/deps/contract_syntax-586175f92a9c97fd)
     Running tests/it/main.rs (target/debug/deps/it-5c6f9920ba4bc720)
     Running unittests src/lib.rs (target/debug/deps/contract_types-980548484c78e83e)
     Running unittests src/lib.rs (target/debug/deps/exact_apple-bb777bc61307bfa8)
     Running tests/it/main.rs (target/debug/deps/it-c00fdd5e8f477f7c)
     Running unittests src/lib.rs (target/debug/deps/exact_bake-cd0b12a8d111b9aa)
     Running unittests src/main.rs (target/debug/deps/exact_bake-9f92267181c52ae6)
     Running tests/cli.rs (target/debug/deps/cli-e211ac11d5799e56)
     Running unittests src/lib.rs (target/debug/deps/exact_canvas-a5cb93b8ae033681)
     Running tests/cases.rs (target/debug/deps/cases-6df8614891eb3be4)
     Running unittests src/lib.rs (target/debug/deps/exact_color-0b1dccb4ea375274)
     Running unittests src/lib.rs (target/debug/deps/exact_data-7f5277b9a0c3fc0d)
     Running unittests src/lib.rs (target/debug/deps/exact_filesystem-618470d7519a64ac)
     Running unittests src/main.rs (target/debug/deps/exact_filesystem-a41316ff11531f87)
     Running unittests src/lib.rs (target/debug/deps/exact_grants-98dd09e290b20d75)
     Running tests/parity.rs (target/debug/deps/parity-43846516d104d35b)
     Running unittests src/lib.rs (target/debug/deps/exact_js_value-797f07ed7160308a)
     Running tests/decode.rs (target/debug/deps/decode-665baf94ac4876bb)
     Running tests/json.rs (target/debug/deps/json-0b64ce3e48db67dc)
     Running unittests src/lib.rs (target/debug/deps/exact_kernel-a8f0a742b195ac12)
     Running tests/it/main.rs (target/debug/deps/it-ff54f055a6b6456b)
     Running unittests src/lib.rs (target/debug/deps/exact_live_data-e4a636acb6184201)
     Running tests/it/main.rs (target/debug/deps/it-82c3d6dd055f73b0)
     Running unittests src/lib.rs (target/debug/deps/exact_logic-c6099ad5f293baa3)
     Running unittests src/lib.rs (target/debug/deps/exact_logic_abi-c8458d7941982a1b)
     Running unittests src/lib.rs (target/debug/deps/exact_markdown-4818c5e87a7fd3a9)
     Running tests/markdown.rs (target/debug/deps/markdown-870af6f34ae9fc73)
     Running unittests src/lib.rs (target/debug/deps/exact_markdown_editor-6583617e10d71f17)
     Running tests/editor.rs (target/debug/deps/editor-1f580c8c6f1d411b)
     Running unittests src/lib.rs (target/debug/deps/exact_motion-b84975f88b977097)
     Running tests/it/main.rs (target/debug/deps/it-512232294860ab38)
     Running unittests src/lib.rs (target/debug/deps/exact_num-47549f0510c10303)
     Running unittests src/lib.rs (target/debug/deps/exact_plan-b1954e95d5b25bce)
     Running tests/format.rs (target/debug/deps/format-0cccc9168697c242)
     Running unittests src/lib.rs (target/debug/deps/exact_raster-865b88f45a1bd293)
     Running tests/ownership.rs (target/debug/deps/ownership-5938d28d00873345)
     Running unittests src/lib.rs (target/debug/deps/exact_route-e3135911aa2bd7bd)
     Running tests/corpus.rs (target/debug/deps/corpus-2179711023507e02)
     Running unittests src/lib.rs (target/debug/deps/exact_runner-45d46433bd9ef4cb)
     Running tests/it/main.rs (target/debug/deps/it-8292fd10020c88cf)
     Running tests/surface_record.rs (target/debug/deps/surface_record-12b84eb2ab00fa4e)
     Running unittests src/lib.rs (target/debug/deps/exact_svg_filter-e0bf3edeb12e7f00)
     Running unittests src/lib.rs (target/debug/deps/exact_svg_raster-0bfe9268453a1ecd)
     Running unittests src/lib.rs (target/debug/deps/exact_terminal-027ee873fbf357fb)
     Running unittests src/main.rs (target/debug/deps/exact_terminal-3e36a368b7f9e0cd)
     Running tests/cli.rs (target/debug/deps/cli-d9811cf8f0fb8b20)
     Running tests/screen.rs (target/debug/deps/screen-258d361981283ed1)
     Running tests/todo.rs (target/debug/deps/todo-bde67c6fbffc1e97)
     Running unittests src/lib.rs (target/debug/deps/exact_textflow-53eb1e25c4b61963)
     Running unittests src/bin/textflow-web.rs (target/debug/deps/textflow_web-57c96491f1afbdfb)
     Running tests/benchmark.rs (target/debug/deps/benchmark-f989ba9f65290ca7)
     Running tests/it/main.rs (target/debug/deps/it-c4e9c03029416a31)
     Running unittests src/lib.rs (target/debug/deps/exact_update-d1f83de33311b575)
     Running tests/it/main.rs (target/debug/deps/it-16822b8d3b108955)
     Running unittests src/lib.rs (target/debug/deps/exact_web-a538b0b1df834bae)
     Running unittests src/bin/exact-dev.rs (target/debug/deps/exact_dev-ed28e97e18ee934f)
     Running unittests src/bin/parity.rs (target/debug/deps/parity-b9ee6e5f884dc4f4)
     Running tests/it/main.rs (target/debug/deps/it-b2ccce415dbeb2a1)
     Running unittests src/lib.rs (target/debug/deps/exact_web_js_motion-9a9a1bc425b25d42)
     Running unittests src/lib.rs (target/debug/deps/fieldnotes_data-2eb6244a5026abc3)
     Running unittests src/lib.rs (target/debug/deps/interaction_gallery_data-c693c962858ed637)
     Running tests/it/main.rs (target/debug/deps/it-e30d9c71706a9885)
     Running unittests src/lib.rs (target/debug/deps/llp_data-04e1f50d4d8010aa)
     Running tests/corpus.rs (target/debug/deps/corpus-228ad2a117b28ffe)
     Running unittests src/lib.rs (target/debug/deps/markdown_data-aac6d8d5605b891d)
     Running unittests src/lib.rs (target/debug/deps/markdown_parse-526b04feb27db013)
     Running tests/it/main.rs (target/debug/deps/it-25d7a7389ad78ffd)
     Running unittests src/lib.rs (target/debug/deps/markdown_stress_data-57ff59fdb03d6b64)
     Running unittests src/bin/fixture.rs (target/debug/deps/fixture-6d91a0fed65b5c3c)
     Running unittests src/bin/parse-cost.rs (target/debug/deps/parse_cost-cc2a4b422ac2020a)
     Running tests/it/main.rs (target/debug/deps/it-998fba66b2e4d973)
     Running unittests src/lib.rs (target/debug/deps/motion_gallery_data-ef8fd6a6d895516c)
     Running unittests src/lib.rs (target/debug/deps/shared_elements_data-839fad76ca4294bb)
     Running unittests src/lib.rs (target/debug/deps/spark_data-dcf2a46d2e95221b)
     Running unittests src/lib.rs (target/debug/deps/sparkline_data-484cd1a0f4288774)
     Running unittests src/lib.rs (target/debug/deps/svg_gallery_data-1fed8405a224ca1e)
     Running unittests src/lib.rs (target/debug/deps/textflow_data-7f80e056e78afe91)
     Running unittests src/lib.rs (target/debug/deps/typetour_data-ebbef79afac8d1a1)
     Running unittests src/lib.rs (target/debug/deps/update_lab_data-0683d3aea616d8f4)
     Running unittests src/lib.rs (target/debug/deps/video_player_data-d4aaca620aacae6c)
