   Compiling unicode-ident v1.0.24
    Checking zeroize v1.9.0
    Checking exact-num v0.1.0 (/Users/daehyeonmun/orca/workspaces/exact2/fix-300-mounted-clamp/num)
    Checking subtle v2.6.1
    Checking typenum v1.20.1
    Checking cfg-if v1.0.4
    Checking itoa v1.0.18
    Checking const-oid v0.9.6
    Checking libc v0.2.189
   Compiling serde_core v1.0.229
   Compiling zmij v1.0.23
   Compiling cpufeatures v0.2.17
    Checking stable_deref_trait v1.2.1
    Checking libm v0.2.16
    Checking memchr v2.8.3
    Checking writeable v0.6.4
   Compiling proc-macro2 v1.0.107
    Checking smallvec v1.15.2
    Checking litemap v0.8.3
    Checking triomphe v0.1.16
    Checking arcstr v1.2.0
    Checking utf8_iter v1.0.4
    Checking arrayvec v0.7.8
    Checking unicode-linebreak v0.1.5
    Checking icu_normalizer_data v2.3.0
    Checking icu_properties_data v2.3.0
    Checking percent-encoding v2.3.2
    Checking dtoa v1.0.11
    Checking exact-svg-filter v0.1.0 (/Users/daehyeonmun/orca/workspaces/exact2/fix-300-mounted-clamp/svg-filter)
    Checking slotmap v1.1.1
    Checking contract-syntax v0.1.0 (/Users/daehyeonmun/orca/workspaces/exact2/fix-300-mounted-clamp/contract/syntax)
    Checking icu_locale_fallback_data v2.3.0
    Checking icu_locale_data v2.3.0
    Checking exact-color v0.1.0 (/Users/daehyeonmun/orca/workspaces/exact2/fix-300-mounted-clamp/color)
    Checking exact-textflow v0.1.0 (/Users/daehyeonmun/orca/workspaces/exact2/fix-300-mounted-clamp/textflow)
    Checking rand_core v0.6.4
    Checking form_urlencoded v1.2.2
    Checking bitflags v2.13.1
    Checking dtoa-short v0.3.5
    Checking log v0.4.34
    Checking base64 v0.22.1
    Checking unicode-width v0.2.2
    Checking once_cell v1.21.4
    Checking foldhash v0.2.0
    Checking cssparser v0.37.0
   Compiling quote v1.0.47
    Checking ff v0.13.1
    Checking hashbrown v0.17.1
    Checking der v0.7.10
    Checking base16ct v0.2.0
    Checking group v0.13.0
    Checking generic-array v0.14.7
    Checking getrandom v0.3.4
    Checking equivalent v1.0.2
   Compiling syn v3.0.4
   Compiling syn v2.0.119
    Checking rustc-hash v1.1.0
    Checking bit-vec v0.9.1
    Checking codespan-reporting v0.13.1
    Checking rustls-pki-types v1.15.1
    Checking simd-adler32 v0.3.10
    Checking getrandom v0.2.17
    Checking exact-markdown v0.1.0 (/Users/daehyeonmun/orca/workspaces/exact2/fix-300-mounted-clamp/markdown)
    Checking adler2 v2.0.1
    Checking bit-set v0.10.0
    Checking core-foundation-sys v0.8.7
    Checking taffy v0.14.0 (/Users/daehyeonmun/orca/workspaces/exact2/fix-300-mounted-clamp/vendor/taffy)
    Checking untrusted v0.9.0
    Checking bytes v1.12.1
    Checking httparse v1.10.1
    Checking crc32fast v1.5.1
    Checking ring v0.17.14
    Checking security-framework-sys v2.17.0
    Checking exact-motion v0.1.0 (/Users/daehyeonmun/orca/workspaces/exact2/fix-300-mounted-clamp/motion)
    Checking num-traits v0.2.19
    Checking core-foundation v0.9.4
    Checking miniz_oxide v0.9.1
   Compiling vte_generate_state_changes v0.1.2
    Checking indexmap v2.14.1
   Compiling crypto-common v0.1.7
   Compiling block-buffer v0.10.4
   Compiling digest v0.10.7
    Checking crypto-bigint v0.5.5
    Checking http v1.5.0
    Checking sec1 v0.7.3
   Compiling sha2 v0.10.9
    Checking base64 v0.23.1
    Checking utf8parse v0.2.2
    Checking flate2 v1.1.10
    Checking signature v2.2.0
    Checking hmac v0.12.1
    Checking curve25519-dalek v4.1.3
    Checking ed25519 v2.2.3
    Checking vte v0.11.1
    Checking security-framework v2.11.1
    Checking rfc6979 v0.4.0
    Checking rustls-pemfile v2.2.0
    Checking webpki-roots v1.0.9
    Checking miniz_oxide v0.8.9
    Checking fdeflate v0.3.7
    Checking errno v0.3.14
    Checking utf8-zero v0.8.1
    Checking unicode-width v0.1.14
    Checking rustix v1.1.4
    Checking socket2 v0.6.5
    Checking vte v0.15.0
    Checking unicode-segmentation v1.13.3
    Checking ed25519-dalek v2.2.0
    Checking libsqlite3-sys v0.38.2
    Checking hashlink v0.12.1
    Checking fallible-iterator v0.3.0
    Checking ureq-proto v0.6.4
    Checking fallible-streaming-iterator v0.1.9
    Checking wasmi_core v2.0.0
    Checking serde_json v1.0.151
    Checking png v0.18.1
    Checking exact-canvas v0.1.0 (/Users/daehyeonmun/orca/workspaces/exact2/fix-300-mounted-clamp/canvas)
    Checking leb128fmt v0.1.0
    Checking rustls-webpki v0.103.15
    Checking exact-raster v0.1.0 (/Users/daehyeonmun/orca/workspaces/exact2/fix-300-mounted-clamp/host/raster)
    Checking wasmparser v0.228.0
    Checking wasm-encoder v0.259.0
    Checking rusqlite v0.40.2
    Checking rustls-native-certs v0.7.3
    Checking elliptic-curve v0.13.8
    Checking wasmi_ir v2.0.0
   Compiling exact-logic v0.1.0 (/Users/daehyeonmun/orca/workspaces/exact2/fix-300-mounted-clamp/logic)
    Checking wasmi_collections v2.0.0
    Checking primeorder v0.13.6
    Checking ecdsa v0.16.9
    Checking rustls v0.23.45
    Checking bumpalo v3.20.3
    Checking vt100 v0.15.2
    Checking spin v0.9.9
    Checking libloading v0.8.9
    Checking exact-markdown-editor v0.1.0 (/Users/daehyeonmun/orca/workspaces/exact2/fix-300-mounted-clamp/markdown/editor)
    Checking exact-web-js-motion v0.1.0 (/Users/daehyeonmun/orca/workspaces/exact2/fix-300-mounted-clamp/host/web-js/motion)
    Checking exact-filesystem v0.1.0 (/Users/daehyeonmun/orca/workspaces/exact2/fix-300-mounted-clamp/filesystem)
    Checking p256 v0.13.2
    Checking exact-update v0.1.0 (/Users/daehyeonmun/orca/workspaces/exact2/fix-300-mounted-clamp/update)
    Checking wast v259.0.0
    Checking exact-svg-raster v0.1.0 (/Users/daehyeonmun/orca/workspaces/exact2/fix-300-mounted-clamp/host/svg-raster)
   Compiling serde_derive v1.0.229
   Compiling zerovec-derive v0.11.6
   Compiling displaydoc v0.2.7
   Compiling thiserror-impl v2.0.20
   Compiling contract-lower v0.1.0 (/Users/daehyeonmun/orca/workspaces/exact2/fix-300-mounted-clamp/contract/lower)
    Checking thiserror v2.0.20
   Compiling synstructure v0.13.2
    Checking naga-types v30.0.1
   Compiling zerofrom-derive v0.1.7
   Compiling yoke-derive v0.8.2
   Compiling zerocopy-derive v0.8.56
    Checking wasmi v2.0.0
    Checking ureq v3.4.0
    Checking zerofrom v0.1.8
   Compiling serde v1.0.229
    Checking zerocopy v0.8.56
    Checking yoke v0.8.3
    Checking wat v1.259.0
    Checking exact-route v0.1.0 (/Users/daehyeonmun/orca/workspaces/exact2/fix-300-mounted-clamp/route)
   Compiling exact-plan v0.1.0 (/Users/daehyeonmun/orca/workspaces/exact2/fix-300-mounted-clamp/plan)
   Compiling exact-kernel v0.1.0 (/Users/daehyeonmun/orca/workspaces/exact2/fix-300-mounted-clamp/kernel)
    Checking half v2.7.1
    Checking naga v30.0.1
    Checking zerovec v0.11.8
    Checking zerotrie v0.2.5
    Checking contract-types v0.1.0 (/Users/daehyeonmun/orca/workspaces/exact2/fix-300-mounted-clamp/contract/types)
    Checking markdown-parse v0.1.0 (/Users/daehyeonmun/orca/workspaces/exact2/fix-300-mounted-clamp/apps/markdown/parse)
    Checking exact-js-value v0.1.0 (/Users/daehyeonmun/orca/workspaces/exact2/fix-300-mounted-clamp/js/value)
    Checking tinystr v0.8.4
    Checking potential_utf v0.1.6
    Checking icu_collections v2.3.0
    Checking icu_locale_core v2.3.0
    Checking contract-analyze v0.1.0 (/Users/daehyeonmun/orca/workspaces/exact2/fix-300-mounted-clamp/contract/analyze)
    Checking icu_provider v2.3.1
    Checking icu_properties v2.3.0
    Checking icu_normalizer v2.3.0
    Checking icu_locale_fallback v2.3.0
    Checking icu_locale v2.3.0
    Checking exact-gpu-reflect v0.1.0 (/Users/daehyeonmun/orca/workspaces/exact2/fix-300-mounted-clamp/gpu/reflect)
    Checking idna_adapter v1.2.2
    Checking idna v1.1.0
    Checking url v2.5.8
    Checking exact-grants v0.1.0 (/Users/daehyeonmun/orca/workspaces/exact2/fix-300-mounted-clamp/grants)
    Checking ibex2 v0.1.0 (/Users/daehyeonmun/orca/workspaces/exact2/fix-300-mounted-clamp/vendor/ibex/crates/ibex2)
    Checking exact-runner v0.1.0 (/Users/daehyeonmun/orca/workspaces/exact2/fix-300-mounted-clamp/runner)
    Checking ibex2-sqlite v0.1.0 (/Users/daehyeonmun/orca/workspaces/exact2/fix-300-mounted-clamp/vendor/ibex/crates/ibex2-sqlite)
    Checking contract v0.1.0 (/Users/daehyeonmun/orca/workspaces/exact2/fix-300-mounted-clamp/contract/cli)
    Checking exact-data v0.1.0 (/Users/daehyeonmun/orca/workspaces/exact2/fix-300-mounted-clamp/data)
    Checking caltrain-data v0.1.0 (/Users/daehyeonmun/orca/workspaces/exact2/fix-300-mounted-clamp/apps/caltrain/data)
    Checking markdown-stress-data v0.1.0 (/Users/daehyeonmun/orca/workspaces/exact2/fix-300-mounted-clamp/apps/markdown-stress/data)
    Checking exact-web-geometry v0.1.0 (/Users/daehyeonmun/orca/workspaces/exact2/fix-300-mounted-clamp/host/web-geometry)
    Checking completion-storm-data v0.1.0 (/Users/daehyeonmun/orca/workspaces/exact2/fix-300-mounted-clamp/apps/completion-storm/data)
    Checking interaction-gallery-data v0.1.0 (/Users/daehyeonmun/orca/workspaces/exact2/fix-300-mounted-clamp/apps/interaction-gallery/data)
    Checking messages-stress-data v0.1.0 (/Users/daehyeonmun/orca/workspaces/exact2/fix-300-mounted-clamp/apps/messages-stress/data)
    Checking exact-logic-abi v0.1.0 (/Users/daehyeonmun/orca/workspaces/exact2/fix-300-mounted-clamp/logic/abi)
    Checking llp-data v0.1.0 (/Users/daehyeonmun/orca/workspaces/exact2/fix-300-mounted-clamp/apps/llp/data)
    Checking spark-data v0.1.0 (/Users/daehyeonmun/orca/workspaces/exact2/fix-300-mounted-clamp/apps/spark/data)
    Checking svg-gallery-data v0.1.0 (/Users/daehyeonmun/orca/workspaces/exact2/fix-300-mounted-clamp/apps/svg-gallery/data)
    Checking shared-elements-data v0.1.0 (/Users/daehyeonmun/orca/workspaces/exact2/fix-300-mounted-clamp/apps/shared-elements/data)
    Checking sparkline-data v0.1.0 (/Users/daehyeonmun/orca/workspaces/exact2/fix-300-mounted-clamp/apps/sparkline/data)
    Checking typetour-data v0.1.0 (/Users/daehyeonmun/orca/workspaces/exact2/fix-300-mounted-clamp/apps/typetour/data)
    Checking carousel-data v0.1.0 (/Users/daehyeonmun/orca/workspaces/exact2/fix-300-mounted-clamp/apps/carousel/data)
    Checking video-player-data v0.1.0 (/Users/daehyeonmun/orca/workspaces/exact2/fix-300-mounted-clamp/apps/video-player/data)
    Checking motion-gallery-data v0.1.0 (/Users/daehyeonmun/orca/workspaces/exact2/fix-300-mounted-clamp/apps/motion-gallery/data)
    Checking textflow-data v0.1.0 (/Users/daehyeonmun/orca/workspaces/exact2/fix-300-mounted-clamp/apps/textflow/data)
    Checking exact-live-data v0.1.0 (/Users/daehyeonmun/orca/workspaces/exact2/fix-300-mounted-clamp/apps/exact-live/data)
    Checking exact-data-host v0.1.0 (/Users/daehyeonmun/orca/workspaces/exact2/fix-300-mounted-clamp/data/host)
    Checking exact-apple v0.1.0 (/Users/daehyeonmun/orca/workspaces/exact2/fix-300-mounted-clamp/host/apple)
    Checking calendar-data v0.1.0 (/Users/daehyeonmun/orca/workspaces/exact2/fix-300-mounted-clamp/examples/calendar/data)
    Checking markdown-data v0.1.0 (/Users/daehyeonmun/orca/workspaces/exact2/fix-300-mounted-clamp/apps/markdown/data)
    Checking fieldnotes-data v0.1.0 (/Users/daehyeonmun/orca/workspaces/exact2/fix-300-mounted-clamp/apps/fieldnotes/data)
    Checking update-lab-data v0.1.0 (/Users/daehyeonmun/orca/workspaces/exact2/fix-300-mounted-clamp/apps/update-lab/data)
    Checking exact-bake v0.1.0 (/Users/daehyeonmun/orca/workspaces/exact2/fix-300-mounted-clamp/bake)
    Checking caltrain v0.1.0 (/Users/daehyeonmun/orca/workspaces/exact2/fix-300-mounted-clamp/apps/caltrain)
    Checking exact-terminal v0.1.0 (/Users/daehyeonmun/orca/workspaces/exact2/fix-300-mounted-clamp/host/terminal)
    Checking exact-web v0.1.0 (/Users/daehyeonmun/orca/workspaces/exact2/fix-300-mounted-clamp/host/web)
    Checking exact-web-capabilities v0.1.0 (/Users/daehyeonmun/orca/workspaces/exact2/fix-300-mounted-clamp/host/web-capabilities)
    Finished `dev` profile [unoptimized + debuginfo] target(s) in 31.43s
