Test Suite 'Selected tests' started at 2026-10-08 16:07:59.151.
Test Suite 'ExactKitTests.xctest' started at 2026-10-08 16:07:59.152.
Test Suite 'TextMetricsTests' started at 2026-10-08 16:07:59.152.
Test Case '-[ExactKitTests.TextMetricsTests testBatchPaintsVisibleTextButDefersOffscreenPreparation]' started.
Test Case '-[ExactKitTests.TextMetricsTests testBatchPaintsVisibleTextButDefersOffscreenPreparation]' passed (0.130 seconds).
Test Case '-[ExactKitTests.TextMetricsTests testDenseInlineCountsDoNotCreateNativeViews]' started.
Test Case '-[ExactKitTests.TextMetricsTests testDenseInlineCountsDoNotCreateNativeViews]' passed (0.598 seconds).
Test Case '-[ExactKitTests.TextMetricsTests testDenseMeasureSourcePreservesUTF16SpansAndAttributes]' started.
Test Case '-[ExactKitTests.TextMetricsTests testDenseMeasureSourcePreservesUTF16SpansAndAttributes]' passed (0.019 seconds).
Test Case '-[ExactKitTests.TextMetricsTests testFailedRasterDrawsAndStopsRetryingUntilInvalidated]' started.
Test Case '-[ExactKitTests.TextMetricsTests testFailedRasterDrawsAndStopsRetryingUntilInvalidated]' passed (0.011 seconds).
Test Case '-[ExactKitTests.TextMetricsTests testFlowChangesRetireOrdinaryRasterAndRejectItsLateWorker]' started.
Test Case '-[ExactKitTests.TextMetricsTests testFlowChangesRetireOrdinaryRasterAndRejectItsLateWorker]' passed (0.011 seconds).
Test Case '-[ExactKitTests.TextMetricsTests testFractionalInlineMetricsReuseKernelMeasuredBreaks]' started.
Test Case '-[ExactKitTests.TextMetricsTests testFractionalInlineMetricsReuseKernelMeasuredBreaks]' passed (0.004 seconds).
Test Case '-[ExactKitTests.TextMetricsTests testInlineOwnerTransferDoesNotEraseTheNewOwner]' started.
Test Case '-[ExactKitTests.TextMetricsTests testInlineOwnerTransferDoesNotEraseTheNewOwner]' passed (0.001 seconds).
Test Case '-[ExactKitTests.TextMetricsTests testInlineRangesEventsAppearanceAndMetricReuse]' started.
Test Case '-[ExactKitTests.TextMetricsTests testInlineRangesEventsAppearanceAndMetricReuse]' passed (0.010 seconds).
Test Case '-[ExactKitTests.TextMetricsTests testLateRasterKeepsUrgentPixelsButChangedKeyStillPublishes]' started.
Test Case '-[ExactKitTests.TextMetricsTests testLateRasterKeepsUrgentPixelsButChangedKeyStillPublishes]' passed (0.001 seconds).
Test Case '-[ExactKitTests.TextMetricsTests testLineReuseDoesNotRetainAnAcceptedParagraph]' started.
Test Case '-[ExactKitTests.TextMetricsTests testLineReuseDoesNotRetainAnAcceptedParagraph]' passed (0.001 seconds).
Test Case '-[ExactKitTests.TextMetricsTests testManyInlineLineBoxesMatchTheirIndependentLines]' started.
Test Case '-[ExactKitTests.TextMetricsTests testManyInlineLineBoxesMatchTheirIndependentLines]' passed (0.021 seconds).
Test Case '-[ExactKitTests.TextMetricsTests testOffscreenResizeRetiresTheRasterItsLayerWouldStretch]' started.
Test Case '-[ExactKitTests.TextMetricsTests testOffscreenResizeRetiresTheRasterItsLayerWouldStretch]' passed (0.021 seconds).
Test Case '-[ExactKitTests.TextMetricsTests testParagraphTallerThanAScreenDrawsOnlyItsVisibleStrips]' started.
Test Case '-[ExactKitTests.TextMetricsTests testParagraphTallerThanAScreenDrawsOnlyItsVisibleStrips]' passed (0.014 seconds).
Test Case '-[ExactKitTests.TextMetricsTests testRasterPreservesDescendersOutsideTightLineBox]' started.
Test Case '-[ExactKitTests.TextMetricsTests testRasterPreservesDescendersOutsideTightLineBox]' passed (0.024 seconds).
Test Case '-[ExactKitTests.TextMetricsTests testRasterShapesReuseOnlyExactPaintAndRespectColdBudget]' started.
Test Case '-[ExactKitTests.TextMetricsTests testRasterShapesReuseOnlyExactPaintAndRespectColdBudget]' passed (0.033 seconds).
Test Case '-[ExactKitTests.TextMetricsTests testReaderBandsLeadTravelAndRefillBeforeExposureWithinPixelBudget]' started.
Test Case '-[ExactKitTests.TextMetricsTests testReaderBandsLeadTravelAndRefillBeforeExposureWithinPixelBudget]' passed (0.000 seconds).
Test Case '-[ExactKitTests.TextMetricsTests testReaderRetainsAcceptedPixelsAndPublishesWhileScrollDemandMoves]' started.
exact: not booted
Test Case '-[ExactKitTests.TextMetricsTests testReaderRetainsAcceptedPixelsAndPublishesWhileScrollDemandMoves]' passed (0.143 seconds).
Test Case '-[ExactKitTests.TextMetricsTests testReaderTravelPreservesSpeedAcrossDrawsAndReversesImmediately]' started.
Test Case '-[ExactKitTests.TextMetricsTests testReaderTravelPreservesSpeedAcrossDrawsAndReversesImmediately]' passed (0.000 seconds).
Test Case '-[ExactKitTests.TextMetricsTests testRestDropsDeadLookupMetadataAndKeepsWhatAnswers]' started.
Test Case '-[ExactKitTests.TextMetricsTests testRestDropsDeadLookupMetadataAndKeepsWhatAnswers]' passed (0.604 seconds).
Test Case '-[ExactKitTests.TextMetricsTests testRtlDirectionIsTheParagraphBaseDirection]' started.
Test Case '-[ExactKitTests.TextMetricsTests testRtlDirectionIsTheParagraphBaseDirection]' passed (0.001 seconds).
Test Case '-[ExactKitTests.TextMetricsTests testShapedTextBeyondTwoScreensLeavesAnswersThatNeedNoTypesetting]' started.
Test Case '-[ExactKitTests.TextMetricsTests testShapedTextBeyondTwoScreensLeavesAnswersThatNeedNoTypesetting]' passed (0.095 seconds).
Test Case '-[ExactKitTests.TextMetricsTests testSharedLineBreakerReleasesParagraphInputAfterEachCall]' started.
Test Case '-[ExactKitTests.TextMetricsTests testSharedLineBreakerReleasesParagraphInputAfterEachCall]' passed (0.009 seconds).
Test Case '-[ExactKitTests.TextMetricsTests testTextTooSmallToRepayASurfaceDrawsInItsLayer]' started.
Test Case '-[ExactKitTests.TextMetricsTests testTextTooSmallToRepayASurfaceDrawsInItsLayer]' passed (0.010 seconds).
Test Case '-[ExactKitTests.TextMetricsTests testTypedBatchKeepsRunStylesAndInvalidatesOnlyWhenTextChanges]' started.
Test Case '-[ExactKitTests.TextMetricsTests testTypedBatchKeepsRunStylesAndInvalidatesOnlyWhenTextChanges]' passed (0.003 seconds).
Test Case '-[ExactKitTests.TextMetricsTests testUnbreakableLineRasterIsBoundedAndContainsVisibleInk]' started.
Test Case '-[ExactKitTests.TextMetricsTests testUnbreakableLineRasterIsBoundedAndContainsVisibleInk]' passed (0.026 seconds).
Test Case '-[ExactKitTests.TextMetricsTests testUrgentLinesMatchFreshWorkerPixels]' started.
exact: not booted
exact: not booted
Test Case '-[ExactKitTests.TextMetricsTests testUrgentLinesMatchFreshWorkerPixels]' passed (0.480 seconds).
Test Case '-[ExactKitTests.TextMetricsTests testVisibleResizePublishesWorkersTogetherOrDrawsCurrentStripsAndRejectsOldWidth]' started.
exact: not booted
Test Case '-[ExactKitTests.TextMetricsTests testVisibleResizePublishesWorkersTogetherOrDrawsCurrentStripsAndRejectsOldWidth]' passed (1.047 seconds).
Test Case '-[ExactKitTests.TextMetricsTests testWidthChangesReuseUnchangedLinesWithoutReusingPaintOrEllipses]' started.
Test Case '-[ExactKitTests.TextMetricsTests testWidthChangesReuseUnchangedLinesWithoutReusingPaintOrEllipses]' passed (0.001 seconds).
Test Case '-[ExactKitTests.TextMetricsTests testWidthRetirementDoesNotWalkSavedScalarMeasurements]' started.
Test Case '-[ExactKitTests.TextMetricsTests testWidthRetirementDoesNotWalkSavedScalarMeasurements]' passed (0.006 seconds).
Test Case '-[ExactKitTests.TextMetricsTests testWorkerPublicationDefersOnlyOffscreenCurrentPixels]' started.
Test Case '-[ExactKitTests.TextMetricsTests testWorkerPublicationDefersOnlyOffscreenCurrentPixels]' passed (0.010 seconds).
Test Suite 'TextMetricsTests' passed at 2026-10-08 16:08:02.492.
	 Executed 30 tests, with 0 failures (0 unexpected) in 3.336 (3.340) seconds
Test Suite 'TextPaintTests' started at 2026-10-08 16:08:02.492.
Test Case '-[ExactKitTests.TextPaintTests testABandAdmitsARunShadowCastSidewaysPastItsClip]' started.
Test Case '-[ExactKitTests.TextPaintTests testABandAdmitsARunShadowCastSidewaysPastItsClip]' passed (0.002 seconds).
Test Case '-[ExactKitTests.TextPaintTests testAClampedParagraphRastersFromItsGeometryAsLayoutPaintsIt]' started.
Test Case '-[ExactKitTests.TextPaintTests testAClampedParagraphRastersFromItsGeometryAsLayoutPaintsIt]' passed (0.005 seconds).
Test Case '-[ExactKitTests.TextPaintTests testAnInlineBackgroundCoversEachLineFragmentOfItsRun]' started.
Test Case '-[ExactKitTests.TextPaintTests testAnInlineBackgroundCoversEachLineFragmentOfItsRun]' passed (0.002 seconds).
Test Case '-[ExactKitTests.TextPaintTests testAnInlineRowCarriesItsLightAndDarkBackground]' started.
Test Case '-[ExactKitTests.TextPaintTests testAnInlineRowCarriesItsLightAndDarkBackground]' passed (0.000 seconds).
Test Case '-[ExactKitTests.TextPaintTests testARunShadowFarPastTheBoxStaysInTheRasterUpToItsCap]' started.
Test Case '-[ExactKitTests.TextPaintTests testARunShadowFarPastTheBoxStaysInTheRasterUpToItsCap]' passed (0.007 seconds).
Test Case '-[ExactKitTests.TextPaintTests testAWideColouredParagraphRastersInDisplayP3]' started.
Test Case '-[ExactKitTests.TextPaintTests testAWideColouredParagraphRastersInDisplayP3]' passed (0.002 seconds).
Test Case '-[ExactKitTests.TextPaintTests testBackgroundIsPaintNotMetrics]' started.
Test Case '-[ExactKitTests.TextPaintTests testBackgroundIsPaintNotMetrics]' passed (0.000 seconds).
Test Case '-[ExactKitTests.TextPaintTests testEachRunCarriesItsOwnShadowAndStroke]' started.
Test Case '-[ExactKitTests.TextPaintTests testEachRunCarriesItsOwnShadowAndStroke]' passed (0.001 seconds).
Test Case '-[ExactKitTests.TextPaintTests testFallbackGlyphOffsetsPaintInsideTheMeasuredLineBox]' started.
Test Case '-[ExactKitTests.TextPaintTests testFallbackGlyphOffsetsPaintInsideTheMeasuredLineBox]' passed (0.006 seconds).
Test Suite 'TextPaintTests' passed at 2026-10-08 16:08:02.519.
	 Executed 9 tests, with 0 failures (0 unexpected) in 0.026 (0.026) seconds
Test Suite 'ExactKitTests.xctest' passed at 2026-10-08 16:08:02.519.
	 Executed 39 tests, with 0 failures (0 unexpected) in 3.361 (3.366) seconds
Test Suite 'Selected tests' passed at 2026-10-08 16:08:02.519.
	 Executed 39 tests, with 0 failures (0 unexpected) in 3.361 (3.368) seconds
scalar-width-history=10 retirement-visits=0
scalar-width-history=100 retirement-visits=0
scalar-width-history=1000 retirement-visits=0
